Archive member included to satisfy reference by file (symbol)

C:/ST/STM32CubeIDE_1.17.0/STM32CubeIDE/plugins/com.st.stm32cube.ide.mcu.externaltools.gnu-tools-for-stm32.12.3.rel1.win32_1.1.0.202410251130/tools/bin/../lib/gcc/arm-none-eabi/12.3.1/../../../../arm-none-eabi/lib/thumb/v7e-m+dp/hard\libc_nano.a(libc_a-exit.o)
                              C:/ST/STM32CubeIDE_1.17.0/STM32CubeIDE/plugins/com.st.stm32cube.ide.mcu.externaltools.gnu-tools-for-stm32.12.3.rel1.win32_1.1.0.202410251130/tools/bin/../lib/gcc/arm-none-eabi/12.3.1/../../../../arm-none-eabi/lib/thumb/v7e-m+dp/hard/crt0.o (exit)
C:/ST/STM32CubeIDE_1.17.0/STM32CubeIDE/plugins/com.st.stm32cube.ide.mcu.externaltools.gnu-tools-for-stm32.12.3.rel1.win32_1.1.0.202410251130/tools/bin/../lib/gcc/arm-none-eabi/12.3.1/../../../../arm-none-eabi/lib/thumb/v7e-m+dp/hard\libc_nano.a(libc_a-malloc.o)
                              ./Core/Src/main.o (malloc)
C:/ST/STM32CubeIDE_1.17.0/STM32CubeIDE/plugins/com.st.stm32cube.ide.mcu.externaltools.gnu-tools-for-stm32.12.3.rel1.win32_1.1.0.202410251130/tools/bin/../lib/gcc/arm-none-eabi/12.3.1/../../../../arm-none-eabi/lib/thumb/v7e-m+dp/hard\libc_nano.a(libc_a-mallocr.o)
                              C:/ST/STM32CubeIDE_1.17.0/STM32CubeIDE/plugins/com.st.stm32cube.ide.mcu.externaltools.gnu-tools-for-stm32.12.3.rel1.win32_1.1.0.202410251130/tools/bin/../lib/gcc/arm-none-eabi/12.3.1/../../../../arm-none-eabi/lib/thumb/v7e-m+dp/hard\libc_nano.a(libc_a-malloc.o) (_malloc_r)
C:/ST/STM32CubeIDE_1.17.0/STM32CubeIDE/plugins/com.st.stm32cube.ide.mcu.externaltools.gnu-tools-for-stm32.12.3.rel1.win32_1.1.0.202410251130/tools/bin/../lib/gcc/arm-none-eabi/12.3.1/../../../../arm-none-eabi/lib/thumb/v7e-m+dp/hard\libc_nano.a(libc_a-mlock.o)
                              C:/ST/STM32CubeIDE_1.17.0/STM32CubeIDE/plugins/com.st.stm32cube.ide.mcu.externaltools.gnu-tools-for-stm32.12.3.rel1.win32_1.1.0.202410251130/tools/bin/../lib/gcc/arm-none-eabi/12.3.1/../../../../arm-none-eabi/lib/thumb/v7e-m+dp/hard\libc_nano.a(libc_a-mallocr.o) (__malloc_lock)
C:/ST/STM32CubeIDE_1.17.0/STM32CubeIDE/plugins/com.st.stm32cube.ide.mcu.externaltools.gnu-tools-for-stm32.12.3.rel1.win32_1.1.0.202410251130/tools/bin/../lib/gcc/arm-none-eabi/12.3.1/../../../../arm-none-eabi/lib/thumb/v7e-m+dp/hard\libc_nano.a(libc_a-findfp.o)
                              C:/ST/STM32CubeIDE_1.17.0/STM32CubeIDE/plugins/com.st.stm32cube.ide.mcu.externaltools.gnu-tools-for-stm32.12.3.rel1.win32_1.1.0.202410251130/tools/bin/../lib/gcc/arm-none-eabi/12.3.1/../../../../arm-none-eabi/lib/thumb/v7e-m+dp/hard\libc_nano.a(libc_a-exit.o) (__stdio_exit_handler)
C:/ST/STM32CubeIDE_1.17.0/STM32CubeIDE/plugins/com.st.stm32cube.ide.mcu.externaltools.gnu-tools-for-stm32.12.3.rel1.win32_1.1.0.202410251130/tools/bin/../lib/gcc/arm-none-eabi/12.3.1/../../../../arm-none-eabi/lib/thumb/v7e-m+dp/hard\libc_nano.a(libc_a-fwalk.o)
                              C:/ST/STM32CubeIDE_1.17.0/STM32CubeIDE/plugins/com.st.stm32cube.ide.mcu.externaltools.gnu-tools-for-stm32.12.3.rel1.win32_1.1.0.202410251130/tools/bin/../lib/gcc/arm-none-eabi/12.3.1/../../../../arm-none-eabi/lib/thumb/v7e-m+dp/hard\libc_nano.a(libc_a-findfp.o) (_fwalk_sglue)
C:/ST/STM32CubeIDE_1.17.0/STM32CubeIDE/plugins/com.st.stm32cube.ide.mcu.externaltools.gnu-tools-for-stm32.12.3.rel1.win32_1.1.0.202410251130/tools/bin/../lib/gcc/arm-none-eabi/12.3.1/../../../../arm-none-eabi/lib/thumb/v7e-m+dp/hard\libc_nano.a(libc_a-stdio.o)
                              C:/ST/STM32CubeIDE_1.17.0/STM32CubeIDE/plugins/com.st.stm32cube.ide.mcu.externaltools.gnu-tools-for-stm32.12.3.rel1.win32_1.1.0.202410251130/tools/bin/../lib/gcc/arm-none-eabi/12.3.1/../../../../arm-none-eabi/lib/thumb/v7e-m+dp/hard\libc_nano.a(libc_a-findfp.o) (__sread)
C:/ST/STM32CubeIDE_1.17.0/STM32CubeIDE/plugins/com.st.stm32cube.ide.mcu.externaltools.gnu-tools-for-stm32.12.3.rel1.win32_1.1.0.202410251130/tools/bin/../lib/gcc/arm-none-eabi/12.3.1/../../../../arm-none-eabi/lib/thumb/v7e-m+dp/hard\libc_nano.a(libc_a-memset.o)
                              C:/ST/STM32CubeIDE_1.17.0/STM32CubeIDE/plugins/com.st.stm32cube.ide.mcu.externaltools.gnu-tools-for-stm32.12.3.rel1.win32_1.1.0.202410251130/tools/bin/../lib/gcc/arm-none-eabi/12.3.1/../../../../arm-none-eabi/lib/thumb/v7e-m+dp/hard/crt0.o (memset)
C:/ST/STM32CubeIDE_1.17.0/STM32CubeIDE/plugins/com.st.stm32cube.ide.mcu.externaltools.gnu-tools-for-stm32.12.3.rel1.win32_1.1.0.202410251130/tools/bin/../lib/gcc/arm-none-eabi/12.3.1/../../../../arm-none-eabi/lib/thumb/v7e-m+dp/hard\libc_nano.a(libc_a-closer.o)
                              C:/ST/STM32CubeIDE_1.17.0/STM32CubeIDE/plugins/com.st.stm32cube.ide.mcu.externaltools.gnu-tools-for-stm32.12.3.rel1.win32_1.1.0.202410251130/tools/bin/../lib/gcc/arm-none-eabi/12.3.1/../../../../arm-none-eabi/lib/thumb/v7e-m+dp/hard\libc_nano.a(libc_a-stdio.o) (_close_r)
[...]
Memory Configuration

Name             Origin             Length             Attributes
FLASH            0x08000000         0x00020000         xr
DTCMRAM          0x20000000         0x00020000         xrw
RAM_D1           0x24000000         0x00080000         xrw
RAM_D2           0x30000000         0x00048000         xrw
RAM_D3           0x38000000         0x00010000         xrw
ITCMRAM          0x00000000         0x00010000         xrw
*default*        0x00000000         0xffffffff

Linker script and memory map

LOAD C:/ST/STM32CubeIDE_1.17.0/STM32CubeIDE/plugins/com.st.stm32cube.ide.mcu.externaltools.gnu-tools-for-stm32.12.3.rel1.win32_1.1.0.202410251130/tools/bin/../lib/gcc/arm-none-eabi/12.3.1/thumb/v7e-m+dp/hard/crti.o
LOAD C:/ST/STM32CubeIDE_1.17.0/STM32CubeIDE/plugins/com.st.stm32cube.ide.mcu.externaltools.gnu-tools-for-stm32.12.3.rel1.win32_1.1.0.202410251130/tools/bin/../lib/gcc/arm-none-eabi/12.3.1/thumb/v7e-m+dp/hard/crtbegin.o
LOAD C:/ST/STM32CubeIDE_1.17.0/STM32CubeIDE/plugins/com.st.stm32cube.ide.mcu.externaltools.gnu-tools-for-stm32.12.3.rel1.win32_1.1.0.202410251130/tools/bin/../lib/gcc/arm-none-eabi/12.3.1/../../../../arm-none-eabi/lib/thumb/v7e-m+dp/hard/crt0.o
LOAD ./Core/Src/lan8742.o
LOAD ./Core/Src/main.o
LOAD ./Core/Src/stm32h7xx_hal_msp.o
LOAD ./Core/Src/stm32h7xx_it.o
LOAD ./Core/Src/syscalls.o
LOAD ./Core/Src/sysmem.o
LOAD ./Core/Src/system_stm32h7xx.o
LOAD ./Core/Startup/startup_stm32h750vbtx.o
LOAD ./Drivers/STM32H7xx_HAL_Driver/Src/stm32h7xx_hal.o
LOAD ./Drivers/STM32H7xx_HAL_Driver/Src/stm32h7xx_hal_cortex.o
LOAD ./Drivers/STM32H7xx_HAL_Driver/Src/stm32h7xx_hal_dma.o
LOAD ./Drivers/STM32H7xx_HAL_Driver/Src/stm32h7xx_hal_dma_ex.o
LOAD ./Drivers/STM32H7xx_HAL_Driver/Src/stm32h7xx_hal_eth.o
LOAD ./Drivers/STM32H7xx_HAL_Driver/Src/stm32h7xx_hal_eth_ex.o
LOAD ./Drivers/STM32H7xx_HAL_Driver/Src/stm32h7xx_hal_exti.o
LOAD ./Drivers/STM32H7xx_HAL_Driver/Src/stm32h7xx_hal_flash.o
LOAD ./Drivers/STM32H7xx_HAL_Driver/Src/stm32h7xx_hal_flash_ex.o
LOAD ./Drivers/STM32H7xx_HAL_Driver/Src/stm32h7xx_hal_gpio.o
LOAD ./Drivers/STM32H7xx_HAL_Driver/Src/stm32h7xx_hal_hsem.o
LOAD ./Drivers/STM32H7xx_HAL_Driver/Src/stm32h7xx_hal_i2c.o
LOAD ./Drivers/STM32H7xx_HAL_Driver/Src/stm32h7xx_hal_i2c_ex.o
LOAD ./Drivers/STM32H7xx_HAL_Driver/Src/stm32h7xx_hal_mdma.o
LOAD ./Drivers/STM32H7xx_HAL_Driver/Src/stm32h7xx_hal_pwr.o
LOAD ./Drivers/STM32H7xx_HAL_Driver/Src/stm32h7xx_hal_pwr_ex.o
LOAD ./Drivers/STM32H7xx_HAL_Driver/Src/stm32h7xx_hal_rcc.o
LOAD ./Drivers/STM32H7xx_HAL_Driver/Src/stm32h7xx_hal_rcc_ex.o
LOAD ./Drivers/STM32H7xx_HAL_Driver/Src/stm32h7xx_hal_spi.o
LOAD ./Drivers/STM32H7xx_HAL_Driver/Src/stm32h7xx_hal_spi_ex.o
LOAD ./Drivers/STM32H7xx_HAL_Driver/Src/stm32h7xx_hal_uart.o
LOAD ./Drivers/STM32H7xx_HAL_Driver/Src/stm32h7xx_hal_uart_ex.o
START GROUP
LOAD C:/ST/STM32CubeIDE_1.17.0/STM32CubeIDE/plugins/com.st.stm32cube.ide.mcu.externaltools.gnu-tools-for-stm32.12.3.rel1.win32_1.1.0.202410251130/tools/bin/../lib/gcc/arm-none-eabi/12.3.1/../../../../arm-none-eabi/lib/thumb/v7e-m+dp/hard\libc_nano.a
LOAD C:/ST/STM32CubeIDE_1.17.0/STM32CubeIDE/plugins/com.st.stm32cube.ide.mcu.externaltools.gnu-tools-for-stm32.12.3.rel1.win32_1.1.0.202410251130/tools/bin/../lib/gcc/arm-none-eabi/12.3.1/../../../../arm-none-eabi/lib/thumb/v7e-m+dp/hard\libm.a
END GROUP
START GROUP
LOAD C:/ST/STM32CubeIDE_1.17.0/STM32CubeIDE/plugins/com.st.stm32cube.ide.mcu.externaltools.gnu-tools-for-stm32.12.3.rel1.win32_1.1.0.202410251130/tools/bin/../lib/gcc/arm-none-eabi/12.3.1/thumb/v7e-m+dp/hard\libgcc.a
LOAD C:/ST/STM32CubeIDE_1.17.0/STM32CubeIDE/plugins/com.st.stm32cube.ide.mcu.externaltools.gnu-tools-for-stm32.12.3.rel1.win32_1.1.0.202410251130/tools/bin/../lib/gcc/arm-none-eabi/12.3.1/../../../../arm-none-eabi/lib/thumb/v7e-m+dp/hard\libc_nano.a
END GROUP
START GROUP
LOAD C:/ST/STM32CubeIDE_1.17.0/STM32CubeIDE/plugins/com.st.stm32cube.ide.mcu.externaltools.gnu-tools-for-stm32.12.3.rel1.win32_1.1.0.202410251130/tools/bin/../lib/gcc/arm-none-eabi/12.3.1/thumb/v7e-m+dp/hard\libgcc.a
LOAD C:/ST/STM32CubeIDE_1.17.0/STM32CubeIDE/plugins/com.st.stm32cube.ide.mcu.externaltools.gnu-tools-for-stm32.12.3.rel1.win32_1.1.0.202410251130/tools/bin/../lib/gcc/arm-none-eabi/12.3.1/../../../../arm-none-eabi/lib/thumb/v7e-m+dp/hard\libc_nano.a
LOAD C:/ST/STM32CubeIDE_1.17.0/STM32CubeIDE/plugins/com.st.stm32cube.ide.mcu.externaltools.gnu-tools-for-stm32.12.3.rel1.win32_1.1.0.202410251130/tools/bin/../lib/gcc/arm-none-eabi/12.3.1/../../../../arm-none-eabi/lib/thumb/v7e-m+dp/hard\libnosys.a
END GROUP
START GROUP
LOAD C:/ST/STM32CubeIDE_1.17.0/STM32CubeIDE/plugins/com.st.stm32cube.ide.mcu.externaltools.gnu-tools-for-stm32.12.3.rel1.win32_1.1.0.202410251130/tools/bin/../lib/gcc/arm-none-eabi/12.3.1/thumb/v7e-m+dp/hard\libgcc.a
LOAD C:/ST/STM32CubeIDE_1.17.0/STM32CubeIDE/plugins/com.st.stm32cube.ide.mcu.externaltools.gnu-tools-for-stm32.12.3.rel1.win32_1.1.0.202410251130/tools/bin/../lib/gcc/arm-none-eabi/12.3.1/../../../../arm-none-eabi/lib/thumb/v7e-m+dp/hard\libc_nano.a
LOAD C:/ST/STM32CubeIDE_1.17.0/STM32CubeIDE/plugins/com.st.stm32cube.ide.mcu.externaltools.gnu-tools-for-stm32.12.3.rel1.win32_1.1.0.202410251130/tools/bin/../lib/gcc/arm-none-eabi/12.3.1/../../../../arm-none-eabi/lib/thumb/v7e-m+dp/hard\libnosys.a
END GROUP
LOAD C:/ST/STM32CubeIDE_1.17.0/STM32CubeIDE/plugins/com.st.stm32cube.ide.mcu.externaltools.gnu-tools-for-stm32.12.3.rel1.win32_1.1.0.202410251130/tools/bin/../lib/gcc/arm-none-eabi/12.3.1/thumb/v7e-m+dp/hard/crtend.o
LOAD C:/ST/STM32CubeIDE_1.17.0/STM32CubeIDE/plugins/com.st.stm32cube.ide.mcu.externaltools.gnu-tools-for-stm32.12.3.rel1.win32_1.1.0.202410251130/tools/bin/../lib/gcc/arm-none-eabi/12.3.1/thumb/v7e-m+dp/hard/crtn.o
                0x24080000                        _estack = (ORIGIN (RAM_D1) + LENGTH (RAM_D1))
                0x00005000                        _Min_Heap_Size = 0x5000
                0x00010000                        _Min_Stack_Size = 0x10000

.isr_vector     0x08000000      0x298
                0x08000000                        . = ALIGN (0x4)
 *(.isr_vector)
 .isr_vector    0x08000000      0x298 ./Core/Startup/startup_stm32h750vbtx.o
                0x08000000                g_pfnVectors
                0x08000298                        . = ALIGN (0x4)

.text           0x08000298     0x76bc
                0x08000298                        . = ALIGN (0x4)
 *(.text)
 .text          0x08000298       0x40 C:/ST/STM32CubeIDE_1.17.0/STM32CubeIDE/plugins/com.st.stm32cube.ide.mcu.externaltools.gnu-tools-for-stm32.12.3.rel1.win32_1.1.0.202410251130/tools/bin/../lib/gcc/arm-none-eabi/12.3.1/thumb/v7e-m+dp/hard/crtbegin.o
 .text          0x080002d8       0x30 C:/ST/STM32CubeIDE_1.17.0/STM32CubeIDE/plugins/com.st.stm32cube.ide.mcu.externaltools.gnu-tools-for-stm32.12.3.rel1.win32_1.1.0.202410251130/tools/bin/../lib/gcc/arm-none-eabi/12.3.1/thumb/v7e-m+dp/hard\libgcc.a(_aeabi_uldivmod.o)
                0x080002d8                __aeabi_uldivmod
 .text          0x08000308      0x2bc C:/ST/STM32CubeIDE_1.17.0/STM32CubeIDE/plugins/com.st.stm32cube.ide.mcu.externaltools.gnu-tools-for-stm32.12.3.rel1.win32_1.1.0.202410251130/tools/bin/../lib/gcc/arm-none-eabi/12.3.1/thumb/v7e-m+dp/hard\libgcc.a(_udivmoddi4.o)
                0x08000308                __udivmoddi4
 .text          0x080005c4        0x4 C:/ST/STM32CubeIDE_1.17.0/STM32CubeIDE/plugins/com.st.stm32cube.ide.mcu.externaltools.gnu-tools-for-stm32.12.3.rel1.win32_1.1.0.202410251130/tools/bin/../lib/gcc/arm-none-eabi/12.3.1/thumb/v7e-m+dp/hard\libgcc.a(_dvmd_tls.o)
                0x080005c4                __aeabi_idiv0
                0x080005c4                __aeabi_ldiv0
 *(.text*)
 .text.LAN8742_RegisterBusIO
                0x080005c8       0x64 ./Core/Src/lan8742.o
                0x080005c8                LAN8742_RegisterBusIO
 .text.LAN8742_Init
                0x0800062c       0x9a ./Core/Src/lan8742.o
                0x0800062c                LAN8742_Init
 .text.LAN8742_GetLinkState
                0x080006c6      0x10e ./Core/Src/lan8742.o
                0x080006c6                LAN8742_GetLinkState
 .text.main     0x080007d4       0x58 ./Core/Src/main.o
                0x080007d4                main
 .text.SystemClock_Config
                0x0800082c       0xf8 ./Core/Src/main.o
                0x0800082c                SystemClock_Config
 .text.PeriphCommonClock_Config
                0x08000924       0x5e ./Core/Src/main.o
                0x08000924                PeriphCommonClock_Config
 *fill*         0x08000982        0x2 
 .text.MX_ETH_Init
                0x08000984       0xb8 ./Core/Src/main.o
 .text.MX_I2C1_Init
                0x08000a3c       0x80 ./Core/Src/main.o
 .text.MX_SPI1_Init
                0x08000abc       0xac ./Core/Src/main.o
 .text.MX_SPI2_Init
                0x08000b68       0xac ./Core/Src/main.o
 .text.MX_USART1_UART_Init
                0x08000c14       0x98 ./Core/Src/main.o
 .text.MX_GPIO_Init
                0x08000cac      0x110 ./Core/Src/main.o
 .text.ETH_PHY_INTERFACE_Init
                0x08000dbc       0x14 ./Core/Src/main.o
                0x08000dbc                ETH_PHY_INTERFACE_Init
 .text.ETH_PHY_INTERFACE_DeInit
                0x08000dd0       0x10 ./Core/Src/main.o
                0x08000dd0                ETH_PHY_INTERFACE_DeInit
 .text.ETH_PHY_INTERFACE_ReadReg
                0x08000de0       0x34 ./Core/Src/main.o
                0x08000de0                ETH_PHY_INTERFACE_ReadReg
 .text.ETH_PHY_INTERFACE_WriteReg
                0x08000e14       0x34 ./Core/Src/main.o
                0x08000e14                ETH_PHY_INTERFACE_WriteReg
 .text.ETH_PHY_INTERFACE_GetTick
                0x08000e48        0xe ./Core/Src/main.o
                0x08000e48                ETH_PHY_INTERFACE_GetTick
 *fill*         0x08000e56        0x2 
 .text.ETH_StartLink
                0x08000e58       0xf0 ./Core/Src/main.o
                0x08000e58                ETH_StartLink
 .text.HAL_ETH_RxAllocateCallback
                0x08000f48       0x42 ./Core/Src/main.o
                0x08000f48                HAL_ETH_RxAllocateCallback
 .text.HAL_ETH_RxLinkCallback
                0x08000f8a       0x58 ./Core/Src/main.o
                0x08000f8a                HAL_ETH_RxLinkCallback
 .text.HAL_ETH_TxCpltCallback
                0x08000fe2       0x14 ./Core/Src/main.o
                0x08000fe2                HAL_ETH_TxCpltCallback
 .text.HAL_ETH_RxCpltCallback
                0x08000ff6       0x14 ./Core/Src/main.o
                0x08000ff6                HAL_ETH_RxCpltCallback
 .text.MPU_Config
                0x0800100a       0x58 ./Core/Src/main.o
 .text.Error_Handler
                0x08001062        0xc ./Core/Src/main.o
                0x08001062                Error_Handler
 *fill*         0x0800106e        0x2 
 .text.HAL_MspInit
                0x08001070       0x34 ./Core/Src/stm32h7xx_hal_msp.o
                0x08001070                HAL_MspInit
 .text.HAL_ETH_MspInit
                0x080010a4      0x168 ./Core/Src/stm32h7xx_hal_msp.o
                0x080010a4                HAL_ETH_MspInit
 .text.HAL_I2C_MspInit
                0x0800120c       0xd0 ./Core/Src/stm32h7xx_hal_msp.o
                0x0800120c                HAL_I2C_MspInit
 .text.HAL_SPI_MspInit
                0x080012dc      0x100 ./Core/Src/stm32h7xx_hal_msp.o
                0x080012dc                HAL_SPI_MspInit
 .text.HAL_UART_MspInit
                0x080013dc      0x120 ./Core/Src/stm32h7xx_hal_msp.o
                0x080013dc                HAL_UART_MspInit
 .text.NMI_Handler
                0x080014fc        0x8 ./Core/Src/stm32h7xx_it.o
                0x080014fc                NMI_Handler
 .text.HardFault_Handler
                0x08001504        0x8 ./Core/Src/stm32h7xx_it.o
                0x08001504                HardFault_Handler
 .text.MemManage_Handler
                0x0800150c        0x8 ./Core/Src/stm32h7xx_it.o
                0x0800150c                MemManage_Handler
 .text.BusFault_Handler
                0x08001514        0x8 ./Core/Src/stm32h7xx_it.o
                0x08001514                BusFault_Handler
 .text.UsageFault_Handler
                0x0800151c        0x8 ./Core/Src/stm32h7xx_it.o
                0x0800151c                UsageFault_Handler
 .text.SVC_Handler
                0x08001524        0xe ./Core/Src/stm32h7xx_it.o
                0x08001524                SVC_Handler
 .text.DebugMon_Handler
                0x08001532        0xe ./Core/Src/stm32h7xx_it.o
                0x08001532                DebugMon_Handler
 .text.PendSV_Handler
                0x08001540        0xe ./Core/Src/stm32h7xx_it.o
                0x08001540                PendSV_Handler
 .text.SysTick_Handler
                0x0800154e        0xc ./Core/Src/stm32h7xx_it.o
                0x0800154e                SysTick_Handler
 *fill*         0x0800155a        0x2 
 .text.ETH_IRQHandler
                0x0800155c       0x14 ./Core/Src/stm32h7xx_it.o
                0x0800155c                ETH_IRQHandler
 .text._sbrk    0x08001570       0x6c ./Core/Src/sysmem.o
                0x08001570                _sbrk
 .text.SystemInit
                0x080015dc      0x140 ./Core/Src/system_stm32h7xx.o
                0x080015dc                SystemInit
 .text.ExitRun0Mode
                0x0800171c       0x30 ./Core/Src/system_stm32h7xx.o
                0x0800171c                ExitRun0Mode
 .text.Reset_Handler
                0x0800174c       0x54 ./Core/Startup/startup_stm32h750vbtx.o
                0x0800174c                Reset_Handler
 .text.Default_Handler
                0x080017a0        0x2 ./Core/Startup/startup_stm32h750vbtx.o
                0x080017a0                RTC_Alarm_IRQHandler
                0x080017a0                HASH_RNG_IRQHandler
                0x080017a0                EXTI2_IRQHandler
                0x080017a0                TIM8_CC_IRQHandler
                0x080017a0                HRTIM1_Master_IRQHandler
                0x080017a0                UART8_IRQHandler
                0x080017a0                SPI4_IRQHandler
                0x080017a0                TIM1_CC_IRQHandler
                0x080017a0                BDMA_Channel6_IRQHandler
                0x080017a0                DMA2_Stream5_IRQHandler
                0x080017a0                HRTIM1_FLT_IRQHandler
                0x080017a0                JPEG_IRQHandler
                0x080017a0                DMA1_Stream5_IRQHandler
                0x080017a0                BDMA_Channel1_IRQHandler
                0x080017a0                HRTIM1_TIMD_IRQHandler
                0x080017a0                TAMP_STAMP_IRQHandler
                0x080017a0                EXTI3_IRQHandler
                0x080017a0                LPTIM4_IRQHandler
                0x080017a0                TIM8_TRG_COM_TIM14_IRQHandler
                0x080017a0                LPTIM2_IRQHandler
                0x080017a0                DFSDM1_FLT1_IRQHandler
                0x080017a0                DMAMUX2_OVR_IRQHandler
                0x080017a0                TIM8_UP_TIM13_IRQHandler
                0x080017a0                I2C3_ER_IRQHandler
                0x080017a0                DFSDM1_FLT2_IRQHandler
                0x080017a0                MDMA_IRQHandler
                0x080017a0                LPTIM3_IRQHandler
                0x080017a0                HSEM1_IRQHandler
                0x080017a0                EXTI0_IRQHandler
                0x080017a0                I2C2_EV_IRQHandler
                0x080017a0                DMA1_Stream2_IRQHandler
                0x080017a0                FPU_IRQHandler
                0x080017a0                OTG_HS_WKUP_IRQHandler
                0x080017a0                FDCAN1_IT1_IRQHandler
                0x080017a0                LTDC_ER_IRQHandler
                0x080017a0                DMA2_Stream2_IRQHandler
                0x080017a0                HRTIM1_TIME_IRQHandler
                0x080017a0                SPI1_IRQHandler
                0x080017a0                TIM6_DAC_IRQHandler
                0x080017a0                DCMI_IRQHandler
                0x080017a0                HRTIM1_TIMC_IRQHandler
                0x080017a0                DMA2_Stream3_IRQHandler
                0x080017a0                SAI2_IRQHandler
                0x080017a0                DFSDM1_FLT3_IRQHandler
                0x080017a0                USART6_IRQHandler
                0x080017a0                TIM17_IRQHandler
                0x080017a0                USART3_IRQHandler
                0x080017a0                BDMA_Channel7_IRQHandler
                0x080017a0                CRYP_IRQHandler
                0x080017a0                LPTIM5_IRQHandler
                0x080017a0                UART5_IRQHandler
                0x080017a0                ADC3_IRQHandler
                0x080017a0                DMA2_Stream0_IRQHandler
                0x080017a0                TIM4_IRQHandler
                0x080017a0                BDMA_Channel2_IRQHandler
                0x080017a0                QUADSPI_IRQHandler
                0x080017a0                I2C1_EV_IRQHandler
                0x080017a0                DMA1_Stream6_IRQHandler
                0x080017a0                DMAMUX1_OVR_IRQHandler
                0x080017a0                DMA1_Stream1_IRQHandler
                0x080017a0                TIM16_IRQHandler
                0x080017a0                UART4_IRQHandler
                0x080017a0                BDMA_Channel5_IRQHandler
                0x080017a0                TIM3_IRQHandler
                0x080017a0                RCC_IRQHandler
                0x080017a0                TIM8_BRK_TIM12_IRQHandler
                0x080017a0                TIM1_TRG_COM_IRQHandler
                0x080017a0                Default_Handler
                0x080017a0                ECC_IRQHandler
                0x080017a0                CEC_IRQHandler
                0x080017a0                EXTI15_10_IRQHandler
                0x080017a0                BDMA_Channel0_IRQHandler
                0x080017a0                ADC_IRQHandler
                0x080017a0                DMA1_Stream7_IRQHandler
                0x080017a0                HRTIM1_TIMA_IRQHandler
                0x080017a0                SPI5_IRQHandler
                0x080017a0                TIM7_IRQHandler
                0x080017a0                SDMMC1_IRQHandler
                0x080017a0                TIM5_IRQHandler
                0x080017a0                DMA2_Stream7_IRQHandler
                0x080017a0                TIM15_IRQHandler
                0x080017a0                PVD_AVD_IRQHandler
                0x080017a0                I2C3_EV_IRQHandler
                0x080017a0                EXTI9_5_IRQHandler
                0x080017a0                RTC_WKUP_IRQHandler
                0x080017a0                LTDC_IRQHandler
                0x080017a0                SAI3_IRQHandler
                0x080017a0                ETH_WKUP_IRQHandler
                0x080017a0                SPDIF_RX_IRQHandler
                0x080017a0                SPI2_IRQHandler
                0x080017a0                OTG_HS_EP1_IN_IRQHandler
                0x080017a0                DMA1_Stream0_IRQHandler
                0x080017a0                CRS_IRQHandler
                0x080017a0                EXTI4_IRQHandler
                0x080017a0                HRTIM1_TIMB_IRQHandler
                0x080017a0                FDCAN2_IT1_IRQHandler
                0x080017a0                TIM1_UP_IRQHandler
                0x080017a0                BDMA_Channel4_IRQHandler
                0x080017a0                OTG_HS_EP1_OUT_IRQHandler
                0x080017a0                WWDG_IRQHandler
                0x080017a0                SPI6_IRQHandler
                0x080017a0                MDIOS_IRQHandler
                0x080017a0                I2C4_EV_IRQHandler
                0x080017a0                FDCAN2_IT0_IRQHandler
                0x080017a0                LPUART1_IRQHandler
                0x080017a0                FDCAN1_IT0_IRQHandler
                0x080017a0                TIM2_IRQHandler
                0x080017a0                OTG_FS_WKUP_IRQHandler
                0x080017a0                OTG_HS_IRQHandler
                0x080017a0                DMA2D_IRQHandler
                0x080017a0                TIM1_BRK_IRQHandler
                0x080017a0                EXTI1_IRQHandler
                0x080017a0                SDMMC2_IRQHandler
                0x080017a0                OTG_FS_EP1_OUT_IRQHandler
                0x080017a0                BDMA_Channel3_IRQHandler
                0x080017a0                UART7_IRQHandler
                0x080017a0                MDIOS_WKUP_IRQHandler
                0x080017a0                USART2_IRQHandler
                0x080017a0                DFSDM1_FLT0_IRQHandler
                0x080017a0                SAI4_IRQHandler
                0x080017a0                I2C2_ER_IRQHandler
                0x080017a0                DMA2_Stream1_IRQHandler
                0x080017a0                FLASH_IRQHandler
                0x080017a0                DMA2_Stream4_IRQHandler
                0x080017a0                USART1_IRQHandler
                0x080017a0                OTG_FS_IRQHandler
                0x080017a0                SPI3_IRQHandler
                0x080017a0                WAKEUP_PIN_IRQHandler
                0x080017a0                DMA1_Stream4_IRQHandler
                0x080017a0                OTG_FS_EP1_IN_IRQHandler
                0x080017a0                I2C1_ER_IRQHandler
                0x080017a0                FMC_IRQHandler
                0x080017a0                FDCAN_CAL_IRQHandler
                0x080017a0                SWPMI1_IRQHandler
                0x080017a0                COMP1_IRQHandler
                0x080017a0                LPTIM1_IRQHandler
                0x080017a0                I2C4_ER_IRQHandler
                0x080017a0                DMA2_Stream6_IRQHandler
                0x080017a0                SAI1_IRQHandler
                0x080017a0                DMA1_Stream3_IRQHandler
 *fill*         0x080017a2        0x2 
 .text.HAL_Init
                0x080017a4       0x78 ./Drivers/STM32H7xx_HAL_Driver/Src/stm32h7xx_hal.o
                0x080017a4                HAL_Init
 .text.HAL_InitTick
                0x0800181c       0x6c ./Drivers/STM32H7xx_HAL_Driver/Src/stm32h7xx_hal.o
                0x0800181c                HAL_InitTick
 .text.HAL_IncTick
                0x08001888       0x28 ./Drivers/STM32H7xx_HAL_Driver/Src/stm32h7xx_hal.o
                0x08001888                HAL_IncTick
 .text.HAL_GetTick
                0x080018b0       0x18 ./Drivers/STM32H7xx_HAL_Driver/Src/stm32h7xx_hal.o
                0x080018b0                HAL_GetTick
 .text.HAL_GetREVID
                0x080018c8       0x18 ./Drivers/STM32H7xx_HAL_Driver/Src/stm32h7xx_hal.o
                0x080018c8                HAL_GetREVID
 .text.HAL_SYSCFG_ETHInterfaceSelect
                0x080018e0       0x28 ./Drivers/STM32H7xx_HAL_Driver/Src/stm32h7xx_hal.o
                0x080018e0                HAL_SYSCFG_ETHInterfaceSelect
 .text.__NVIC_SetPriorityGrouping
                0x08001908       0x48 ./Drivers/STM32H7xx_HAL_Driver/Src/stm32h7xx_hal_cortex.o
 .text.__NVIC_GetPriorityGrouping
                0x08001950       0x1c ./Drivers/STM32H7xx_HAL_Driver/Src/stm32h7xx_hal_cortex.o
 .text.__NVIC_EnableIRQ
                0x0800196c       0x3c ./Drivers/STM32H7xx_HAL_Driver/Src/stm32h7xx_hal_cortex.o
 .text.__NVIC_SetPriority
                0x080019a8       0x54 ./Drivers/STM32H7xx_HAL_Driver/Src/stm32h7xx_hal_cortex.o
 .text.NVIC_EncodePriority
                0x080019fc       0x66 ./Drivers/STM32H7xx_HAL_Driver/Src/stm32h7xx_hal_cortex.o
 *fill*         0x08001a62        0x2 
 .text.SysTick_Config
                0x08001a64       0x44 ./Drivers/STM32H7xx_HAL_Driver/Src/stm32h7xx_hal_cortex.o
 .text.HAL_NVIC_SetPriorityGrouping
                0x08001aa8       0x16 ./Drivers/STM32H7xx_HAL_Driver/Src/stm32h7xx_hal_cortex.o
                0x08001aa8                HAL_NVIC_SetPriorityGrouping
 .text.HAL_NVIC_SetPriority
                0x08001abe       0x34 ./Drivers/STM32H7xx_HAL_Driver/Src/stm32h7xx_hal_cortex.o
                0x08001abe                HAL_NVIC_SetPriority
 .text.HAL_NVIC_EnableIRQ
                0x08001af2       0x1c ./Drivers/STM32H7xx_HAL_Driver/Src/stm32h7xx_hal_cortex.o
                0x08001af2                HAL_NVIC_EnableIRQ
 .text.HAL_SYSTICK_Config
                0x08001b0e       0x18 ./Drivers/STM32H7xx_HAL_Driver/Src/stm32h7xx_hal_cortex.o
                0x08001b0e                HAL_SYSTICK_Config
 *fill*         0x08001b26        0x2 
 .text.HAL_MPU_Disable
                0x08001b28       0x30 ./Drivers/STM32H7xx_HAL_Driver/Src/stm32h7xx_hal_cortex.o
                0x08001b28                HAL_MPU_Disable
 .text.HAL_MPU_Enable
                0x08001b58       0x40 ./Drivers/STM32H7xx_HAL_Driver/Src/stm32h7xx_hal_cortex.o
                0x08001b58                HAL_MPU_Enable
 .text.HAL_MPU_ConfigRegion
                0x08001b98       0x80 ./Drivers/STM32H7xx_HAL_Driver/Src/stm32h7xx_hal_cortex.o
                0x08001b98                HAL_MPU_ConfigRegion
 .text.HAL_ETH_Init
                0x08001c18      0x1fc ./Drivers/STM32H7xx_HAL_Driver/Src/stm32h7xx_hal_eth.o
                0x08001c18                HAL_ETH_Init
 .text.HAL_ETH_Start_IT
                0x08001e14       0xe8 ./Drivers/STM32H7xx_HAL_Driver/Src/stm32h7xx_hal_eth.o
                0x08001e14                HAL_ETH_Start_IT
 .text.HAL_ETH_Stop
                0x08001efc       0xa0 ./Drivers/STM32H7xx_HAL_Driver/Src/stm32h7xx_hal_eth.o
                0x08001efc                HAL_ETH_Stop
 .text.HAL_ETH_ReadData
                0x08001f9c      0x17a ./Drivers/STM32H7xx_HAL_Driver/Src/stm32h7xx_hal_eth.o
                0x08001f9c                HAL_ETH_ReadData
 .text.ETH_UpdateDescriptor
                0x08002116       0xf2 ./Drivers/STM32H7xx_HAL_Driver/Src/stm32h7xx_hal_eth.o
 .text.HAL_ETH_IRQHandler
                0x08002208      0x1e8 ./Drivers/STM32H7xx_HAL_Driver/Src/stm32h7xx_hal_eth.o
                0x08002208                HAL_ETH_IRQHandler
 .text.HAL_ETH_ErrorCallback
                0x080023f0       0x14 ./Drivers/STM32H7xx_HAL_Driver/Src/stm32h7xx_hal_eth.o
                0x080023f0                HAL_ETH_ErrorCallback
 .text.HAL_ETH_PMTCallback
                0x08002404       0x14 ./Drivers/STM32H7xx_HAL_Driver/Src/stm32h7xx_hal_eth.o
                0x08002404                HAL_ETH_PMTCallback
 .text.HAL_ETH_EEECallback
                0x08002418       0x14 ./Drivers/STM32H7xx_HAL_Driver/Src/stm32h7xx_hal_eth.o
                0x08002418                HAL_ETH_EEECallback
 .text.HAL_ETH_WakeUpCallback
                0x0800242c       0x14 ./Drivers/STM32H7xx_HAL_Driver/Src/stm32h7xx_hal_eth.o
                0x0800242c                HAL_ETH_WakeUpCallback
 .text.HAL_ETH_ReadPHYRegister
                0x08002440       0xa8 ./Drivers/STM32H7xx_HAL_Driver/Src/stm32h7xx_hal_eth.o
                0x08002440                HAL_ETH_ReadPHYRegister
 .text.HAL_ETH_WritePHYRegister
                0x080024e8       0xa8 ./Drivers/STM32H7xx_HAL_Driver/Src/stm32h7xx_hal_eth.o
                0x080024e8                HAL_ETH_WritePHYRegister
 .text.HAL_ETH_GetMACConfig
                0x08002590      0x3a8 ./Drivers/STM32H7xx_HAL_Driver/Src/stm32h7xx_hal_eth.o
                0x08002590                HAL_ETH_GetMACConfig
 .text.HAL_ETH_SetMACConfig
                0x08002938       0x34 ./Drivers/STM32H7xx_HAL_Driver/Src/stm32h7xx_hal_eth.o
                0x08002938                HAL_ETH_SetMACConfig
 .text.HAL_ETH_SetMDIOClockRange
                0x0800296c       0xa0 ./Drivers/STM32H7xx_HAL_Driver/Src/stm32h7xx_hal_eth.o
                0x0800296c                HAL_ETH_SetMDIOClockRange
 .text.ETH_SetMACConfig
                0x08002a0c      0x238 ./Drivers/STM32H7xx_HAL_Driver/Src/stm32h7xx_hal_eth.o
 .text.ETH_SetDMAConfig
                0x08002c44      0x10c ./Drivers/STM32H7xx_HAL_Driver/Src/stm32h7xx_hal_eth.o
 .text.ETH_MACDMAConfig
                0x08002d50      0x13a ./Drivers/STM32H7xx_HAL_Driver/Src/stm32h7xx_hal_eth.o
 .text.ETH_DMATxDescListInit
                0x08002e8a       0x92 ./Drivers/STM32H7xx_HAL_Driver/Src/stm32h7xx_hal_eth.o
 .text.ETH_DMARxDescListInit
                0x08002f1c       0xba ./Drivers/STM32H7xx_HAL_Driver/Src/stm32h7xx_hal_eth.o
 *fill*         0x08002fd6        0x2 
 .text.HAL_GPIO_Init
                0x08002fd8      0x360 ./Drivers/STM32H7xx_HAL_Driver/Src/stm32h7xx_hal_gpio.o
                0x08002fd8                HAL_GPIO_Init
 .text.HAL_GPIO_WritePin
                0x08003338       0x32 ./Drivers/STM32H7xx_HAL_Driver/Src/stm32h7xx_hal_gpio.o
                0x08003338                HAL_GPIO_WritePin
 *fill*         0x0800336a        0x2 
 .text.HAL_I2C_Init
                0x0800336c      0x138 ./Drivers/STM32H7xx_HAL_Driver/Src/stm32h7xx_hal_i2c.o
                0x0800336c                HAL_I2C_Init
 .text.HAL_I2CEx_ConfigAnalogFilter
                0x080034a4       0x96 ./Drivers/STM32H7xx_HAL_Driver/Src/stm32h7xx_hal_i2c_ex.o
                0x080034a4                HAL_I2CEx_ConfigAnalogFilter
 .text.HAL_I2CEx_ConfigDigitalFilter
                0x0800353a       0x98 ./Drivers/STM32H7xx_HAL_Driver/Src/stm32h7xx_hal_i2c_ex.o
                0x0800353a                HAL_I2CEx_ConfigDigitalFilter
 *fill*         0x080035d2        0x2 
 .text.HAL_PWREx_ConfigSupply
                0x080035d4       0x74 ./Drivers/STM32H7xx_HAL_Driver/Src/stm32h7xx_hal_pwr_ex.o
                0x080035d4                HAL_PWREx_ConfigSupply
 .text.HAL_RCC_OscConfig
                0x08003648      0x8b4 ./Drivers/STM32H7xx_HAL_Driver/Src/stm32h7xx_hal_rcc.o
                0x08003648                HAL_RCC_OscConfig
 .text.HAL_RCC_ClockConfig
                0x08003efc      0x36c ./Drivers/STM32H7xx_HAL_Driver/Src/stm32h7xx_hal_rcc.o
                0x08003efc                HAL_RCC_ClockConfig
 .text.HAL_RCC_GetSysClockFreq
                0x08004268      0x2f4 ./Drivers/STM32H7xx_HAL_Driver/Src/stm32h7xx_hal_rcc.o
                0x08004268                HAL_RCC_GetSysClockFreq
 .text.HAL_RCC_GetHCLKFreq
                0x0800455c       0x60 ./Drivers/STM32H7xx_HAL_Driver/Src/stm32h7xx_hal_rcc.o
                0x0800455c                HAL_RCC_GetHCLKFreq
 .text.HAL_RCC_GetPCLK1Freq
                0x080045bc       0x2c ./Drivers/STM32H7xx_HAL_Driver/Src/stm32h7xx_hal_rcc.o
                0x080045bc                HAL_RCC_GetPCLK1Freq
 .text.HAL_RCC_GetPCLK2Freq
                0x080045e8       0x2c ./Drivers/STM32H7xx_HAL_Driver/Src/stm32h7xx_hal_rcc.o
                0x080045e8                HAL_RCC_GetPCLK2Freq
 .text.HAL_RCCEx_PeriphCLKConfig
                0x08004614     0x1414 ./Drivers/STM32H7xx_HAL_Driver/Src/stm32h7xx_hal_rcc_ex.o
                0x08004614                HAL_RCCEx_PeriphCLKConfig
 .text.HAL_RCCEx_GetD3PCLK1Freq
                0x08005a28       0x2c ./Drivers/STM32H7xx_HAL_Driver/Src/stm32h7xx_hal_rcc_ex.o
                0x08005a28                HAL_RCCEx_GetD3PCLK1Freq
 .text.HAL_RCCEx_GetPLL2ClockFreq
                0x08005a54      0x2a8 ./Drivers/STM32H7xx_HAL_Driver/Src/stm32h7xx_hal_rcc_ex.o
                0x08005a54                HAL_RCCEx_GetPLL2ClockFreq
 .text.HAL_RCCEx_GetPLL3ClockFreq
                0x08005cfc      0x2a8 ./Drivers/STM32H7xx_HAL_Driver/Src/stm32h7xx_hal_rcc_ex.o
                0x08005cfc                HAL_RCCEx_GetPLL3ClockFreq
 .text.RCCEx_PLL2_Config
                0x08005fa4      0x164 ./Drivers/STM32H7xx_HAL_Driver/Src/stm32h7xx_hal_rcc_ex.o
 .text.RCCEx_PLL3_Config
                0x08006108      0x164 ./Drivers/STM32H7xx_HAL_Driver/Src/stm32h7xx_hal_rcc_ex.o
 .text.HAL_SPI_Init
                0x0800626c      0x248 ./Drivers/STM32H7xx_HAL_Driver/Src/stm32h7xx_hal_spi.o
                0x0800626c                HAL_SPI_Init
 .text.SPI_GetPacketSize
                0x080064b4       0x36 ./Drivers/STM32H7xx_HAL_Driver/Src/stm32h7xx_hal_spi.o
 .text.HAL_UART_Init
                0x080064ea       0xa0 ./Drivers/STM32H7xx_HAL_Driver/Src/stm32h7xx_hal_uart.o
                0x080064ea                HAL_UART_Init
 *fill*         0x0800658a        0x2 
 .text.UART_SetConfig
                0x0800658c      0xad0 ./Drivers/STM32H7xx_HAL_Driver/Src/stm32h7xx_hal_uart.o
                0x0800658c                UART_SetConfig
 .text.UART_AdvFeatureConfig
                0x0800705c      0x144 ./Drivers/STM32H7xx_HAL_Driver/Src/stm32h7xx_hal_uart.o
                0x0800705c                UART_AdvFeatureConfig
 .text.UART_CheckIdleState
                0x080071a0      0x154 ./Drivers/STM32H7xx_HAL_Driver/Src/stm32h7xx_hal_uart.o
                0x080071a0                UART_CheckIdleState
 .text.UART_WaitOnFlagUntilTimeout
                0x080072f4       0xda ./Drivers/STM32H7xx_HAL_Driver/Src/stm32h7xx_hal_uart.o
                0x080072f4                UART_WaitOnFlagUntilTimeout
 *fill*         0x080073ce        0x2 
 .text.UART_EndRxTransfer
                0x080073d0       0xcc ./Drivers/STM32H7xx_HAL_Driver/Src/stm32h7xx_hal_uart.o
 .text.HAL_UARTEx_DisableFifoMode
                0x0800749c       0x72 ./Drivers/STM32H7xx_HAL_Driver/Src/stm32h7xx_hal_uart_ex.o
                0x0800749c                HAL_UARTEx_DisableFifoMode
 .text.HAL_UARTEx_SetTxFifoThreshold
                0x0800750e       0x7c ./Drivers/STM32H7xx_HAL_Driver/Src/stm32h7xx_hal_uart_ex.o
                0x0800750e                HAL_UARTEx_SetTxFifoThreshold
 .text.HAL_UARTEx_SetRxFifoThreshold
                0x0800758a       0x7c ./Drivers/STM32H7xx_HAL_Driver/Src/stm32h7xx_hal_uart_ex.o
                0x0800758a                HAL_UARTEx_SetRxFifoThreshold
 *fill*         0x08007606        0x2 
 .text.UARTEx_SetNbDataToProcess
                0x08007608       0x9c ./Drivers/STM32H7xx_HAL_Driver/Src/stm32h7xx_hal_uart_ex.o
 .text.malloc   0x080076a4       0x10 C:/ST/STM32CubeIDE_1.17.0/STM32CubeIDE/plugins/com.st.stm32cube.ide.mcu.externaltools.gnu-tools-for-stm32.12.3.rel1.win32_1.1.0.202410251130/tools/bin/../lib/gcc/arm-none-eabi/12.3.1/../../../../arm-none-eabi/lib/thumb/v7e-m+dp/hard\libc_nano.a(libc_a-malloc.o)
                0x080076a4                malloc
 .text.free     0x080076b4       0x10 C:/ST/STM32CubeIDE_1.17.0/STM32CubeIDE/plugins/com.st.stm32cube.ide.mcu.externaltools.gnu-tools-for-stm32.12.3.rel1.win32_1.1.0.202410251130/tools/bin/../lib/gcc/arm-none-eabi/12.3.1/../../../../arm-none-eabi/lib/thumb/v7e-m+dp/hard\libc_nano.a(libc_a-malloc.o)
                0x080076b4                free
 .text.sbrk_aligned
                0x080076c4       0x44 C:/ST/STM32CubeIDE_1.17.0/STM32CubeIDE/plugins/com.st.stm32cube.ide.mcu.externaltools.gnu-tools-for-stm32.12.3.rel1.win32_1.1.0.202410251130/tools/bin/../lib/gcc/arm-none-eabi/12.3.1/../../../../arm-none-eabi/lib/thumb/v7e-m+dp/hard\libc_nano.a(libc_a-mallocr.o)
 .text._malloc_r
                0x08007708      0x100 C:/ST/STM32CubeIDE_1.17.0/STM32CubeIDE/plugins/com.st.stm32cube.ide.mcu.externaltools.gnu-tools-for-stm32.12.3.rel1.win32_1.1.0.202410251130/tools/bin/../lib/gcc/arm-none-eabi/12.3.1/../../../../arm-none-eabi/lib/thumb/v7e-m+dp/hard\libc_nano.a(libc_a-mallocr.o)
                0x08007708                _malloc_r
 .text.__malloc_lock
                0x08007808        0xc C:/ST/STM32CubeIDE_1.17.0/STM32CubeIDE/plugins/com.st.stm32cube.ide.mcu.externaltools.gnu-tools-for-stm32.12.3.rel1.win32_1.1.0.202410251130/tools/bin/../lib/gcc/arm-none-eabi/12.3.1/../../../../arm-none-eabi/lib/thumb/v7e-m+dp/hard\libc_nano.a(libc_a-mlock.o)
                0x08007808                __malloc_lock
 .text.__malloc_unlock
                0x08007814        0xc C:/ST/STM32CubeIDE_1.17.0/STM32CubeIDE/plugins/com.st.stm32cube.ide.mcu.externaltools.gnu-tools-for-stm32.12.3.rel1.win32_1.1.0.202410251130/tools/bin/../lib/gcc/arm-none-eabi/12.3.1/../../../../arm-none-eabi/lib/thumb/v7e-m+dp/hard\libc_nano.a(libc_a-mlock.o)
                0x08007814                __malloc_unlock
 .text.memset   0x08007820       0x10 C:/ST/STM32CubeIDE_1.17.0/STM32CubeIDE/plugins/com.st.stm32cube.ide.mcu.externaltools.gnu-tools-for-stm32.12.3.rel1.win32_1.1.0.202410251130/tools/bin/../lib/gcc/arm-none-eabi/12.3.1/../../../../arm-none-eabi/lib/thumb/v7e-m+dp/hard\libc_nano.a(libc_a-memset.o)
                0x08007820                memset
 .text._sbrk_r  0x08007830       0x20 C:/ST/STM32CubeIDE_1.17.0/STM32CubeIDE/plugins/com.st.stm32cube.ide.mcu.externaltools.gnu-tools-for-stm32.12.3.rel1.win32_1.1.0.202410251130/tools/bin/../lib/gcc/arm-none-eabi/12.3.1/../../../../arm-none-eabi/lib/thumb/v7e-m+dp/hard\libc_nano.a(libc_a-sbrkr.o)
                0x08007830                _sbrk_r
 .text.__errno  0x08007850        0xc C:/ST/STM32CubeIDE_1.17.0/STM32CubeIDE/plugins/com.st.stm32cube.ide.mcu.externaltools.gnu-tools-for-stm32.12.3.rel1.win32_1.1.0.202410251130/tools/bin/../lib/gcc/arm-none-eabi/12.3.1/../../../../arm-none-eabi/lib/thumb/v7e-m+dp/hard\libc_nano.a(libc_a-errno.o)
                0x08007850                __errno
 .text.__libc_init_array
                0x0800785c       0x48 C:/ST/STM32CubeIDE_1.17.0/STM32CubeIDE/plugins/com.st.stm32cube.ide.mcu.externaltools.gnu-tools-for-stm32.12.3.rel1.win32_1.1.0.202410251130/tools/bin/../lib/gcc/arm-none-eabi/12.3.1/../../../../arm-none-eabi/lib/thumb/v7e-m+dp/hard\libc_nano.a(libc_a-init.o)
                0x0800785c                __libc_init_array
 .text.__retarget_lock_acquire_recursive
                0x080078a4        0x2 C:/ST/STM32CubeIDE_1.17.0/STM32CubeIDE/plugins/com.st.stm32cube.ide.mcu.externaltools.gnu-tools-for-stm32.12.3.rel1.win32_1.1.0.202410251130/tools/bin/../lib/gcc/arm-none-eabi/12.3.1/../../../../arm-none-eabi/lib/thumb/v7e-m+dp/hard\libc_nano.a(libc_a-lock.o)
                0x080078a4                __retarget_lock_acquire_recursive
 .text.__retarget_lock_release_recursive
                0x080078a6        0x2 C:/ST/STM32CubeIDE_1.17.0/STM32CubeIDE/plugins/com.st.stm32cube.ide.mcu.externaltools.gnu-tools-for-stm32.12.3.rel1.win32_1.1.0.202410251130/tools/bin/../lib/gcc/arm-none-eabi/12.3.1/../../../../arm-none-eabi/lib/thumb/v7e-m+dp/hard\libc_nano.a(libc_a-lock.o)
                0x080078a6                __retarget_lock_release_recursive
 .text._free_r  0x080078a8       0x94 C:/ST/STM32CubeIDE_1.17.0/STM32CubeIDE/plugins/com.st.stm32cube.ide.mcu.externaltools.gnu-tools-for-stm32.12.3.rel1.win32_1.1.0.202410251130/tools/bin/../lib/gcc/arm-none-eabi/12.3.1/../../../../arm-none-eabi/lib/thumb/v7e-m+dp/hard\libc_nano.a(libc_a-freer.o)
                0x080078a8                _free_r
 *(.glue_7)
 .glue_7        0x0800793c        0x0 linker stubs
 *(.glue_7t)
 .glue_7t       0x0800793c        0x0 linker stubs
 *(.eh_frame)
 .eh_frame      0x0800793c        0x0 C:/ST/STM32CubeIDE_1.17.0/STM32CubeIDE/plugins/com.st.stm32cube.ide.mcu.externaltools.gnu-tools-for-stm32.12.3.rel1.win32_1.1.0.202410251130/tools/bin/../lib/gcc/arm-none-eabi/12.3.1/thumb/v7e-m+dp/hard/crtbegin.o
 *(.init)
 .init          0x0800793c        0x4 C:/ST/STM32CubeIDE_1.17.0/STM32CubeIDE/plugins/com.st.stm32cube.ide.mcu.externaltools.gnu-tools-for-stm32.12.3.rel1.win32_1.1.0.202410251130/tools/bin/../lib/gcc/arm-none-eabi/12.3.1/thumb/v7e-m+dp/hard/crti.o
                0x0800793c                _init
 .init          0x08007940        0x8 C:/ST/STM32CubeIDE_1.17.0/STM32CubeIDE/plugins/com.st.stm32cube.ide.mcu.externaltools.gnu-tools-for-stm32.12.3.rel1.win32_1.1.0.202410251130/tools/bin/../lib/gcc/arm-none-eabi/12.3.1/thumb/v7e-m+dp/hard/crtn.o
 *(.fini)
 .fini          0x08007948        0x4 C:/ST/STM32CubeIDE_1.17.0/STM32CubeIDE/plugins/com.st.stm32cube.ide.mcu.externaltools.gnu-tools-for-stm32.12.3.rel1.win32_1.1.0.202410251130/tools/bin/../lib/gcc/arm-none-eabi/12.3.1/thumb/v7e-m+dp/hard/crti.o
                0x08007948                _fini
 .fini          0x0800794c        0x8 C:/ST/STM32CubeIDE_1.17.0/STM32CubeIDE/plugins/com.st.stm32cube.ide.mcu.externaltools.gnu-tools-for-stm32.12.3.rel1.win32_1.1.0.202410251130/tools/bin/../lib/gcc/arm-none-eabi/12.3.1/thumb/v7e-m+dp/hard/crtn.o
                0x08007954                        . = ALIGN (0x4)
                0x08007954                        _etext = .

.vfp11_veneer   0x08007954        0x0
 .vfp11_veneer  0x08007954        0x0 linker stubs

.v4_bx          0x08007954        0x0
 .v4_bx         0x08007954        0x0 linker stubs

.iplt           0x08007954        0x0
 .iplt          0x08007954        0x0 C:/ST/STM32CubeIDE_1.17.0/STM32CubeIDE/plugins/com.st.stm32cube.ide.mcu.externaltools.gnu-tools-for-stm32.12.3.rel1.win32_1.1.0.202410251130/tools/bin/../lib/gcc/arm-none-eabi/12.3.1/thumb/v7e-m+dp/hard/crtbegin.o

.rodata         0x08007954       0x38
                0x08007954                        . = ALIGN (0x4)
 *(.rodata)
 *(.rodata*)
 .rodata.D1CorePrescTable
                0x08007954       0x10 ./Core/Src/system_stm32h7xx.o
                0x08007954                D1CorePrescTable
 .rodata.UARTPrescTable
                0x08007964       0x18 ./Drivers/STM32H7xx_HAL_Driver/Src/stm32h7xx_hal_uart.o
                0x08007964                UARTPrescTable
 .rodata.numerator.1
                0x0800797c        0x8 ./Drivers/STM32H7xx_HAL_Driver/Src/stm32h7xx_hal_uart_ex.o
 .rodata.denominator.0
                0x08007984        0x8 ./Drivers/STM32H7xx_HAL_Driver/Src/stm32h7xx_hal_uart_ex.o
                0x0800798c                        . = ALIGN (0x4)

.ARM.extab
 *(.ARM.extab* .gnu.linkonce.armextab.*)

.ARM            0x0800798c        0x8
                0x0800798c                        __exidx_start = .
 *(.ARM.exidx*)
 .ARM.exidx     0x0800798c        0x8 C:/ST/STM32CubeIDE_1.17.0/STM32CubeIDE/plugins/com.st.stm32cube.ide.mcu.externaltools.gnu-tools-for-stm32.12.3.rel1.win32_1.1.0.202410251130/tools/bin/../lib/gcc/arm-none-eabi/12.3.1/thumb/v7e-m+dp/hard\libgcc.a(_udivmoddi4.o)
                0x08007994                        __exidx_end = .

.preinit_array  0x08007994        0x0
                0x08007994                        PROVIDE (__preinit_array_start = .)
 *(.preinit_array*)
                0x08007994                        PROVIDE (__preinit_array_end = .)

.init_array     0x08007994        0x4
                0x08007994                        PROVIDE (__init_array_start = .)
 *(SORT_BY_NAME(.init_array.*))
 *(.init_array*)
 .init_array    0x08007994        0x4 C:/ST/STM32CubeIDE_1.17.0/STM32CubeIDE/plugins/com.st.stm32cube.ide.mcu.externaltools.gnu-tools-for-stm32.12.3.rel1.win32_1.1.0.202410251130/tools/bin/../lib/gcc/arm-none-eabi/12.3.1/thumb/v7e-m+dp/hard/crtbegin.o
                0x08007998                        PROVIDE (__init_array_end = .)

.fini_array     0x08007998        0x4
                [!provide]                        PROVIDE (__fini_array_start = .)
 *(SORT_BY_NAME(.fini_array.*))
 *(.fini_array*)
 .fini_array    0x08007998        0x4 C:/ST/STM32CubeIDE_1.17.0/STM32CubeIDE/plugins/com.st.stm32cube.ide.mcu.externaltools.gnu-tools-for-stm32.12.3.rel1.win32_1.1.0.202410251130/tools/bin/../lib/gcc/arm-none-eabi/12.3.1/thumb/v7e-m+dp/hard/crtbegin.o
                [!provide]                        PROVIDE (__fini_array_end = .)
                0x0800799c                        _sidata = LOADADDR (.data)

.rel.dyn        0x0800799c        0x0
 .rel.iplt      0x0800799c        0x0 C:/ST/STM32CubeIDE_1.17.0/STM32CubeIDE/plugins/com.st.stm32cube.ide.mcu.externaltools.gnu-tools-for-stm32.12.3.rel1.win32_1.1.0.202410251130/tools/bin/../lib/gcc/arm-none-eabi/12.3.1/thumb/v7e-m+dp/hard/crtbegin.o

.data           0x24000000       0x74 load address 0x0800799c
                0x24000000                        . = ALIGN (0x4)
                0x24000000                        _sdata = .
 *(.data)
 *(.data*)
 .data.LAN8742_IOCtx
                0x24000000       0x14 ./Core/Src/main.o
                0x24000000                LAN8742_IOCtx
 .data.SystemCoreClock
                0x24000014        0x4 ./Core/Src/system_stm32h7xx.o
                0x24000014                SystemCoreClock
 .data.SystemD2Clock
                0x24000018        0x4 ./Core/Src/system_stm32h7xx.o
                0x24000018                SystemD2Clock
 .data.uwTickPrio
                0x2400001c        0x4 ./Drivers/STM32H7xx_HAL_Driver/Src/stm32h7xx_hal.o
                0x2400001c                uwTickPrio
 .data.uwTickFreq
                0x24000020        0x1 ./Drivers/STM32H7xx_HAL_Driver/Src/stm32h7xx_hal.o
                0x24000020                uwTickFreq
 *fill*         0x24000021        0x3 
 .data._impure_ptr
                0x24000024        0x4 C:/ST/STM32CubeIDE_1.17.0/STM32CubeIDE/plugins/com.st.stm32cube.ide.mcu.externaltools.gnu-tools-for-stm32.12.3.rel1.win32_1.1.0.202410251130/tools/bin/../lib/gcc/arm-none-eabi/12.3.1/../../../../arm-none-eabi/lib/thumb/v7e-m+dp/hard\libc_nano.a(libc_a-impure.o)
                0x24000024                _impure_ptr
 .data._impure_data
                0x24000028       0x4c C:/ST/STM32CubeIDE_1.17.0/STM32CubeIDE/plugins/com.st.stm32cube.ide.mcu.externaltools.gnu-tools-for-stm32.12.3.rel1.win32_1.1.0.202410251130/tools/bin/../lib/gcc/arm-none-eabi/12.3.1/../../../../arm-none-eabi/lib/thumb/v7e-m+dp/hard\libc_nano.a(libc_a-impure.o)
                0x24000028                _impure_data
 *(.RamFunc)
 *(.RamFunc*)
                0x24000074                        . = ALIGN (0x4)
                0x24000074                        _edata = .

.igot.plt       0x24000074        0x0 load address 0x08007a10
 .igot.plt      0x24000074        0x0 C:/ST/STM32CubeIDE_1.17.0/STM32CubeIDE/plugins/com.st.stm32cube.ide.mcu.externaltools.gnu-tools-for-stm32.12.3.rel1.win32_1.1.0.202410251130/tools/bin/../lib/gcc/arm-none-eabi/12.3.1/thumb/v7e-m+dp/hard/crtbegin.o

.RxDescripSection
                0x24000074       0x60 load address 0x08007a10
 .RxDescripSection
                0x24000074       0x60 ./Core/Src/main.o
                0x24000074                DMARxDscrTab

.TxDescripSection
                0x240000d4       0x60 load address 0x08007a70
 .TxDescripSection
                0x240000d4       0x60 ./Core/Src/main.o
                0x240000d4                DMATxDscrTab
                0x24000134                        . = ALIGN (0x4)

.bss            0x24000134      0x474 load address 0x08007ad0
                0x24000134                        _sbss = .
                0x24000134                        __bss_start__ = _sbss
 *(.bss)
 .bss           0x24000134       0x1c C:/ST/STM32CubeIDE_1.17.0/STM32CubeIDE/plugins/com.st.stm32cube.ide.mcu.externaltools.gnu-tools-for-stm32.12.3.rel1.win32_1.1.0.202410251130/tools/bin/../lib/gcc/arm-none-eabi/12.3.1/thumb/v7e-m+dp/hard/crtbegin.o
 *(.bss*)
 .bss.TxConfig  0x24000150       0x38 ./Core/Src/main.o
                0x24000150                TxConfig
 .bss.heth      0x24000188       0xb0 ./Core/Src/main.o
                0x24000188                heth
 .bss.hi2c1     0x24000238       0x54 ./Core/Src/main.o
                0x24000238                hi2c1
 .bss.hspi1     0x2400028c       0x88 ./Core/Src/main.o
                0x2400028c                hspi1
 .bss.hspi2     0x24000314       0x88 ./Core/Src/main.o
                0x24000314                hspi2
 .bss.huart1    0x2400039c       0x94 ./Core/Src/main.o
                0x2400039c                huart1
 .bss.LAN8742   0x24000430       0x20 ./Core/Src/main.o
                0x24000430                LAN8742
 .bss.MACAddr.0
                0x24000450        0x6 ./Core/Src/main.o
 *fill*         0x24000456        0x2 
 .bss.__sbrk_heap_end
                0x24000458        0x4 ./Core/Src/sysmem.o
 .bss.uwTick    0x2400045c        0x4 ./Drivers/STM32H7xx_HAL_Driver/Src/stm32h7xx_hal.o
                0x2400045c                uwTick
 .bss.__malloc_sbrk_start
                0x24000460        0x4 C:/ST/STM32CubeIDE_1.17.0/STM32CubeIDE/plugins/com.st.stm32cube.ide.mcu.externaltools.gnu-tools-for-stm32.12.3.rel1.win32_1.1.0.202410251130/tools/bin/../lib/gcc/arm-none-eabi/12.3.1/../../../../arm-none-eabi/lib/thumb/v7e-m+dp/hard\libc_nano.a(libc_a-mallocr.o)
                0x24000460                __malloc_sbrk_start
 .bss.__malloc_free_list
                0x24000464        0x4 C:/ST/STM32CubeIDE_1.17.0/STM32CubeIDE/plugins/com.st.stm32cube.ide.mcu.externaltools.gnu-tools-for-stm32.12.3.rel1.win32_1.1.0.202410251130/tools/bin/../lib/gcc/arm-none-eabi/12.3.1/../../../../arm-none-eabi/lib/thumb/v7e-m+dp/hard\libc_nano.a(libc_a-mallocr.o)
                0x24000464                __malloc_free_list
 .bss.__sf      0x24000468      0x138 C:/ST/STM32CubeIDE_1.17.0/STM32CubeIDE/plugins/com.st.stm32cube.ide.mcu.externaltools.gnu-tools-for-stm32.12.3.rel1.win32_1.1.0.202410251130/tools/bin/../lib/gcc/arm-none-eabi/12.3.1/../../../../arm-none-eabi/lib/thumb/v7e-m+dp/hard\libc_nano.a(libc_a-findfp.o)
                0x24000468                __sf
 .bss.errno     0x240005a0        0x4 C:/ST/STM32CubeIDE_1.17.0/STM32CubeIDE/plugins/com.st.stm32cube.ide.mcu.externaltools.gnu-tools-for-stm32.12.3.rel1.win32_1.1.0.202410251130/tools/bin/../lib/gcc/arm-none-eabi/12.3.1/../../../../arm-none-eabi/lib/thumb/v7e-m+dp/hard\libc_nano.a(libc_a-reent.o)
                0x240005a0                errno
 .bss.__lock___malloc_recursive_mutex
                0x240005a4        0x1 C:/ST/STM32CubeIDE_1.17.0/STM32CubeIDE/plugins/com.st.stm32cube.ide.mcu.externaltools.gnu-tools-for-stm32.12.3.rel1.win32_1.1.0.202410251130/tools/bin/../lib/gcc/arm-none-eabi/12.3.1/../../../../arm-none-eabi/lib/thumb/v7e-m+dp/hard\libc_nano.a(libc_a-lock.o)
                0x240005a4                __lock___malloc_recursive_mutex
 *(COMMON)
                0x240005a8                        . = ALIGN (0x4)
 *fill*         0x240005a5        0x3 
                0x240005a8                        _ebss = .
                0x240005a8                        __bss_end__ = _ebss

._user_heap_stack
                0x240005a8    0x15000 load address 0x08007ad0
                0x240005a8                        . = ALIGN (0x8)
                [!provide]                        PROVIDE (end = .)
                0x240005a8                        PROVIDE (_end = .)
                0x240055a8                        . = (. + _Min_Heap_Size)
 *fill*         0x240005a8     0x5000 
                0x240155a8                        . = (. + _Min_Stack_Size)
 *fill*         0x240055a8    0x10000 
                0x240155a8                        . = ALIGN (0x8)

/DISCARD/
 libc.a(*)
 libm.a(*)
 libgcc.a(*)

.ARM.attributes
                0x00000000       0x2e
 *(.ARM.attributes)
 .ARM.attributes
                0x00000000       0x20 C:/ST/STM32CubeIDE_1.17.0/STM32CubeIDE/plugins/com.st.stm32cube.ide.mcu.externaltools.gnu-tools-for-stm32.12.3.rel1.win32_1.1.0.202410251130/tools/bin/../lib/gcc/arm-none-eabi/12.3.1/thumb/v7e-m+dp/hard/crti.o
 .ARM.attributes
                0x00000020       0x32 C:/ST/STM32CubeIDE_1.17.0/STM32CubeIDE/plugins/com.st.stm32cube.ide.mcu.externaltools.gnu-tools-for-stm32.12.3.rel1.win32_1.1.0.202410251130/tools/bin/../lib/gcc/arm-none-eabi/12.3.1/thumb/v7e-m+dp/hard/crtbegin.o
 .ARM.attributes
                0x00000052       0x32 ./Core/Src/lan8742.o
 .ARM.attributes
                0x00000084       0x32 ./Core/Src/main.o
 .ARM.attributes
                0x000000b6       0x32 ./Core/Src/stm32h7xx_hal_msp.o
 .ARM.attributes
                0x000000e8       0x32 ./Core/Src/stm32h7xx_it.o
 .ARM.attributes
                0x0000011a       0x32 ./Core/Src/sysmem.o
 .ARM.attributes
                0x0000014c       0x32 ./Core/Src/system_stm32h7xx.o
 .ARM.attributes
                0x0000017e       0x21 ./Core/Startup/startup_stm32h750vbtx.o
 .ARM.attributes
                0x0000019f       0x32 ./Drivers/STM32H7xx_HAL_Driver/Src/stm32h7xx_hal.o
 .ARM.attributes
                0x000001d1       0x32 ./Drivers/STM32H7xx_HAL_Driver/Src/stm32h7xx_hal_cortex.o
 .ARM.attributes
                0x00000203       0x32 ./Drivers/STM32H7xx_HAL_Driver/Src/stm32h7xx_hal_eth.o
 .ARM.attributes
                0x00000235       0x32 ./Drivers/STM32H7xx_HAL_Driver/Src/stm32h7xx_hal_gpio.o
 .ARM.attributes
                0x00000267       0x32 ./Drivers/STM32H7xx_HAL_Driver/Src/stm32h7xx_hal_i2c.o
 .ARM.attributes
                0x00000299       0x32 ./Drivers/STM32H7xx_HAL_Driver/Src/stm32h7xx_hal_i2c_ex.o
 .ARM.attributes
                0x000002cb       0x32 ./Drivers/STM32H7xx_HAL_Driver/Src/stm32h7xx_hal_pwr_ex.o
 .ARM.attributes
                0x000002fd       0x32 ./Drivers/STM32H7xx_HAL_Driver/Src/stm32h7xx_hal_rcc.o
 .ARM.attributes
                0x0000032f       0x32 ./Drivers/STM32H7xx_HAL_Driver/Src/stm32h7xx_hal_rcc_ex.o
 .ARM.attributes
                0x00000361       0x32 ./Drivers/STM32H7xx_HAL_Driver/Src/stm32h7xx_hal_spi.o
 .ARM.attributes
                0x00000393       0x32 ./Drivers/STM32H7xx_HAL_Driver/Src/stm32h7xx_hal_uart.o
 .ARM.attributes
                0x000003c5       0x32 ./Drivers/STM32H7xx_HAL_Driver/Src/stm32h7xx_hal_uart_ex.o
 .ARM.attributes
                0x000003f7       0x32 C:/ST/STM32CubeIDE_1.17.0/STM32CubeIDE/plugins/com.st.stm32cube.ide.mcu.externaltools.gnu-tools-for-stm32.12.3.rel1.win32_1.1.0.202410251130/tools/bin/../lib/gcc/arm-none-eabi/12.3.1/../../../../arm-none-eabi/lib/thumb/v7e-m+dp/hard\libc_nano.a(libc_a-malloc.o)
 .ARM.attributes
                0x00000429       0x32 C:/ST/STM32CubeIDE_1.17.0/STM32CubeIDE/plugins/com.st.stm32cube.ide.mcu.externaltools.gnu-tools-for-stm32.12.3.rel1.win32_1.1.0.202410251130/tools/bin/../lib/gcc/arm-none-eabi/12.3.1/../../../../arm-none-eabi/lib/thumb/v7e-m+dp/hard\libc_nano.a(libc_a-mallocr.o)
 .ARM.attributes
                0x0000045b       0x32 C:/ST/STM32CubeIDE_1.17.0/STM32CubeIDE/plugins/com.st.stm32cube.ide.mcu.externaltools.gnu-tools-for-stm32.12.3.rel1.win32_1.1.0.202410251130/tools/bin/../lib/gcc/arm-none-eabi/12.3.1/../../../../arm-none-eabi/lib/thumb/v7e-m+dp/hard\libc_nano.a(libc_a-mlock.o)
 .ARM.attributes
                0x0000048d       0x32 C:/ST/STM32CubeIDE_1.17.0/STM32CubeIDE/plugins/com.st.stm32cube.ide.mcu.externaltools.gnu-tools-for-stm32.12.3.rel1.win32_1.1.0.202410251130/tools/bin/../lib/gcc/arm-none-eabi/12.3.1/../../../../arm-none-eabi/lib/thumb/v7e-m+dp/hard\libc_nano.a(libc_a-findfp.o)
 .ARM.attributes
                0x000004bf       0x32 C:/ST/STM32CubeIDE_1.17.0/STM32CubeIDE/plugins/com.st.stm32cube.ide.mcu.externaltools.gnu-tools-for-stm32.12.3.rel1.win32_1.1.0.202410251130/tools/bin/../lib/gcc/arm-none-eabi/12.3.1/../../../../arm-none-eabi/lib/thumb/v7e-m+dp/hard\libc_nano.a(libc_a-memset.o)
 .ARM.attributes
                0x000004f1       0x32 C:/ST/STM32CubeIDE_1.17.0/STM32CubeIDE/plugins/com.st.stm32cube.ide.mcu.externaltools.gnu-tools-for-stm32.12.3.rel1.win32_1.1.0.202410251130/tools/bin/../lib/gcc/arm-none-eabi/12.3.1/../../../../arm-none-eabi/lib/thumb/v7e-m+dp/hard\libc_nano.a(libc_a-reent.o)
 .ARM.attributes
                0x00000523       0x32 C:/ST/STM32CubeIDE_1.17.0/STM32CubeIDE/plugins/com.st.stm32cube.ide.mcu.externaltools.gnu-tools-for-stm32.12.3.rel1.win32_1.1.0.202410251130/tools/bin/../lib/gcc/arm-none-eabi/12.3.1/../../../../arm-none-eabi/lib/thumb/v7e-m+dp/hard\libc_nano.a(libc_a-impure.o)
 .ARM.attributes
                0x00000555       0x32 C:/ST/STM32CubeIDE_1.17.0/STM32CubeIDE/plugins/com.st.stm32cube.ide.mcu.externaltools.gnu-tools-for-stm32.12.3.rel1.win32_1.1.0.202410251130/tools/bin/../lib/gcc/arm-none-eabi/12.3.1/../../../../arm-none-eabi/lib/thumb/v7e-m+dp/hard\libc_nano.a(libc_a-sbrkr.o)
 .ARM.attributes
                0x00000587       0x32 C:/ST/STM32CubeIDE_1.17.0/STM32CubeIDE/plugins/com.st.stm32cube.ide.mcu.externaltools.gnu-tools-for-stm32.12.3.rel1.win32_1.1.0.202410251130/tools/bin/../lib/gcc/arm-none-eabi/12.3.1/../../../../arm-none-eabi/lib/thumb/v7e-m+dp/hard\libc_nano.a(libc_a-errno.o)
 .ARM.attributes
                0x000005b9       0x32 C:/ST/STM32CubeIDE_1.17.0/STM32CubeIDE/plugins/com.st.stm32cube.ide.mcu.externaltools.gnu-tools-for-stm32.12.3.rel1.win32_1.1.0.202410251130/tools/bin/../lib/gcc/arm-none-eabi/12.3.1/../../../../arm-none-eabi/lib/thumb/v7e-m+dp/hard\libc_nano.a(libc_a-init.o)
 .ARM.attributes
                0x000005eb       0x32 C:/ST/STM32CubeIDE_1.17.0/STM32CubeIDE/plugins/com.st.stm32cube.ide.mcu.externaltools.gnu-tools-for-stm32.12.3.rel1.win32_1.1.0.202410251130/tools/bin/../lib/gcc/arm-none-eabi/12.3.1/../../../../arm-none-eabi/lib/thumb/v7e-m+dp/hard\libc_nano.a(libc_a-lock.o)
 .ARM.attributes
                0x0000061d       0x32 C:/ST/STM32CubeIDE_1.17.0/STM32CubeIDE/plugins/com.st.stm32cube.ide.mcu.externaltools.gnu-tools-for-stm32.12.3.rel1.win32_1.1.0.202410251130/tools/bin/../lib/gcc/arm-none-eabi/12.3.1/../../../../arm-none-eabi/lib/thumb/v7e-m+dp/hard\libc_nano.a(libc_a-freer.o)
 .ARM.attributes
                0x0000064f       0x20 C:/ST/STM32CubeIDE_1.17.0/STM32CubeIDE/plugins/com.st.stm32cube.ide.mcu.externaltools.gnu-tools-for-stm32.12.3.rel1.win32_1.1.0.202410251130/tools/bin/../lib/gcc/arm-none-eabi/12.3.1/thumb/v7e-m+dp/hard\libgcc.a(_aeabi_uldivmod.o)
 .ARM.attributes
                0x0000066f       0x32 C:/ST/STM32CubeIDE_1.17.0/STM32CubeIDE/plugins/com.st.stm32cube.ide.mcu.externaltools.gnu-tools-for-stm32.12.3.rel1.win32_1.1.0.202410251130/tools/bin/../lib/gcc/arm-none-eabi/12.3.1/thumb/v7e-m+dp/hard\libgcc.a(_udivmoddi4.o)
 .ARM.attributes
                0x000006a1       0x20 C:/ST/STM32CubeIDE_1.17.0/STM32CubeIDE/plugins/com.st.stm32cube.ide.mcu.externaltools.gnu-tools-for-stm32.12.3.rel1.win32_1.1.0.202410251130/tools/bin/../lib/gcc/arm-none-eabi/12.3.1/thumb/v7e-m+dp/hard\libgcc.a(_dvmd_tls.o)
 .ARM.attributes
                0x000006c1       0x20 C:/ST/STM32CubeIDE_1.17.0/STM32CubeIDE/plugins/com.st.stm32cube.ide.mcu.externaltools.gnu-tools-for-stm32.12.3.rel1.win32_1.1.0.202410251130/tools/bin/../lib/gcc/arm-none-eabi/12.3.1/thumb/v7e-m+dp/hard/crtn.o
OUTPUT(ETH.elf elf32-littlearm)
LOAD linker stubs
LOAD C:/ST/STM32CubeIDE_1.17.0/STM32CubeIDE/plugins/com.st.stm32cube.ide.mcu.externaltools.gnu-tools-for-stm32.12.3.rel1.win32_1.1.0.202410251130/tools/bin/../lib/gcc/arm-none-eabi/12.3.1/../../../../arm-none-eabi/lib/thumb/v7e-m+dp/hard\libc.a
LOAD C:/ST/STM32CubeIDE_1.17.0/STM32CubeIDE/plugins/com.st.stm32cube.ide.mcu.externaltools.gnu-tools-for-stm32.12.3.rel1.win32_1.1.0.202410251130/tools/bin/../lib/gcc/arm-none-eabi/12.3.1/../../../../arm-none-eabi/lib/thumb/v7e-m+dp/hard\libm.a
LOAD C:/ST/STM32CubeIDE_1.17.0/STM32CubeIDE/plugins/com.st.stm32cube.ide.mcu.externaltools.gnu-tools-for-stm32.12.3.rel1.win32_1.1.0.202410251130/tools/bin/../lib/gcc/arm-none-eabi/12.3.1/thumb/v7e-m+dp/hard\libgcc.a

.debug_info     0x00000000    0x1b315
 .debug_info    0x00000000      0x5e4 ./Core/Src/lan8742.o
 .debug_info    0x000005e4     0x361f ./Core/Src/main.o
 .debug_info    0x00003c03     0x2b3e ./Core/Src/stm32h7xx_hal_msp.o
 .debug_info    0x00006741      0xfca ./Core/Src/stm32h7xx_it.o
 .debug_info    0x0000770b      0x168 ./Core/Src/sysmem.o
 .debug_info    0x00007873      0xdb2 ./Core/Src/system_stm32h7xx.o
 .debug_info    0x00008625       0x30 ./Core/Startup/startup_stm32h750vbtx.o
 .debug_info    0x00008655     0x1541 ./Drivers/STM32H7xx_HAL_Driver/Src/stm32h7xx_hal.o
 .debug_info    0x00009b96     0x10b7 ./Drivers/STM32H7xx_HAL_Driver/Src/stm32h7xx_hal_cortex.o
 .debug_info    0x0000ac4d     0x2a5a ./Drivers/STM32H7xx_HAL_Driver/Src/stm32h7xx_hal_eth.o
 .debug_info    0x0000d6a7      0xc5a ./Drivers/STM32H7xx_HAL_Driver/Src/stm32h7xx_hal_gpio.o
 .debug_info    0x0000e301     0x22c9 ./Drivers/STM32H7xx_HAL_Driver/Src/stm32h7xx_hal_i2c.o
 .debug_info    0x000105ca      0xd84 ./Drivers/STM32H7xx_HAL_Driver/Src/stm32h7xx_hal_i2c_ex.o
 .debug_info    0x0001134e     0x1012 ./Drivers/STM32H7xx_HAL_Driver/Src/stm32h7xx_hal_pwr_ex.o
 .debug_info    0x00012360      0xe6a ./Drivers/STM32H7xx_HAL_Driver/Src/stm32h7xx_hal_rcc.o
 .debug_info    0x000131ca     0x1225 ./Drivers/STM32H7xx_HAL_Driver/Src/stm32h7xx_hal_rcc_ex.o
 .debug_info    0x000143ef     0x144a ./Drivers/STM32H7xx_HAL_Driver/Src/stm32h7xx_hal_spi.o
 .debug_info    0x00015839     0x4b1d ./Drivers/STM32H7xx_HAL_Driver/Src/stm32h7xx_hal_uart.o
 .debug_info    0x0001a356      0xfbf ./Drivers/STM32H7xx_HAL_Driver/Src/stm32h7xx_hal_uart_ex.o

.debug_abbrev   0x00000000     0x2b43
 .debug_abbrev  0x00000000      0x14c ./Core/Src/lan8742.o
 .debug_abbrev  0x0000014c      0x3ca ./Core/Src/main.o
 .debug_abbrev  0x00000516      0x26d ./Core/Src/stm32h7xx_hal_msp.o
 .debug_abbrev  0x00000783      0x177 ./Core/Src/stm32h7xx_it.o
 .debug_abbrev  0x000008fa       0xbc ./Core/Src/sysmem.o
 .debug_abbrev  0x000009b6      0x165 ./Core/Src/system_stm32h7xx.o
 .debug_abbrev  0x00000b1b       0x24 ./Core/Startup/startup_stm32h750vbtx.o
 .debug_abbrev  0x00000b3f      0x295 ./Drivers/STM32H7xx_HAL_Driver/Src/stm32h7xx_hal.o
 .debug_abbrev  0x00000dd4      0x339 ./Drivers/STM32H7xx_HAL_Driver/Src/stm32h7xx_hal_cortex.o
 .debug_abbrev  0x0000110d      0x347 ./Drivers/STM32H7xx_HAL_Driver/Src/stm32h7xx_hal_eth.o
 .debug_abbrev  0x00001454      0x205 ./Drivers/STM32H7xx_HAL_Driver/Src/stm32h7xx_hal_gpio.o
 .debug_abbrev  0x00001659      0x25d ./Drivers/STM32H7xx_HAL_Driver/Src/stm32h7xx_hal_i2c.o
 .debug_abbrev  0x000018b6      0x1f5 ./Drivers/STM32H7xx_HAL_Driver/Src/stm32h7xx_hal_i2c_ex.o
 .debug_abbrev  0x00001aab      0x2a7 ./Drivers/STM32H7xx_HAL_Driver/Src/stm32h7xx_hal_pwr_ex.o
 .debug_abbrev  0x00001d52      0x2c8 ./Drivers/STM32H7xx_HAL_Driver/Src/stm32h7xx_hal_rcc.o
 .debug_abbrev  0x0000201a      0x269 ./Drivers/STM32H7xx_HAL_Driver/Src/stm32h7xx_hal_rcc_ex.o
 .debug_abbrev  0x00002283      0x2b1 ./Drivers/STM32H7xx_HAL_Driver/Src/stm32h7xx_hal_spi.o
 .debug_abbrev  0x00002534      0x33d ./Drivers/STM32H7xx_HAL_Driver/Src/stm32h7xx_hal_uart.o
 .debug_abbrev  0x00002871      0x2d2 ./Drivers/STM32H7xx_HAL_Driver/Src/stm32h7xx_hal_uart_ex.o

.debug_aranges  0x00000000     0x11e0
 .debug_aranges
                0x00000000       0x88 ./Core/Src/lan8742.o
 .debug_aranges
                0x00000088       0xc0 ./Core/Src/main.o
 .debug_aranges
                0x00000148       0x60 ./Core/Src/stm32h7xx_hal_msp.o
 .debug_aranges
                0x000001a8       0x68 ./Core/Src/stm32h7xx_it.o
 .debug_aranges
                0x00000210       0x20 ./Core/Src/sysmem.o
 .debug_aranges
                0x00000230       0x30 ./Core/Src/system_stm32h7xx.o
 .debug_aranges
                0x00000260       0x28 ./Core/Startup/startup_stm32h750vbtx.o
 .debug_aranges
                0x00000288      0x198 ./Drivers/STM32H7xx_HAL_Driver/Src/stm32h7xx_hal.o
 .debug_aranges
                0x00000420      0x130 ./Drivers/STM32H7xx_HAL_Driver/Src/stm32h7xx_hal_cortex.o
 .debug_aranges
                0x00000550      0x1e0 ./Drivers/STM32H7xx_HAL_Driver/Src/stm32h7xx_hal_eth.o
 .debug_aranges
                0x00000730       0x58 ./Drivers/STM32H7xx_HAL_Driver/Src/stm32h7xx_hal_gpio.o
 .debug_aranges
                0x00000788      0x2a0 ./Drivers/STM32H7xx_HAL_Driver/Src/stm32h7xx_hal_i2c.o
 .debug_aranges
                0x00000a28       0x48 ./Drivers/STM32H7xx_HAL_Driver/Src/stm32h7xx_hal_i2c_ex.o
 .debug_aranges
                0x00000a70      0x158 ./Drivers/STM32H7xx_HAL_Driver/Src/stm32h7xx_hal_pwr_ex.o
 .debug_aranges
                0x00000bc8       0x88 ./Drivers/STM32H7xx_HAL_Driver/Src/stm32h7xx_hal_rcc.o
 .debug_aranges
                0x00000c50       0xf8 ./Drivers/STM32H7xx_HAL_Driver/Src/stm32h7xx_hal_rcc_ex.o
 .debug_aranges
                0x00000d48      0x1a8 ./Drivers/STM32H7xx_HAL_Driver/Src/stm32h7xx_hal_spi.o
 .debug_aranges
                0x00000ef0      0x248 ./Drivers/STM32H7xx_HAL_Driver/Src/stm32h7xx_hal_uart.o
 .debug_aranges
                0x00001138       0xa8 ./Drivers/STM32H7xx_HAL_Driver/Src/stm32h7xx_hal_uart_ex.o

.debug_rnglists
                0x00000000      0xdec
 .debug_rnglists
                0x00000000       0x64 ./Core/Src/lan8742.o
 .debug_rnglists
                0x00000064       0x93 ./Core/Src/main.o
 .debug_rnglists
                0x000000f7       0x48 ./Core/Src/stm32h7xx_hal_msp.o
 .debug_rnglists
                0x0000013f       0x49 ./Core/Src/stm32h7xx_it.o
 .debug_rnglists
                0x00000188       0x13 ./Core/Src/sysmem.o
 .debug_rnglists
                0x0000019b       0x21 ./Core/Src/system_stm32h7xx.o
 .debug_rnglists
                0x000001bc       0x19 ./Core/Startup/startup_stm32h750vbtx.o
 .debug_rnglists
                0x000001d5      0x131 ./Drivers/STM32H7xx_HAL_Driver/Src/stm32h7xx_hal.o
 .debug_rnglists
                0x00000306       0xe0 ./Drivers/STM32H7xx_HAL_Driver/Src/stm32h7xx_hal_cortex.o
 .debug_rnglists
                0x000003e6      0x17c ./Drivers/STM32H7xx_HAL_Driver/Src/stm32h7xx_hal_eth.o
 .debug_rnglists
                0x00000562       0x3f ./Drivers/STM32H7xx_HAL_Driver/Src/stm32h7xx_hal_gpio.o
 .debug_rnglists
                0x000005a1      0x22a ./Drivers/STM32H7xx_HAL_Driver/Src/stm32h7xx_hal_i2c.o
 .debug_rnglists
                0x000007cb       0x35 ./Drivers/STM32H7xx_HAL_Driver/Src/stm32h7xx_hal_i2c_ex.o
 .debug_rnglists
                0x00000800      0x103 ./Drivers/STM32H7xx_HAL_Driver/Src/stm32h7xx_hal_pwr_ex.o
 .debug_rnglists
                0x00000903       0x68 ./Drivers/STM32H7xx_HAL_Driver/Src/stm32h7xx_hal_rcc.o
 .debug_rnglists
                0x0000096b       0xc0 ./Drivers/STM32H7xx_HAL_Driver/Src/stm32h7xx_hal_rcc_ex.o
 .debug_rnglists
                0x00000a2b      0x148 ./Drivers/STM32H7xx_HAL_Driver/Src/stm32h7xx_hal_spi.o
 .debug_rnglists
                0x00000b73      0x1fa ./Drivers/STM32H7xx_HAL_Driver/Src/stm32h7xx_hal_uart.o
 .debug_rnglists
                0x00000d6d       0x7f ./Drivers/STM32H7xx_HAL_Driver/Src/stm32h7xx_hal_uart_ex.o

.debug_macro    0x00000000    0x38db7
 .debug_macro   0x00000000       0x78 ./Core/Src/lan8742.o
 .debug_macro   0x00000078      0xad2 ./Core/Src/lan8742.o
 .debug_macro   0x00000b4a       0x22 ./Core/Src/lan8742.o
 .debug_macro   0x00000b6c       0x8e ./Core/Src/lan8742.o
 .debug_macro   0x00000bfa       0x51 ./Core/Src/lan8742.o
 .debug_macro   0x00000c4b      0x103 ./Core/Src/lan8742.o
 .debug_macro   0x00000d4e       0x6a ./Core/Src/lan8742.o
 .debug_macro   0x00000db8      0x1df ./Core/Src/lan8742.o
 .debug_macro   0x00000f97      0x45e ./Core/Src/lan8742.o
 .debug_macro   0x000013f5      0x372 ./Core/Src/main.o
 .debug_macro   0x00001767      0x23e ./Core/Src/main.o
 .debug_macro   0x000019a5       0x2e ./Core/Src/main.o
 .debug_macro   0x000019d3       0x3b ./Core/Src/main.o
 .debug_macro   0x00001a0e       0x1c ./Core/Src/main.o
 .debug_macro   0x00001a2a       0x22 ./Core/Src/main.o
 .debug_macro   0x00001a4c       0xfb ./Core/Src/main.o
 .debug_macro   0x00001b47     0x1305 ./Core/Src/main.o
 .debug_macro   0x00002e4c      0x11f ./Core/Src/main.o
 .debug_macro   0x00002f6b       0x27 ./Core/Src/main.o
 .debug_macro   0x00002f92    0x26197 ./Core/Src/main.o
 .debug_macro   0x00029129       0x6d ./Core/Src/main.o
 .debug_macro   0x00029196     0x3d79 ./Core/Src/main.o
 .debug_macro   0x0002cf0f      0x189 ./Core/Src/main.o
 .debug_macro   0x0002d098       0x61 ./Core/Src/main.o
 .debug_macro   0x0002d0f9       0x29 ./Core/Src/main.o
 .debug_macro   0x0002d122       0x43 ./Core/Src/main.o
 .debug_macro   0x0002d165       0x34 ./Core/Src/main.o
 .debug_macro   0x0002d199       0x16 ./Core/Src/main.o
 .debug_macro   0x0002d1af       0x43 ./Core/Src/main.o
 .debug_macro   0x0002d1f2       0x34 ./Core/Src/main.o
 .debug_macro   0x0002d226       0x10 ./Core/Src/main.o
 .debug_macro   0x0002d236       0x58 ./Core/Src/main.o
 .debug_macro   0x0002d28e       0x8e ./Core/Src/main.o
 .debug_macro   0x0002d31c       0x1c ./Core/Src/main.o
 .debug_macro   0x0002d338      0x177 ./Core/Src/main.o
 .debug_macro   0x0002d4af      0x369 ./Core/Src/main.o
 .debug_macro   0x0002d818      0x19b ./Core/Src/main.o
 .debug_macro   0x0002d9b3       0x5d ./Core/Src/main.o
 .debug_macro   0x0002da10     0x240e ./Core/Src/main.o
 .debug_macro   0x0002fe1e     0x102c ./Core/Src/main.o
 .debug_macro   0x00030e4a      0x154 ./Core/Src/main.o
 .debug_macro   0x00030f9e      0x114 ./Core/Src/main.o
 .debug_macro   0x000310b2      0x3b6 ./Core/Src/main.o
 .debug_macro   0x00031468       0xac ./Core/Src/main.o
 .debug_macro   0x00031514      0x72d ./Core/Src/main.o
 .debug_macro   0x00031c41      0x228 ./Core/Src/main.o
 .debug_macro   0x00031e69       0x66 ./Core/Src/main.o
 .debug_macro   0x00031ecf      0x3bb ./Core/Src/main.o
 .debug_macro   0x0003228a      0xa80 ./Core/Src/main.o
 .debug_macro   0x00032d0a      0x129 ./Core/Src/main.o
 .debug_macro   0x00032e33      0x3e4 ./Core/Src/main.o
 .debug_macro   0x00033217      0x275 ./Core/Src/main.o
 .debug_macro   0x0003348c      0x3ca ./Core/Src/main.o
 .debug_macro   0x00033856      0x3de ./Core/Src/main.o
 .debug_macro   0x00033c34       0x3c ./Core/Src/main.o
 .debug_macro   0x00033c70       0x4a ./Core/Src/main.o
 .debug_macro   0x00033cba      0x22c ./Core/Src/main.o
 .debug_macro   0x00033ee6       0x67 ./Core/Src/main.o
 .debug_macro   0x00033f4d       0xa5 ./Core/Src/main.o
 .debug_macro   0x00033ff2      0x1c4 ./Core/Src/main.o
 .debug_macro   0x000341b6      0x25e ./Core/Src/main.o
 .debug_macro   0x00034414       0x35 ./Core/Src/main.o
 .debug_macro   0x00034449      0x5e4 ./Core/Src/main.o
 .debug_macro   0x00034a2d       0xc1 ./Core/Src/main.o
 .debug_macro   0x00034aee      0x693 ./Core/Src/main.o
 .debug_macro   0x00035181       0xa6 ./Core/Src/main.o
 .debug_macro   0x00035227      0x5ac ./Core/Src/main.o
 .debug_macro   0x000357d3       0x10 ./Core/Src/main.o
 .debug_macro   0x000357e3       0x16 ./Core/Src/main.o
 .debug_macro   0x000357f9       0x35 ./Core/Src/main.o
 .debug_macro   0x0003582e       0x20 ./Core/Src/main.o
 .debug_macro   0x0003584e      0x464 ./Core/Src/main.o
 .debug_macro   0x00035cb2       0x16 ./Core/Src/main.o
 .debug_macro   0x00035cc8       0x16 ./Core/Src/main.o
 .debug_macro   0x00035cde       0x29 ./Core/Src/main.o
 .debug_macro   0x00035d07       0x1c ./Core/Src/main.o
 .debug_macro   0x00035d23       0x10 ./Core/Src/main.o
 .debug_macro   0x00035d33       0x1c ./Core/Src/main.o
 .debug_macro   0x00035d4f       0x16 ./Core/Src/main.o
 .debug_macro   0x00035d65      0x146 ./Core/Src/main.o
 .debug_macro   0x00035eab      0x2d1 ./Core/Src/stm32h7xx_hal_msp.o
 .debug_macro   0x0003617c      0x2db ./Core/Src/stm32h7xx_it.o
 .debug_macro   0x00036457       0xff ./Core/Src/sysmem.o
 .debug_macro   0x00036556      0x23c ./Core/Src/sysmem.o
 .debug_macro   0x00036792      0x2c2 ./Core/Src/system_stm32h7xx.o
 .debug_macro   0x00036a54      0x2ec ./Drivers/STM32H7xx_HAL_Driver/Src/stm32h7xx_hal.o
 .debug_macro   0x00036d40      0x2c2 ./Drivers/STM32H7xx_HAL_Driver/Src/stm32h7xx_hal_cortex.o
 .debug_macro   0x00037002      0x356 ./Drivers/STM32H7xx_HAL_Driver/Src/stm32h7xx_hal_eth.o
 .debug_macro   0x00037358      0x2c9 ./Drivers/STM32H7xx_HAL_Driver/Src/stm32h7xx_hal_gpio.o
 .debug_macro   0x00037621      0x38e ./Drivers/STM32H7xx_HAL_Driver/Src/stm32h7xx_hal_i2c.o
 .debug_macro   0x000379af      0x2c2 ./Drivers/STM32H7xx_HAL_Driver/Src/stm32h7xx_hal_i2c_ex.o
 .debug_macro   0x00037c71      0x2fb ./Drivers/STM32H7xx_HAL_Driver/Src/stm32h7xx_hal_pwr_ex.o
 .debug_macro   0x00037f6c      0x2e6 ./Drivers/STM32H7xx_HAL_Driver/Src/stm32h7xx_hal_rcc.o
 .debug_macro   0x00038252      0x2e0 ./Drivers/STM32H7xx_HAL_Driver/Src/stm32h7xx_hal_rcc_ex.o
 .debug_macro   0x00038532      0x2ca ./Drivers/STM32H7xx_HAL_Driver/Src/stm32h7xx_hal_spi.o
 .debug_macro   0x000387fc      0x2ed ./Drivers/STM32H7xx_HAL_Driver/Src/stm32h7xx_hal_uart.o
 .debug_macro   0x00038ae9      0x2ce ./Drivers/STM32H7xx_HAL_Driver/Src/stm32h7xx_hal_uart_ex.o

.debug_line     0x00000000    0x1839f
 .debug_line    0x00000000      0x811 ./Core/Src/lan8742.o
 .debug_line    0x00000811      0xe3b ./Core/Src/main.o
 .debug_line    0x0000164c      0xad8 ./Core/Src/stm32h7xx_hal_msp.o
 .debug_line    0x00002124      0x9e6 ./Core/Src/stm32h7xx_it.o
 .debug_line    0x00002b0a      0x579 ./Core/Src/sysmem.o
 .debug_line    0x00003083      0xb08 ./Core/Src/system_stm32h7xx.o
 .debug_line    0x00003b8b       0x7b ./Core/Startup/startup_stm32h750vbtx.o
 .debug_line    0x00003c06      0xebc ./Drivers/STM32H7xx_HAL_Driver/Src/stm32h7xx_hal.o
 .debug_line    0x00004ac2      0xeeb ./Drivers/STM32H7xx_HAL_Driver/Src/stm32h7xx_hal_cortex.o
 .debug_line    0x000059ad     0x1c6d ./Drivers/STM32H7xx_HAL_Driver/Src/stm32h7xx_hal_eth.o
 .debug_line    0x0000761a      0xd94 ./Drivers/STM32H7xx_HAL_Driver/Src/stm32h7xx_hal_gpio.o
 .debug_line    0x000083ae     0x3f63 ./Drivers/STM32H7xx_HAL_Driver/Src/stm32h7xx_hal_i2c.o
 .debug_line    0x0000c311      0xb29 ./Drivers/STM32H7xx_HAL_Driver/Src/stm32h7xx_hal_i2c_ex.o
 .debug_line    0x0000ce3a      0xfdf ./Drivers/STM32H7xx_HAL_Driver/Src/stm32h7xx_hal_pwr_ex.o
 .debug_line    0x0000de19     0x148c ./Drivers/STM32H7xx_HAL_Driver/Src/stm32h7xx_hal_rcc.o
 .debug_line    0x0000f2a5     0x1e28 ./Drivers/STM32H7xx_HAL_Driver/Src/stm32h7xx_hal_rcc_ex.o
 .debug_line    0x000110cd     0x23ef ./Drivers/STM32H7xx_HAL_Driver/Src/stm32h7xx_hal_spi.o
 .debug_line    0x000134bc     0x3f89 ./Drivers/STM32H7xx_HAL_Driver/Src/stm32h7xx_hal_uart.o
 .debug_line    0x00017445      0xf5a ./Drivers/STM32H7xx_HAL_Driver/Src/stm32h7xx_hal_uart_ex.o

.debug_str      0x00000000   0x166610
 .debug_str     0x00000000     0x5a8c ./Core/Src/lan8742.o
                               0x5c46 (size before relaxing)
 .debug_str     0x00005a8c   0x15b291 ./Core/Src/main.o
                             0x1612c8 (size before relaxing)
 .debug_str     0x00160d1d      0x8d8 ./Core/Src/stm32h7xx_hal_msp.o
                             0x15ebe3 (size before relaxing)
 .debug_str     0x001615f5       0xdc ./Core/Src/stm32h7xx_it.o
                             0x15d365 (size before relaxing)
 .debug_str     0x001616d1      0x4dc ./Core/Src/sysmem.o
                               0x6102 (size before relaxing)
 .debug_str     0x00161bad      0x33d ./Core/Src/system_stm32h7xx.o
                             0x15ce9d (size before relaxing)
 .debug_str     0x00161eea       0x44 ./Core/Startup/startup_stm32h750vbtx.o
                                 0x57 (size before relaxing)
 .debug_str     0x00161f2e      0x7ed ./Drivers/STM32H7xx_HAL_Driver/Src/stm32h7xx_hal.o
                             0x15dd83 (size before relaxing)
 .debug_str     0x0016271b      0x2af ./Drivers/STM32H7xx_HAL_Driver/Src/stm32h7xx_hal_cortex.o
                             0x15d7be (size before relaxing)
 .debug_str     0x001629ca      0xc59 ./Drivers/STM32H7xx_HAL_Driver/Src/stm32h7xx_hal_eth.o
                             0x15e6fe (size before relaxing)
 .debug_str     0x00163623       0xec ./Drivers/STM32H7xx_HAL_Driver/Src/stm32h7xx_hal_gpio.o
                             0x15ce15 (size before relaxing)
 .debug_str     0x0016370f      0xe58 ./Drivers/STM32H7xx_HAL_Driver/Src/stm32h7xx_hal_i2c.o
                             0x15deb6 (size before relaxing)
 .debug_str     0x00164567       0xb8 ./Drivers/STM32H7xx_HAL_Driver/Src/stm32h7xx_hal_i2c_ex.o
                             0x15d25a (size before relaxing)
 .debug_str     0x0016461f      0x63b ./Drivers/STM32H7xx_HAL_Driver/Src/stm32h7xx_hal_pwr_ex.o
                             0x15d2d6 (size before relaxing)
 .debug_str     0x00164c5a      0x21a ./Drivers/STM32H7xx_HAL_Driver/Src/stm32h7xx_hal_rcc.o
                             0x15d1f9 (size before relaxing)
 .debug_str     0x00164e74      0x639 ./Drivers/STM32H7xx_HAL_Driver/Src/stm32h7xx_hal_rcc_ex.o
                             0x15d6da (size before relaxing)
 .debug_str     0x001654ad      0x52c ./Drivers/STM32H7xx_HAL_Driver/Src/stm32h7xx_hal_spi.o
                             0x15d51d (size before relaxing)
 .debug_str     0x001659d9      0x9d6 ./Drivers/STM32H7xx_HAL_Driver/Src/stm32h7xx_hal_uart.o
                             0x15dd3a (size before relaxing)
 .debug_str     0x001663af      0x261 ./Drivers/STM32H7xx_HAL_Driver/Src/stm32h7xx_hal_uart_ex.o
                             0x15d2fa (size before relaxing)

.comment        0x00000000       0x43
 .comment       0x00000000       0x43 ./Core/Src/lan8742.o
                                 0x44 (size before relaxing)
 .comment       0x00000043       0x44 ./Core/Src/main.o
 .comment       0x00000043       0x44 ./Core/Src/stm32h7xx_hal_msp.o
 .comment       0x00000043       0x44 ./Core/Src/stm32h7xx_it.o
 .comment       0x00000043       0x44 ./Core/Src/sysmem.o
 .comment       0x00000043       0x44 ./Core/Src/system_stm32h7xx.o
 .comment       0x00000043       0x44 ./Drivers/STM32H7xx_HAL_Driver/Src/stm32h7xx_hal.o
 .comment       0x00000043       0x44 ./Drivers/STM32H7xx_HAL_Driver/Src/stm32h7xx_hal_cortex.o
 .comment       0x00000043       0x44 ./Drivers/STM32H7xx_HAL_Driver/Src/stm32h7xx_hal_eth.o
 .comment       0x00000043       0x44 ./Drivers/STM32H7xx_HAL_Driver/Src/stm32h7xx_hal_gpio.o
 .comment       0x00000043       0x44 ./Drivers/STM32H7xx_HAL_Driver/Src/stm32h7xx_hal_i2c.o
 .comment       0x00000043       0x44 ./Drivers/STM32H7xx_HAL_Driver/Src/stm32h7xx_hal_i2c_ex.o
 .comment       0x00000043       0x44 ./Drivers/STM32H7xx_HAL_Driver/Src/stm32h7xx_hal_pwr_ex.o
 .comment       0x00000043       0x44 ./Drivers/STM32H7xx_HAL_Driver/Src/stm32h7xx_hal_rcc.o
 .comment       0x00000043       0x44 ./Drivers/STM32H7xx_HAL_Driver/Src/stm32h7xx_hal_rcc_ex.o
 .comment       0x00000043       0x44 ./Drivers/STM32H7xx_HAL_Driver/Src/stm32h7xx_hal_spi.o
 .comment       0x00000043       0x44 ./Drivers/STM32H7xx_HAL_Driver/Src/stm32h7xx_hal_uart.o
 .comment       0x00000043       0x44 ./Drivers/STM32H7xx_HAL_Driver/Src/stm32h7xx_hal_uart_ex.o

.debug_frame    0x00000000     0x4f74
 .debug_frame   0x00000000      0x20c ./Core/Src/lan8742.o
 .debug_frame   0x0000020c      0x2c8 ./Core/Src/main.o
 .debug_frame   0x000004d4      0x160 ./Core/Src/stm32h7xx_hal_msp.o
 .debug_frame   0x00000634      0x120 ./Core/Src/stm32h7xx_it.o
 .debug_frame   0x00000754       0x34 ./Core/Src/sysmem.o
 .debug_frame   0x00000788       0x78 ./Core/Src/system_stm32h7xx.o
 .debug_frame   0x00000800      0x690 ./Drivers/STM32H7xx_HAL_Driver/Src/stm32h7xx_hal.o
 .debug_frame   0x00000e90      0x508 ./Drivers/STM32H7xx_HAL_Driver/Src/stm32h7xx_hal_cortex.o
 .debug_frame   0x00001398      0x8bc ./Drivers/STM32H7xx_HAL_Driver/Src/stm32h7xx_hal_eth.o
 .debug_frame   0x00001c54      0x14c ./Drivers/STM32H7xx_HAL_Driver/Src/stm32h7xx_hal_gpio.o
 .debug_frame   0x00001da0      0xc40 ./Drivers/STM32H7xx_HAL_Driver/Src/stm32h7xx_hal_i2c.o
 .debug_frame   0x000029e0      0x100 ./Drivers/STM32H7xx_HAL_Driver/Src/stm32h7xx_hal_i2c_ex.o
 .debug_frame   0x00002ae0      0x580 ./Drivers/STM32H7xx_HAL_Driver/Src/stm32h7xx_hal_pwr_ex.o
 .debug_frame   0x00003060      0x1f8 ./Drivers/STM32H7xx_HAL_Driver/Src/stm32h7xx_hal_rcc.o
 .debug_frame   0x00003258      0x414 ./Drivers/STM32H7xx_HAL_Driver/Src/stm32h7xx_hal_rcc_ex.o
 .debug_frame   0x0000366c      0x7a8 ./Drivers/STM32H7xx_HAL_Driver/Src/stm32h7xx_hal_spi.o
 .debug_frame   0x00003e14      0xa94 ./Drivers/STM32H7xx_HAL_Driver/Src/stm32h7xx_hal_uart.o
 .debug_frame   0x000048a8      0x2c0 ./Drivers/STM32H7xx_HAL_Driver/Src/stm32h7xx_hal_uart_ex.o
 .debug_frame   0x00004b68       0x30 C:/ST/STM32CubeIDE_1.17.0/STM32CubeIDE/plugins/com.st.stm32cube.ide.mcu.externaltools.gnu-tools-for-stm32.12.3.rel1.win32_1.1.0.202410251130/tools/bin/../lib/gcc/arm-none-eabi/12.3.1/../../../../arm-none-eabi/lib/thumb/v7e-m+dp/hard\libc_nano.a(libc_a-malloc.o)
 .debug_frame   0x00004b98       0x50 C:/ST/STM32CubeIDE_1.17.0/STM32CubeIDE/plugins/com.st.stm32cube.ide.mcu.externaltools.gnu-tools-for-stm32.12.3.rel1.win32_1.1.0.202410251130/tools/bin/../lib/gcc/arm-none-eabi/12.3.1/../../../../arm-none-eabi/lib/thumb/v7e-m+dp/hard\libc_nano.a(libc_a-mallocr.o)
 .debug_frame   0x00004be8       0x30 C:/ST/STM32CubeIDE_1.17.0/STM32CubeIDE/plugins/com.st.stm32cube.ide.mcu.externaltools.gnu-tools-for-stm32.12.3.rel1.win32_1.1.0.202410251130/tools/bin/../lib/gcc/arm-none-eabi/12.3.1/../../../../arm-none-eabi/lib/thumb/v7e-m+dp/hard\libc_nano.a(libc_a-mlock.o)
 .debug_frame   0x00004c18      0x144 C:/ST/STM32CubeIDE_1.17.0/STM32CubeIDE/plugins/com.st.stm32cube.ide.mcu.externaltools.gnu-tools-for-stm32.12.3.rel1.win32_1.1.0.202410251130/tools/bin/../lib/gcc/arm-none-eabi/12.3.1/../../../../arm-none-eabi/lib/thumb/v7e-m+dp/hard\libc_nano.a(libc_a-findfp.o)
 .debug_frame   0x00004d5c       0x20 C:/ST/STM32CubeIDE_1.17.0/STM32CubeIDE/plugins/com.st.stm32cube.ide.mcu.externaltools.gnu-tools-for-stm32.12.3.rel1.win32_1.1.0.202410251130/tools/bin/../lib/gcc/arm-none-eabi/12.3.1/../../../../arm-none-eabi/lib/thumb/v7e-m+dp/hard\libc_nano.a(libc_a-memset.o)
 .debug_frame   0x00004d7c       0x38 C:/ST/STM32CubeIDE_1.17.0/STM32CubeIDE/plugins/com.st.stm32cube.ide.mcu.externaltools.gnu-tools-for-stm32.12.3.rel1.win32_1.1.0.202410251130/tools/bin/../lib/gcc/arm-none-eabi/12.3.1/../../../../arm-none-eabi/lib/thumb/v7e-m+dp/hard\libc_nano.a(libc_a-reent.o)
 .debug_frame   0x00004db4       0x2c C:/ST/STM32CubeIDE_1.17.0/STM32CubeIDE/plugins/com.st.stm32cube.ide.mcu.externaltools.gnu-tools-for-stm32.12.3.rel1.win32_1.1.0.202410251130/tools/bin/../lib/gcc/arm-none-eabi/12.3.1/../../../../arm-none-eabi/lib/thumb/v7e-m+dp/hard\libc_nano.a(libc_a-sbrkr.o)
 .debug_frame   0x00004de0       0x20 C:/ST/STM32CubeIDE_1.17.0/STM32CubeIDE/plugins/com.st.stm32cube.ide.mcu.externaltools.gnu-tools-for-stm32.12.3.rel1.win32_1.1.0.202410251130/tools/bin/../lib/gcc/arm-none-eabi/12.3.1/../../../../arm-none-eabi/lib/thumb/v7e-m+dp/hard\libc_nano.a(libc_a-errno.o)
 .debug_frame   0x00004e00       0x2c C:/ST/STM32CubeIDE_1.17.0/STM32CubeIDE/plugins/com.st.stm32cube.ide.mcu.externaltools.gnu-tools-for-stm32.12.3.rel1.win32_1.1.0.202410251130/tools/bin/../lib/gcc/arm-none-eabi/12.3.1/../../../../arm-none-eabi/lib/thumb/v7e-m+dp/hard\libc_nano.a(libc_a-init.o)
 .debug_frame   0x00004e2c       0xb0 C:/ST/STM32CubeIDE_1.17.0/STM32CubeIDE/plugins/com.st.stm32cube.ide.mcu.externaltools.gnu-tools-for-stm32.12.3.rel1.win32_1.1.0.202410251130/tools/bin/../lib/gcc/arm-none-eabi/12.3.1/../../../../arm-none-eabi/lib/thumb/v7e-m+dp/hard\libc_nano.a(libc_a-lock.o)
 .debug_frame   0x00004edc       0x38 C:/ST/STM32CubeIDE_1.17.0/STM32CubeIDE/plugins/com.st.stm32cube.ide.mcu.externaltools.gnu-tools-for-stm32.12.3.rel1.win32_1.1.0.202410251130/tools/bin/../lib/gcc/arm-none-eabi/12.3.1/../../../../arm-none-eabi/lib/thumb/v7e-m+dp/hard\libc_nano.a(libc_a-freer.o)
 .debug_frame   0x00004f14       0x2c C:/ST/STM32CubeIDE_1.17.0/STM32CubeIDE/plugins/com.st.stm32cube.ide.mcu.externaltools.gnu-tools-for-stm32.12.3.rel1.win32_1.1.0.202410251130/tools/bin/../lib/gcc/arm-none-eabi/12.3.1/thumb/v7e-m+dp/hard\libgcc.a(_aeabi_uldivmod.o)
 .debug_frame   0x00004f40       0x34 C:/ST/STM32CubeIDE_1.17.0/STM32CubeIDE/plugins/com.st.stm32cube.ide.mcu.externaltools.gnu-tools-for-stm32.12.3.rel1.win32_1.1.0.202410251130/tools/bin/../lib/gcc/arm-none-eabi/12.3.1/thumb/v7e-m+dp/hard\libgcc.a(_udivmoddi4.o)

.debug_line_str
                0x00000000       0x3b
 .debug_line_str
                0x00000000       0x3b ./Core/Startup/startup_stm32h750vbtx.o
