Archive member included to satisfy reference by file (symbol)

C:/ST/STM32CubeCLT_1.17.0/GNU-tools-for-STM32/bin/../lib/gcc/arm-none-eabi/12.3.1/../../../../arm-none-eabi/lib/thumb/v7e-m+dp/hard\libc_nano.a(libc_a-exit.o)
                              C:/ST/STM32CubeCLT_1.17.0/GNU-tools-for-STM32/bin/../lib/gcc/arm-none-eabi/12.3.1/../../../../arm-none-eabi/lib/thumb/v7e-m+dp/hard/crt0.o (exit)
C:/ST/STM32CubeCLT_1.17.0/GNU-tools-for-STM32/bin/../lib/gcc/arm-none-eabi/12.3.1/../../../../arm-none-eabi/lib/thumb/v7e-m+dp/hard\libc_nano.a(libc_a-findfp.o)
                              C:/ST/STM32CubeCLT_1.17.0/GNU-tools-for-STM32/bin/../lib/gcc/arm-none-eabi/12.3.1/../../../../arm-none-eabi/lib/thumb/v7e-m+dp/hard\libc_nano.a(libc_a-exit.o) (__stdio_exit_handler)
C:/ST/STM32CubeCLT_1.17.0/GNU-tools-for-STM32/bin/../lib/gcc/arm-none-eabi/12.3.1/../../../../arm-none-eabi/lib/thumb/v7e-m+dp/hard\libc_nano.a(libc_a-fwalk.o)
                              C:/ST/STM32CubeCLT_1.17.0/GNU-tools-for-STM32/bin/../lib/gcc/arm-none-eabi/12.3.1/../../../../arm-none-eabi/lib/thumb/v7e-m+dp/hard\libc_nano.a(libc_a-findfp.o) (_fwalk_sglue)
C:/ST/STM32CubeCLT_1.17.0/GNU-tools-for-STM32/bin/../lib/gcc/arm-none-eabi/12.3.1/../../../../arm-none-eabi/lib/thumb/v7e-m+dp/hard\libc_nano.a(libc_a-stdio.o)
                              C:/ST/STM32CubeCLT_1.17.0/GNU-tools-for-STM32/bin/../lib/gcc/arm-none-eabi/12.3.1/../../../../arm-none-eabi/lib/thumb/v7e-m+dp/hard\libc_nano.a(libc_a-findfp.o) (__sread)
C:/ST/STM32CubeCLT_1.17.0/GNU-tools-for-STM32/bin/../lib/gcc/arm-none-eabi/12.3.1/../../../../arm-none-eabi/lib/thumb/v7e-m+dp/hard\libc_nano.a(libc_a-memset.o)
                              C:/ST/STM32CubeCLT_1.17.0/GNU-tools-for-STM32/bin/../lib/gcc/arm-none-eabi/12.3.1/../../../../arm-none-eabi/lib/thumb/v7e-m+dp/hard/crt0.o (memset)
C:/ST/STM32CubeCLT_1.17.0/GNU-tools-for-STM32/bin/../lib/gcc/arm-none-eabi/12.3.1/../../../../arm-none-eabi/lib/thumb/v7e-m+dp/hard\libc_nano.a(libc_a-closer.o)
                              C:/ST/STM32CubeCLT_1.17.0/GNU-tools-for-STM32/bin/../lib/gcc/arm-none-eabi/12.3.1/../../../../arm-none-eabi/lib/thumb/v7e-m+dp/hard\libc_nano.a(libc_a-stdio.o) (_close_r)
C:/ST/STM32CubeCLT_1.17.0/GNU-tools-for-STM32/bin/../lib/gcc/arm-none-eabi/12.3.1/../../../../arm-none-eabi/lib/thumb/v7e-m+dp/hard\libc_nano.a(libc_a-reent.o)
                              C:/ST/STM32CubeCLT_1.17.0/GNU-tools-for-STM32/bin/../lib/gcc/arm-none-eabi/12.3.1/../../../../arm-none-eabi/lib/thumb/v7e-m+dp/hard\libc_nano.a(libc_a-closer.o) (errno)
C:/ST/STM32CubeCLT_1.17.0/GNU-tools-for-STM32/bin/../lib/gcc/arm-none-eabi/12.3.1/../../../../arm-none-eabi/lib/thumb/v7e-m+dp/hard\libc_nano.a(libc_a-impure.o)
                              C:/ST/STM32CubeCLT_1.17.0/GNU-tools-for-STM32/bin/../lib/gcc/arm-none-eabi/12.3.1/../../../../arm-none-eabi/lib/thumb/v7e-m+dp/hard\libc_nano.a(libc_a-reent.o) (_impure_ptr)
C:/ST/STM32CubeCLT_1.17.0/GNU-tools-for-STM32/bin/../lib/gcc/arm-none-eabi/12.3.1/../../../../arm-none-eabi/lib/thumb/v7e-m+dp/hard\libc_nano.a(libc_a-lseekr.o)
                              C:/ST/STM32CubeCLT_1.17.0/GNU-tools-for-STM32/bin/../lib/gcc/arm-none-eabi/12.3.1/../../../../arm-none-eabi/lib/thumb/v7e-m+dp/hard\libc_nano.a(libc_a-stdio.o) (_lseek_r)
C:/ST/STM32CubeCLT_1.17.0/GNU-tools-for-STM32/bin/../lib/gcc/arm-none-eabi/12.3.1/../../../../arm-none-eabi/lib/thumb/v7e-m+dp/hard\libc_nano.a(libc_a-readr.o)
                              C:/ST/STM32CubeCLT_1.17.0/GNU-tools-for-STM32/bin/../lib/gcc/arm-none-eabi/12.3.1/../../../../arm-none-eabi/lib/thumb/v7e-m+dp/hard\libc_nano.a(libc_a-stdio.o) (_read_r)
C:/ST/STM32CubeCLT_1.17.0/GNU-tools-for-STM32/bin/../lib/gcc/arm-none-eabi/12.3.1/../../../../arm-none-eabi/lib/thumb/v7e-m+dp/hard\libc_nano.a(libc_a-writer.o)
                              C:/ST/STM32CubeCLT_1.17.0/GNU-tools-for-STM32/bin/../lib/gcc/arm-none-eabi/12.3.1/../../../../arm-none-eabi/lib/thumb/v7e-m+dp/hard\libc_nano.a(libc_a-stdio.o) (_write_r)
C:/ST/STM32CubeCLT_1.17.0/GNU-tools-for-STM32/bin/../lib/gcc/arm-none-eabi/12.3.1/../../../../arm-none-eabi/lib/thumb/v7e-m+dp/hard\libc_nano.a(libc_a-init.o)
                              C:/ST/STM32CubeCLT_1.17.0/GNU-tools-for-STM32/bin/../lib/gcc/arm-none-eabi/12.3.1/../../../../arm-none-eabi/lib/thumb/v7e-m+dp/hard/crt0.o (__libc_init_array)
C:/ST/STM32CubeCLT_1.17.0/GNU-tools-for-STM32/bin/../lib/gcc/arm-none-eabi/12.3.1/../../../../arm-none-eabi/lib/thumb/v7e-m+dp/hard\libc_nano.a(libc_a-lock.o)
                              C:/ST/STM32CubeCLT_1.17.0/GNU-tools-for-STM32/bin/../lib/gcc/arm-none-eabi/12.3.1/../../../../arm-none-eabi/lib/thumb/v7e-m+dp/hard\libc_nano.a(libc_a-findfp.o) (__retarget_lock_init_recursive)
C:/ST/STM32CubeCLT_1.17.0/GNU-tools-for-STM32/bin/../lib/gcc/arm-none-eabi/12.3.1/../../../../arm-none-eabi/lib/thumb/v7e-m+dp/hard\libc_nano.a(libc_a-freer.o)
[...]
Memory Configuration

Name             Origin             Length             Attributes
FLASH            0x08000000         0x00020000         xr
DTCMRAM          0x20000000         0x00020000         xrw
RAM_D1           0x24000000         0x00080000         xrw
RAM_D2           0x30000000         0x00048000         xrw
RAM_D3           0x38000000         0x00010000         xrw
ITCMRAM          0x00000000         0x00010000         xrw
*default*        0x00000000         0xffffffff

Linker script and memory map

LOAD C:/ST/STM32CubeCLT_1.17.0/GNU-tools-for-STM32/bin/../lib/gcc/arm-none-eabi/12.3.1/thumb/v7e-m+dp/hard/crti.o
LOAD C:/ST/STM32CubeCLT_1.17.0/GNU-tools-for-STM32/bin/../lib/gcc/arm-none-eabi/12.3.1/thumb/v7e-m+dp/hard/crtbegin.o
LOAD C:/ST/STM32CubeCLT_1.17.0/GNU-tools-for-STM32/bin/../lib/gcc/arm-none-eabi/12.3.1/../../../../arm-none-eabi/lib/thumb/v7e-m+dp/hard/crt0.o
START GROUP
LOAD C:/ST/STM32CubeCLT_1.17.0/GNU-tools-for-STM32/bin/../lib/gcc/arm-none-eabi/12.3.1/../../../../arm-none-eabi/lib/thumb/v7e-m+dp/hard\libc_nano.a
LOAD C:/ST/STM32CubeCLT_1.17.0/GNU-tools-for-STM32/bin/../lib/gcc/arm-none-eabi/12.3.1/../../../../arm-none-eabi/lib/thumb/v7e-m+dp/hard\libm.a
END GROUP
LOAD CMakeFiles/ETH.dir/Core/Src/lan8742.c.obj
LOAD CMakeFiles/ETH.dir/Core/Src/parseSV.c.obj
LOAD CMakeFiles/ETH.dir/Core/Src/main.c.obj
LOAD CMakeFiles/ETH.dir/Core/Src/stm32h7xx_it.c.obj
LOAD CMakeFiles/ETH.dir/Core/Src/stm32h7xx_hal_msp.c.obj
LOAD CMakeFiles/ETH.dir/Drivers/STM32H7xx_HAL_Driver/Src/stm32h7xx_hal_cortex.c.obj
LOAD CMakeFiles/ETH.dir/Drivers/STM32H7xx_HAL_Driver/Src/stm32h7xx_hal_rcc.c.obj
LOAD CMakeFiles/ETH.dir/Drivers/STM32H7xx_HAL_Driver/Src/stm32h7xx_hal_rcc_ex.c.obj
LOAD CMakeFiles/ETH.dir/Drivers/STM32H7xx_HAL_Driver/Src/stm32h7xx_hal_flash.c.obj
LOAD CMakeFiles/ETH.dir/Drivers/STM32H7xx_HAL_Driver/Src/stm32h7xx_hal_flash_ex.c.obj
LOAD CMakeFiles/ETH.dir/Drivers/STM32H7xx_HAL_Driver/Src/stm32h7xx_hal_gpio.c.obj
LOAD CMakeFiles/ETH.dir/Drivers/STM32H7xx_HAL_Driver/Src/stm32h7xx_hal_hsem.c.obj
LOAD CMakeFiles/ETH.dir/Drivers/STM32H7xx_HAL_Driver/Src/stm32h7xx_hal_dma.c.obj
LOAD CMakeFiles/ETH.dir/Drivers/STM32H7xx_HAL_Driver/Src/stm32h7xx_hal_dma_ex.c.obj
LOAD CMakeFiles/ETH.dir/Drivers/STM32H7xx_HAL_Driver/Src/stm32h7xx_hal_mdma.c.obj
LOAD CMakeFiles/ETH.dir/Drivers/STM32H7xx_HAL_Driver/Src/stm32h7xx_hal_pwr.c.obj
LOAD CMakeFiles/ETH.dir/Drivers/STM32H7xx_HAL_Driver/Src/stm32h7xx_hal_pwr_ex.c.obj
LOAD CMakeFiles/ETH.dir/Drivers/STM32H7xx_HAL_Driver/Src/stm32h7xx_hal.c.obj
LOAD CMakeFiles/ETH.dir/Drivers/STM32H7xx_HAL_Driver/Src/stm32h7xx_hal_i2c.c.obj
LOAD CMakeFiles/ETH.dir/Drivers/STM32H7xx_HAL_Driver/Src/stm32h7xx_hal_i2c_ex.c.obj
LOAD CMakeFiles/ETH.dir/Drivers/STM32H7xx_HAL_Driver/Src/stm32h7xx_hal_exti.c.obj
LOAD CMakeFiles/ETH.dir/Drivers/STM32H7xx_HAL_Driver/Src/stm32h7xx_hal_eth.c.obj
LOAD CMakeFiles/ETH.dir/Drivers/STM32H7xx_HAL_Driver/Src/stm32h7xx_hal_eth_ex.c.obj
LOAD CMakeFiles/ETH.dir/Drivers/STM32H7xx_HAL_Driver/Src/stm32h7xx_hal_spi.c.obj
LOAD CMakeFiles/ETH.dir/Drivers/STM32H7xx_HAL_Driver/Src/stm32h7xx_hal_spi_ex.c.obj
LOAD CMakeFiles/ETH.dir/Drivers/STM32H7xx_HAL_Driver/Src/stm32h7xx_hal_uart.c.obj
LOAD CMakeFiles/ETH.dir/Drivers/STM32H7xx_HAL_Driver/Src/stm32h7xx_hal_uart_ex.c.obj
LOAD CMakeFiles/ETH.dir/Core/Src/system_stm32h7xx.c.obj
LOAD CMakeFiles/ETH.dir/Core/Src/sysmem.c.obj
LOAD CMakeFiles/ETH.dir/Core/Src/syscalls.c.obj
LOAD CMakeFiles/ETH.dir/startup_stm32h750xx.s.obj
START GROUP
LOAD C:/ST/STM32CubeCLT_1.17.0/GNU-tools-for-STM32/bin/../lib/gcc/arm-none-eabi/12.3.1/thumb/v7e-m+dp/hard\libgcc.a
LOAD C:/ST/STM32CubeCLT_1.17.0/GNU-tools-for-STM32/bin/../lib/gcc/arm-none-eabi/12.3.1/../../../../arm-none-eabi/lib/thumb/v7e-m+dp/hard\libg_nano.a
LOAD C:/ST/STM32CubeCLT_1.17.0/GNU-tools-for-STM32/bin/../lib/gcc/arm-none-eabi/12.3.1/../../../../arm-none-eabi/lib/thumb/v7e-m+dp/hard\libc_nano.a
END GROUP
START GROUP
LOAD C:/ST/STM32CubeCLT_1.17.0/GNU-tools-for-STM32/bin/../lib/gcc/arm-none-eabi/12.3.1/thumb/v7e-m+dp/hard\libgcc.a
LOAD C:/ST/STM32CubeCLT_1.17.0/GNU-tools-for-STM32/bin/../lib/gcc/arm-none-eabi/12.3.1/../../../../arm-none-eabi/lib/thumb/v7e-m+dp/hard\libc_nano.a
END GROUP
LOAD C:/ST/STM32CubeCLT_1.17.0/GNU-tools-for-STM32/bin/../lib/gcc/arm-none-eabi/12.3.1/thumb/v7e-m+dp/hard/crtend.o
LOAD C:/ST/STM32CubeCLT_1.17.0/GNU-tools-for-STM32/bin/../lib/gcc/arm-none-eabi/12.3.1/thumb/v7e-m+dp/hard/crtn.o
                0x24080000                        _estack = (ORIGIN (RAM_D1) + LENGTH (RAM_D1))
                0x00005000                        _Min_Heap_Size = 0x5000
                0x00010000                        _Min_Stack_Size = 0x10000

.isr_vector     0x08000000      0x298
                0x08000000                        . = ALIGN (0x4)
 *(.isr_vector)
 .isr_vector    0x08000000      0x298 CMakeFiles/ETH.dir/startup_stm32h750xx.s.obj
                0x08000000                g_pfnVectors
                0x08000298                        . = ALIGN (0x4)

.text           0x080002a0     0x87cc
                0x080002a0                        . = ALIGN (0x4)
 *(.text)
 .text          0x080002a0       0x40 C:/ST/STM32CubeCLT_1.17.0/GNU-tools-for-STM32/bin/../lib/gcc/arm-none-eabi/12.3.1/thumb/v7e-m+dp/hard/crtbegin.o
 .text          0x080002e0       0x30 C:/ST/STM32CubeCLT_1.17.0/GNU-tools-for-STM32/bin/../lib/gcc/arm-none-eabi/12.3.1/thumb/v7e-m+dp/hard\libgcc.a(_aeabi_uldivmod.o)
                0x080002e0                __aeabi_uldivmod
 .text          0x08000310      0x2bc C:/ST/STM32CubeCLT_1.17.0/GNU-tools-for-STM32/bin/../lib/gcc/arm-none-eabi/12.3.1/thumb/v7e-m+dp/hard\libgcc.a(_udivmoddi4.o)
                0x08000310                __udivmoddi4
 .text          0x080005cc        0x4 C:/ST/STM32CubeCLT_1.17.0/GNU-tools-for-STM32/bin/../lib/gcc/arm-none-eabi/12.3.1/thumb/v7e-m+dp/hard\libgcc.a(_dvmd_tls.o)
                0x080005cc                __aeabi_idiv0
                0x080005cc                __aeabi_ldiv0
 .text          0x080005d0       0xa0 C:/ST/STM32CubeCLT_1.17.0/GNU-tools-for-STM32/bin/../lib/gcc/arm-none-eabi/12.3.1/../../../../arm-none-eabi/lib/thumb/v7e-m+dp/hard\libg_nano.a(libc_a-memchr.o)
                0x080005d0                memchr
 *(.text*)
 .text.std      0x08000670       0x6c C:/ST/STM32CubeCLT_1.17.0/GNU-tools-for-STM32/bin/../lib/gcc/arm-none-eabi/12.3.1/../../../../arm-none-eabi/lib/thumb/v7e-m+dp/hard\libc_nano.a(libc_a-findfp.o)
 .text.stdio_exit_handler
                0x080006dc       0x18 C:/ST/STM32CubeCLT_1.17.0/GNU-tools-for-STM32/bin/../lib/gcc/arm-none-eabi/12.3.1/../../../../arm-none-eabi/lib/thumb/v7e-m+dp/hard\libc_nano.a(libc_a-findfp.o)
 .text.cleanup_stdio
                0x080006f4       0x40 C:/ST/STM32CubeCLT_1.17.0/GNU-tools-for-STM32/bin/../lib/gcc/arm-none-eabi/12.3.1/../../../../arm-none-eabi/lib/thumb/v7e-m+dp/hard\libc_nano.a(libc_a-findfp.o)
 .text.global_stdio_init.part.0
                0x08000734       0x3c C:/ST/STM32CubeCLT_1.17.0/GNU-tools-for-STM32/bin/../lib/gcc/arm-none-eabi/12.3.1/../../../../arm-none-eabi/lib/thumb/v7e-m+dp/hard\libc_nano.a(libc_a-findfp.o)
 .text.__sfp_lock_acquire
                0x08000770        0xc C:/ST/STM32CubeCLT_1.17.0/GNU-tools-for-STM32/bin/../lib/gcc/arm-none-eabi/12.3.1/../../../../arm-none-eabi/lib/thumb/v7e-m+dp/hard\libc_nano.a(libc_a-findfp.o)
                0x08000770                __sfp_lock_acquire
 .text.__sfp_lock_release
                0x0800077c        0xc C:/ST/STM32CubeCLT_1.17.0/GNU-tools-for-STM32/bin/../lib/gcc/arm-none-eabi/12.3.1/../../../../arm-none-eabi/lib/thumb/v7e-m+dp/hard\libc_nano.a(libc_a-findfp.o)
                0x0800077c                __sfp_lock_release
 .text.__sinit  0x08000788       0x30 C:/ST/STM32CubeCLT_1.17.0/GNU-tools-for-STM32/bin/../lib/gcc/arm-none-eabi/12.3.1/../../../../arm-none-eabi/lib/thumb/v7e-m+dp/hard\libc_nano.a(libc_a-findfp.o)
                0x08000788                __sinit
 .text._fwalk_sglue
                0x080007b8       0x3c C:/ST/STM32CubeCLT_1.17.0/GNU-tools-for-STM32/bin/../lib/gcc/arm-none-eabi/12.3.1/../../../../arm-none-eabi/lib/thumb/v7e-m+dp/hard\libc_nano.a(libc_a-fwalk.o)
                0x080007b8                _fwalk_sglue
 .text.__sread  0x080007f4       0x22 C:/ST/STM32CubeCLT_1.17.0/GNU-tools-for-STM32/bin/../lib/gcc/arm-none-eabi/12.3.1/../../../../arm-none-eabi/lib/thumb/v7e-m+dp/hard\libc_nano.a(libc_a-stdio.o)
                0x080007f4                __sread
 .text.__swrite
                0x08000816       0x38 C:/ST/STM32CubeCLT_1.17.0/GNU-tools-for-STM32/bin/../lib/gcc/arm-none-eabi/12.3.1/../../../../arm-none-eabi/lib/thumb/v7e-m+dp/hard\libc_nano.a(libc_a-stdio.o)
                0x08000816                __swrite
 .text.__sseek  0x0800084e       0x24 C:/ST/STM32CubeCLT_1.17.0/GNU-tools-for-STM32/bin/../lib/gcc/arm-none-eabi/12.3.1/../../../../arm-none-eabi/lib/thumb/v7e-m+dp/hard\libc_nano.a(libc_a-stdio.o)
                0x0800084e                __sseek
 .text.__sclose
                0x08000872        0x8 C:/ST/STM32CubeCLT_1.17.0/GNU-tools-for-STM32/bin/../lib/gcc/arm-none-eabi/12.3.1/../../../../arm-none-eabi/lib/thumb/v7e-m+dp/hard\libc_nano.a(libc_a-stdio.o)
                0x08000872                __sclose
 .text.memset   0x0800087a       0x10 C:/ST/STM32CubeCLT_1.17.0/GNU-tools-for-STM32/bin/../lib/gcc/arm-none-eabi/12.3.1/../../../../arm-none-eabi/lib/thumb/v7e-m+dp/hard\libc_nano.a(libc_a-memset.o)
                0x0800087a                memset
 *fill*         0x0800088a        0x2 
 .text._close_r
                0x0800088c       0x20 C:/ST/STM32CubeCLT_1.17.0/GNU-tools-for-STM32/bin/../lib/gcc/arm-none-eabi/12.3.1/../../../../arm-none-eabi/lib/thumb/v7e-m+dp/hard\libc_nano.a(libc_a-closer.o)
                0x0800088c                _close_r
 .text._lseek_r
                0x080008ac       0x24 C:/ST/STM32CubeCLT_1.17.0/GNU-tools-for-STM32/bin/../lib/gcc/arm-none-eabi/12.3.1/../../../../arm-none-eabi/lib/thumb/v7e-m+dp/hard\libc_nano.a(libc_a-lseekr.o)
                0x080008ac                _lseek_r
 .text._read_r  0x080008d0       0x24 C:/ST/STM32CubeCLT_1.17.0/GNU-tools-for-STM32/bin/../lib/gcc/arm-none-eabi/12.3.1/../../../../arm-none-eabi/lib/thumb/v7e-m+dp/hard\libc_nano.a(libc_a-readr.o)
                0x080008d0                _read_r
 .text._write_r
                0x080008f4       0x24 C:/ST/STM32CubeCLT_1.17.0/GNU-tools-for-STM32/bin/../lib/gcc/arm-none-eabi/12.3.1/../../../../arm-none-eabi/lib/thumb/v7e-m+dp/hard\libc_nano.a(libc_a-writer.o)
                0x080008f4                _write_r
 .text.__libc_init_array
                0x08000918       0x48 C:/ST/STM32CubeCLT_1.17.0/GNU-tools-for-STM32/bin/../lib/gcc/arm-none-eabi/12.3.1/../../../../arm-none-eabi/lib/thumb/v7e-m+dp/hard\libc_nano.a(libc_a-init.o)
                0x08000918                __libc_init_array
 .text.__retarget_lock_init_recursive
                0x08000960        0x2 C:/ST/STM32CubeCLT_1.17.0/GNU-tools-for-STM32/bin/../lib/gcc/arm-none-eabi/12.3.1/../../../../arm-none-eabi/lib/thumb/v7e-m+dp/hard\libc_nano.a(libc_a-lock.o)
                0x08000960                __retarget_lock_init_recursive
 .text.__retarget_lock_acquire_recursive
                0x08000962        0x2 C:/ST/STM32CubeCLT_1.17.0/GNU-tools-for-STM32/bin/../lib/gcc/arm-none-eabi/12.3.1/../../../../arm-none-eabi/lib/thumb/v7e-m+dp/hard\libc_nano.a(libc_a-lock.o)
                0x08000962                __retarget_lock_acquire_recursive
 .text.__retarget_lock_release_recursive
                0x08000964        0x2 C:/ST/STM32CubeCLT_1.17.0/GNU-tools-for-STM32/bin/../lib/gcc/arm-none-eabi/12.3.1/../../../../arm-none-eabi/lib/thumb/v7e-m+dp/hard\libc_nano.a(libc_a-lock.o)
                0x08000964                __retarget_lock_release_recursive
 *fill*         0x08000966        0x2 
 .text._free_r  0x08000968       0x94 C:/ST/STM32CubeCLT_1.17.0/GNU-tools-for-STM32/bin/../lib/gcc/arm-none-eabi/12.3.1/../../../../arm-none-eabi/lib/thumb/v7e-m+dp/hard\libc_nano.a(libc_a-freer.o)
                0x08000968                _free_r
 .text.sbrk_aligned
                0x080009fc       0x44 C:/ST/STM32CubeCLT_1.17.0/GNU-tools-for-STM32/bin/../lib/gcc/arm-none-eabi/12.3.1/../../../../arm-none-eabi/lib/thumb/v7e-m+dp/hard\libc_nano.a(libc_a-mallocr.o)
 .text._malloc_r
                0x08000a40      0x100 C:/ST/STM32CubeCLT_1.17.0/GNU-tools-for-STM32/bin/../lib/gcc/arm-none-eabi/12.3.1/../../../../arm-none-eabi/lib/thumb/v7e-m+dp/hard\libc_nano.a(libc_a-mallocr.o)
                0x08000a40                _malloc_r
 .text.__malloc_lock
                0x08000b40        0xc C:/ST/STM32CubeCLT_1.17.0/GNU-tools-for-STM32/bin/../lib/gcc/arm-none-eabi/12.3.1/../../../../arm-none-eabi/lib/thumb/v7e-m+dp/hard\libc_nano.a(libc_a-mlock.o)
                0x08000b40                __malloc_lock
 .text.__malloc_unlock
                0x08000b4c        0xc C:/ST/STM32CubeCLT_1.17.0/GNU-tools-for-STM32/bin/../lib/gcc/arm-none-eabi/12.3.1/../../../../arm-none-eabi/lib/thumb/v7e-m+dp/hard\libc_nano.a(libc_a-mlock.o)
                0x08000b4c                __malloc_unlock
 .text.__sflush_r
                0x08000b58      0x108 C:/ST/STM32CubeCLT_1.17.0/GNU-tools-for-STM32/bin/../lib/gcc/arm-none-eabi/12.3.1/../../../../arm-none-eabi/lib/thumb/v7e-m+dp/hard\libc_nano.a(libc_a-fflush.o)
                0x08000b58                __sflush_r
 .text._fflush_r
                0x08000c60       0x50 C:/ST/STM32CubeCLT_1.17.0/GNU-tools-for-STM32/bin/../lib/gcc/arm-none-eabi/12.3.1/../../../../arm-none-eabi/lib/thumb/v7e-m+dp/hard\libc_nano.a(libc_a-fflush.o)
                0x08000c60                _fflush_r
 .text._sbrk_r  0x08000cb0       0x20 C:/ST/STM32CubeCLT_1.17.0/GNU-tools-for-STM32/bin/../lib/gcc/arm-none-eabi/12.3.1/../../../../arm-none-eabi/lib/thumb/v7e-m+dp/hard\libc_nano.a(libc_a-sbrkr.o)
                0x08000cb0                _sbrk_r
 .text.LAN8742_RegisterBusIO
                0x08000cd0       0x64 CMakeFiles/ETH.dir/Core/Src/lan8742.c.obj
                0x08000cd0                LAN8742_RegisterBusIO
 .text.LAN8742_Init
                0x08000d34       0x9a CMakeFiles/ETH.dir/Core/Src/lan8742.c.obj
                0x08000d34                LAN8742_Init
 .text.LAN8742_GetLinkState
                0x08000dce      0x10e CMakeFiles/ETH.dir/Core/Src/lan8742.c.obj
                0x08000dce                LAN8742_GetLinkState
 .text.reverse_bytes
                0x08000edc       0x34 CMakeFiles/ETH.dir/Core/Src/parseSV.c.obj
                0x08000edc                reverse_bytes
 .text.reverse_bytes_16
                0x08000f10       0x2c CMakeFiles/ETH.dir/Core/Src/parseSV.c.obj
                0x08000f10                reverse_bytes_16
 .text.get_data_sv_256
                0x08000f3c       0x4e CMakeFiles/ETH.dir/Core/Src/parseSV.c.obj
                0x08000f3c                get_data_sv_256
 .text.get_value_int16
                0x08000f8a       0x2a CMakeFiles/ETH.dir/Core/Src/parseSV.c.obj
                0x08000f8a                get_value_int16
 .text.revers_bytes_buf
                0x08000fb4       0x42 CMakeFiles/ETH.dir/Core/Src/parseSV.c.obj
                0x08000fb4                revers_bytes_buf
 *fill*         0x08000ff6        0x2 
 .text.main     0x08000ff8      0x3c8 CMakeFiles/ETH.dir/Core/Src/main.c.obj
                0x08000ff8                main
 .text.SystemClock_Config
                0x080013c0       0xf8 CMakeFiles/ETH.dir/Core/Src/main.c.obj
                0x080013c0                SystemClock_Config
 .text.PeriphCommonClock_Config
                0x080014b8       0x5e CMakeFiles/ETH.dir/Core/Src/main.c.obj
                0x080014b8                PeriphCommonClock_Config
 *fill*         0x08001516        0x2 
 .text.MX_ETH_Init
                0x08001518       0xb8 CMakeFiles/ETH.dir/Core/Src/main.c.obj
 .text.MX_I2C1_Init
                0x080015d0       0x80 CMakeFiles/ETH.dir/Core/Src/main.c.obj
 .text.MX_SPI1_Init
                0x08001650       0xac CMakeFiles/ETH.dir/Core/Src/main.c.obj
 .text.MX_SPI2_Init
                0x080016fc       0xac CMakeFiles/ETH.dir/Core/Src/main.c.obj
 .text.MX_USART1_UART_Init
                0x080017a8       0x98 CMakeFiles/ETH.dir/Core/Src/main.c.obj
 .text.MX_GPIO_Init
                0x08001840      0x110 CMakeFiles/ETH.dir/Core/Src/main.c.obj
 .text.ETH_PHY_INTERFACE_Init
                0x08001950       0x14 CMakeFiles/ETH.dir/Core/Src/main.c.obj
                0x08001950                ETH_PHY_INTERFACE_Init
 .text.ETH_PHY_INTERFACE_DeInit
                0x08001964       0x10 CMakeFiles/ETH.dir/Core/Src/main.c.obj
                0x08001964                ETH_PHY_INTERFACE_DeInit
 .text.ETH_PHY_INTERFACE_ReadReg
                0x08001974       0x34 CMakeFiles/ETH.dir/Core/Src/main.c.obj
                0x08001974                ETH_PHY_INTERFACE_ReadReg
 .text.ETH_PHY_INTERFACE_WriteReg
                0x080019a8       0x34 CMakeFiles/ETH.dir/Core/Src/main.c.obj
                0x080019a8                ETH_PHY_INTERFACE_WriteReg
 .text.ETH_PHY_INTERFACE_GetTick
                0x080019dc        0xe CMakeFiles/ETH.dir/Core/Src/main.c.obj
                0x080019dc                ETH_PHY_INTERFACE_GetTick
 *fill*         0x080019ea        0x2 
 .text.ETH_StartLink
                0x080019ec       0xf0 CMakeFiles/ETH.dir/Core/Src/main.c.obj
                0x080019ec                ETH_StartLink
 .text.HAL_ETH_RxAllocateCallback
                0x08001adc       0x42 CMakeFiles/ETH.dir/Core/Src/main.c.obj
                0x08001adc                HAL_ETH_RxAllocateCallback
 .text.HAL_ETH_RxLinkCallback
                0x08001b1e       0x58 CMakeFiles/ETH.dir/Core/Src/main.c.obj
                0x08001b1e                HAL_ETH_RxLinkCallback
 *fill*         0x08001b76        0x2 
 .text.__io_putchar
                0x08001b78       0x24 CMakeFiles/ETH.dir/Core/Src/main.c.obj
                0x08001b78                __io_putchar
 .text.MPU_Config
                0x08001b9c       0x58 CMakeFiles/ETH.dir/Core/Src/main.c.obj
 .text.Error_Handler
                0x08001bf4        0xc CMakeFiles/ETH.dir/Core/Src/main.c.obj
                0x08001bf4                Error_Handler
 .text.NMI_Handler
                0x08001c00        0x8 CMakeFiles/ETH.dir/Core/Src/stm32h7xx_it.c.obj
                0x08001c00                NMI_Handler
 .text.HardFault_Handler
                0x08001c08        0x8 CMakeFiles/ETH.dir/Core/Src/stm32h7xx_it.c.obj
                0x08001c08                HardFault_Handler
 .text.MemManage_Handler
                0x08001c10        0x8 CMakeFiles/ETH.dir/Core/Src/stm32h7xx_it.c.obj
                0x08001c10                MemManage_Handler
 .text.BusFault_Handler
                0x08001c18        0x8 CMakeFiles/ETH.dir/Core/Src/stm32h7xx_it.c.obj
                0x08001c18                BusFault_Handler
 .text.UsageFault_Handler
                0x08001c20        0x8 CMakeFiles/ETH.dir/Core/Src/stm32h7xx_it.c.obj
                0x08001c20                UsageFault_Handler
 .text.SVC_Handler
                0x08001c28        0xe CMakeFiles/ETH.dir/Core/Src/stm32h7xx_it.c.obj
                0x08001c28                SVC_Handler
 .text.DebugMon_Handler
                0x08001c36        0xe CMakeFiles/ETH.dir/Core/Src/stm32h7xx_it.c.obj
                0x08001c36                DebugMon_Handler
 .text.PendSV_Handler
                0x08001c44        0xe CMakeFiles/ETH.dir/Core/Src/stm32h7xx_it.c.obj
                0x08001c44                PendSV_Handler
 .text.SysTick_Handler
                0x08001c52        0xc CMakeFiles/ETH.dir/Core/Src/stm32h7xx_it.c.obj
                0x08001c52                SysTick_Handler
 *fill*         0x08001c5e        0x2 
 .text.HAL_MspInit
                0x08001c60       0x34 CMakeFiles/ETH.dir/Core/Src/stm32h7xx_hal_msp.c.obj
                0x08001c60                HAL_MspInit
 .text.HAL_ETH_MspInit
                0x08001c94      0x158 CMakeFiles/ETH.dir/Core/Src/stm32h7xx_hal_msp.c.obj
                0x08001c94                HAL_ETH_MspInit
 .text.HAL_I2C_MspInit
                0x08001dec       0xd0 CMakeFiles/ETH.dir/Core/Src/stm32h7xx_hal_msp.c.obj
                0x08001dec                HAL_I2C_MspInit
 .text.HAL_SPI_MspInit
                0x08001ebc      0x100 CMakeFiles/ETH.dir/Core/Src/stm32h7xx_hal_msp.c.obj
                0x08001ebc                HAL_SPI_MspInit
 .text.HAL_UART_MspInit
                0x08001fbc      0x120 CMakeFiles/ETH.dir/Core/Src/stm32h7xx_hal_msp.c.obj
                0x08001fbc                HAL_UART_MspInit
 .text.__NVIC_SetPriorityGrouping
                0x080020dc       0x48 CMakeFiles/ETH.dir/Drivers/STM32H7xx_HAL_Driver/Src/stm32h7xx_hal_cortex.c.obj
 .text.__NVIC_GetPriorityGrouping
                0x08002124       0x1c CMakeFiles/ETH.dir/Drivers/STM32H7xx_HAL_Driver/Src/stm32h7xx_hal_cortex.c.obj
 .text.__NVIC_SetPriority
                0x08002140       0x54 CMakeFiles/ETH.dir/Drivers/STM32H7xx_HAL_Driver/Src/stm32h7xx_hal_cortex.c.obj
 .text.NVIC_EncodePriority
                0x08002194       0x66 CMakeFiles/ETH.dir/Drivers/STM32H7xx_HAL_Driver/Src/stm32h7xx_hal_cortex.c.obj
 *fill*         0x080021fa        0x2 
 .text.SysTick_Config
                0x080021fc       0x44 CMakeFiles/ETH.dir/Drivers/STM32H7xx_HAL_Driver/Src/stm32h7xx_hal_cortex.c.obj
 .text.HAL_NVIC_SetPriorityGrouping
                0x08002240       0x16 CMakeFiles/ETH.dir/Drivers/STM32H7xx_HAL_Driver/Src/stm32h7xx_hal_cortex.c.obj
                0x08002240                HAL_NVIC_SetPriorityGrouping
 .text.HAL_NVIC_SetPriority
                0x08002256       0x34 CMakeFiles/ETH.dir/Drivers/STM32H7xx_HAL_Driver/Src/stm32h7xx_hal_cortex.c.obj
                0x08002256                HAL_NVIC_SetPriority
 .text.HAL_SYSTICK_Config
                0x0800228a       0x18 CMakeFiles/ETH.dir/Drivers/STM32H7xx_HAL_Driver/Src/stm32h7xx_hal_cortex.c.obj
                0x0800228a                HAL_SYSTICK_Config
 *fill*         0x080022a2        0x2 
 .text.HAL_MPU_Disable
                0x080022a4       0x30 CMakeFiles/ETH.dir/Drivers/STM32H7xx_HAL_Driver/Src/stm32h7xx_hal_cortex.c.obj
                0x080022a4                HAL_MPU_Disable
 .text.HAL_MPU_Enable
                0x080022d4       0x40 CMakeFiles/ETH.dir/Drivers/STM32H7xx_HAL_Driver/Src/stm32h7xx_hal_cortex.c.obj
                0x080022d4                HAL_MPU_Enable
 .text.HAL_MPU_ConfigRegion
                0x08002314       0x80 CMakeFiles/ETH.dir/Drivers/STM32H7xx_HAL_Driver/Src/stm32h7xx_hal_cortex.c.obj
                0x08002314                HAL_MPU_ConfigRegion
 .text.HAL_RCC_OscConfig
                0x08002394      0x8b4 CMakeFiles/ETH.dir/Drivers/STM32H7xx_HAL_Driver/Src/stm32h7xx_hal_rcc.c.obj
                0x08002394                HAL_RCC_OscConfig
 .text.HAL_RCC_ClockConfig
                0x08002c48      0x36c CMakeFiles/ETH.dir/Drivers/STM32H7xx_HAL_Driver/Src/stm32h7xx_hal_rcc.c.obj
                0x08002c48                HAL_RCC_ClockConfig
 .text.HAL_RCC_GetSysClockFreq
                0x08002fb4      0x2f4 CMakeFiles/ETH.dir/Drivers/STM32H7xx_HAL_Driver/Src/stm32h7xx_hal_rcc.c.obj
                0x08002fb4                HAL_RCC_GetSysClockFreq
 .text.HAL_RCC_GetHCLKFreq
                0x080032a8       0x60 CMakeFiles/ETH.dir/Drivers/STM32H7xx_HAL_Driver/Src/stm32h7xx_hal_rcc.c.obj
                0x080032a8                HAL_RCC_GetHCLKFreq
 .text.HAL_RCC_GetPCLK1Freq
                0x08003308       0x2c CMakeFiles/ETH.dir/Drivers/STM32H7xx_HAL_Driver/Src/stm32h7xx_hal_rcc.c.obj
                0x08003308                HAL_RCC_GetPCLK1Freq
 .text.HAL_RCC_GetPCLK2Freq
                0x08003334       0x2c CMakeFiles/ETH.dir/Drivers/STM32H7xx_HAL_Driver/Src/stm32h7xx_hal_rcc.c.obj
                0x08003334                HAL_RCC_GetPCLK2Freq
 .text.HAL_RCCEx_PeriphCLKConfig
                0x08003360     0x1414 CMakeFiles/ETH.dir/Drivers/STM32H7xx_HAL_Driver/Src/stm32h7xx_hal_rcc_ex.c.obj
                0x08003360                HAL_RCCEx_PeriphCLKConfig
 .text.HAL_RCCEx_GetD3PCLK1Freq
                0x08004774       0x2c CMakeFiles/ETH.dir/Drivers/STM32H7xx_HAL_Driver/Src/stm32h7xx_hal_rcc_ex.c.obj
                0x08004774                HAL_RCCEx_GetD3PCLK1Freq
 .text.HAL_RCCEx_GetPLL2ClockFreq
                0x080047a0      0x2a8 CMakeFiles/ETH.dir/Drivers/STM32H7xx_HAL_Driver/Src/stm32h7xx_hal_rcc_ex.c.obj
                0x080047a0                HAL_RCCEx_GetPLL2ClockFreq
 .text.HAL_RCCEx_GetPLL3ClockFreq
                0x08004a48      0x2a8 CMakeFiles/ETH.dir/Drivers/STM32H7xx_HAL_Driver/Src/stm32h7xx_hal_rcc_ex.c.obj
                0x08004a48                HAL_RCCEx_GetPLL3ClockFreq
 .text.RCCEx_PLL2_Config
                0x08004cf0      0x164 CMakeFiles/ETH.dir/Drivers/STM32H7xx_HAL_Driver/Src/stm32h7xx_hal_rcc_ex.c.obj
 .text.RCCEx_PLL3_Config
                0x08004e54      0x164 CMakeFiles/ETH.dir/Drivers/STM32H7xx_HAL_Driver/Src/stm32h7xx_hal_rcc_ex.c.obj
 .text.HAL_GPIO_Init
                0x08004fb8      0x360 CMakeFiles/ETH.dir/Drivers/STM32H7xx_HAL_Driver/Src/stm32h7xx_hal_gpio.c.obj
                0x08004fb8                HAL_GPIO_Init
 .text.HAL_GPIO_WritePin
                0x08005318       0x32 CMakeFiles/ETH.dir/Drivers/STM32H7xx_HAL_Driver/Src/stm32h7xx_hal_gpio.c.obj
                0x08005318                HAL_GPIO_WritePin
 *fill*         0x0800534a        0x2 
 .text.HAL_PWREx_ConfigSupply
                0x0800534c       0x74 CMakeFiles/ETH.dir/Drivers/STM32H7xx_HAL_Driver/Src/stm32h7xx_hal_pwr_ex.c.obj
                0x0800534c                HAL_PWREx_ConfigSupply
 .text.HAL_Init
                0x080053c0       0x78 CMakeFiles/ETH.dir/Drivers/STM32H7xx_HAL_Driver/Src/stm32h7xx_hal.c.obj
                0x080053c0                HAL_Init
 .text.HAL_InitTick
                0x08005438       0x6c CMakeFiles/ETH.dir/Drivers/STM32H7xx_HAL_Driver/Src/stm32h7xx_hal.c.obj
                0x08005438                HAL_InitTick
 .text.HAL_IncTick
                0x080054a4       0x28 CMakeFiles/ETH.dir/Drivers/STM32H7xx_HAL_Driver/Src/stm32h7xx_hal.c.obj
                0x080054a4                HAL_IncTick
 .text.HAL_GetTick
                0x080054cc       0x18 CMakeFiles/ETH.dir/Drivers/STM32H7xx_HAL_Driver/Src/stm32h7xx_hal.c.obj
                0x080054cc                HAL_GetTick
 .text.HAL_GetREVID
                0x080054e4       0x18 CMakeFiles/ETH.dir/Drivers/STM32H7xx_HAL_Driver/Src/stm32h7xx_hal.c.obj
                0x080054e4                HAL_GetREVID
 .text.HAL_SYSCFG_ETHInterfaceSelect
                0x080054fc       0x28 CMakeFiles/ETH.dir/Drivers/STM32H7xx_HAL_Driver/Src/stm32h7xx_hal.c.obj
                0x080054fc                HAL_SYSCFG_ETHInterfaceSelect
 .text.HAL_I2C_Init
                0x08005524      0x138 CMakeFiles/ETH.dir/Drivers/STM32H7xx_HAL_Driver/Src/stm32h7xx_hal_i2c.c.obj
                0x08005524                HAL_I2C_Init
 .text.HAL_I2CEx_ConfigAnalogFilter
                0x0800565c       0x96 CMakeFiles/ETH.dir/Drivers/STM32H7xx_HAL_Driver/Src/stm32h7xx_hal_i2c_ex.c.obj
                0x0800565c                HAL_I2CEx_ConfigAnalogFilter
 .text.HAL_I2CEx_ConfigDigitalFilter
                0x080056f2       0x98 CMakeFiles/ETH.dir/Drivers/STM32H7xx_HAL_Driver/Src/stm32h7xx_hal_i2c_ex.c.obj
                0x080056f2                HAL_I2CEx_ConfigDigitalFilter
 *fill*         0x0800578a        0x2 
 .text.HAL_ETH_Init
                0x0800578c      0x1fc CMakeFiles/ETH.dir/Drivers/STM32H7xx_HAL_Driver/Src/stm32h7xx_hal_eth.c.obj
                0x0800578c                HAL_ETH_Init
 .text.HAL_ETH_Start_IT
                0x08005988       0xe8 CMakeFiles/ETH.dir/Drivers/STM32H7xx_HAL_Driver/Src/stm32h7xx_hal_eth.c.obj
                0x08005988                HAL_ETH_Start_IT
 .text.HAL_ETH_Stop
                0x08005a70       0xa0 CMakeFiles/ETH.dir/Drivers/STM32H7xx_HAL_Driver/Src/stm32h7xx_hal_eth.c.obj
                0x08005a70                HAL_ETH_Stop
 .text.HAL_ETH_ReadData
                0x08005b10      0x17a CMakeFiles/ETH.dir/Drivers/STM32H7xx_HAL_Driver/Src/stm32h7xx_hal_eth.c.obj
                0x08005b10                HAL_ETH_ReadData
 .text.ETH_UpdateDescriptor
                0x08005c8a       0xf2 CMakeFiles/ETH.dir/Drivers/STM32H7xx_HAL_Driver/Src/stm32h7xx_hal_eth.c.obj
 .text.HAL_ETH_ReadPHYRegister
                0x08005d7c       0xa8 CMakeFiles/ETH.dir/Drivers/STM32H7xx_HAL_Driver/Src/stm32h7xx_hal_eth.c.obj
                0x08005d7c                HAL_ETH_ReadPHYRegister
 .text.HAL_ETH_WritePHYRegister
                0x08005e24       0xa8 CMakeFiles/ETH.dir/Drivers/STM32H7xx_HAL_Driver/Src/stm32h7xx_hal_eth.c.obj
                0x08005e24                HAL_ETH_WritePHYRegister
 .text.HAL_ETH_GetMACConfig
                0x08005ecc      0x3a8 CMakeFiles/ETH.dir/Drivers/STM32H7xx_HAL_Driver/Src/stm32h7xx_hal_eth.c.obj
                0x08005ecc                HAL_ETH_GetMACConfig
 .text.HAL_ETH_SetMACConfig
                0x08006274       0x34 CMakeFiles/ETH.dir/Drivers/STM32H7xx_HAL_Driver/Src/stm32h7xx_hal_eth.c.obj
                0x08006274                HAL_ETH_SetMACConfig
 .text.HAL_ETH_SetMDIOClockRange
                0x080062a8       0xa0 CMakeFiles/ETH.dir/Drivers/STM32H7xx_HAL_Driver/Src/stm32h7xx_hal_eth.c.obj
                0x080062a8                HAL_ETH_SetMDIOClockRange
 .text.ETH_SetMACConfig
                0x08006348      0x238 CMakeFiles/ETH.dir/Drivers/STM32H7xx_HAL_Driver/Src/stm32h7xx_hal_eth.c.obj
 .text.ETH_SetDMAConfig
                0x08006580      0x10c CMakeFiles/ETH.dir/Drivers/STM32H7xx_HAL_Driver/Src/stm32h7xx_hal_eth.c.obj
 .text.ETH_MACDMAConfig
                0x0800668c      0x13a CMakeFiles/ETH.dir/Drivers/STM32H7xx_HAL_Driver/Src/stm32h7xx_hal_eth.c.obj
 .text.ETH_DMATxDescListInit
                0x080067c6       0x92 CMakeFiles/ETH.dir/Drivers/STM32H7xx_HAL_Driver/Src/stm32h7xx_hal_eth.c.obj
 .text.ETH_DMARxDescListInit
                0x08006858       0xba CMakeFiles/ETH.dir/Drivers/STM32H7xx_HAL_Driver/Src/stm32h7xx_hal_eth.c.obj
 *fill*         0x08006912        0x2 
 .text.HAL_SPI_Init
                0x08006914      0x248 CMakeFiles/ETH.dir/Drivers/STM32H7xx_HAL_Driver/Src/stm32h7xx_hal_spi.c.obj
                0x08006914                HAL_SPI_Init
 .text.SPI_GetPacketSize
                0x08006b5c       0x36 CMakeFiles/ETH.dir/Drivers/STM32H7xx_HAL_Driver/Src/stm32h7xx_hal_spi.c.obj
 .text.HAL_UART_Init
                0x08006b92       0xa0 CMakeFiles/ETH.dir/Drivers/STM32H7xx_HAL_Driver/Src/stm32h7xx_hal_uart.c.obj
                0x08006b92                HAL_UART_Init
 .text.HAL_UART_Transmit
                0x08006c32      0x11c CMakeFiles/ETH.dir/Drivers/STM32H7xx_HAL_Driver/Src/stm32h7xx_hal_uart.c.obj
                0x08006c32                HAL_UART_Transmit
 *fill*         0x08006d4e        0x2 
 .text.UART_SetConfig
                0x08006d50      0xad0 CMakeFiles/ETH.dir/Drivers/STM32H7xx_HAL_Driver/Src/stm32h7xx_hal_uart.c.obj
                0x08006d50                UART_SetConfig
 .text.UART_AdvFeatureConfig
                0x08007820      0x144 CMakeFiles/ETH.dir/Drivers/STM32H7xx_HAL_Driver/Src/stm32h7xx_hal_uart.c.obj
                0x08007820                UART_AdvFeatureConfig
 .text.UART_CheckIdleState
                0x08007964      0x154 CMakeFiles/ETH.dir/Drivers/STM32H7xx_HAL_Driver/Src/stm32h7xx_hal_uart.c.obj
                0x08007964                UART_CheckIdleState
 .text.UART_WaitOnFlagUntilTimeout
                0x08007ab8       0xda CMakeFiles/ETH.dir/Drivers/STM32H7xx_HAL_Driver/Src/stm32h7xx_hal_uart.c.obj
                0x08007ab8                UART_WaitOnFlagUntilTimeout
 *fill*         0x08007b92        0x2 
 .text.UART_EndRxTransfer
                0x08007b94       0xcc CMakeFiles/ETH.dir/Drivers/STM32H7xx_HAL_Driver/Src/stm32h7xx_hal_uart.c.obj
 .text.HAL_UARTEx_DisableFifoMode
                0x08007c60       0x72 CMakeFiles/ETH.dir/Drivers/STM32H7xx_HAL_Driver/Src/stm32h7xx_hal_uart_ex.c.obj
                0x08007c60                HAL_UARTEx_DisableFifoMode
 .text.HAL_UARTEx_SetTxFifoThreshold
                0x08007cd2       0x7c CMakeFiles/ETH.dir/Drivers/STM32H7xx_HAL_Driver/Src/stm32h7xx_hal_uart_ex.c.obj
                0x08007cd2                HAL_UARTEx_SetTxFifoThreshold
 .text.HAL_UARTEx_SetRxFifoThreshold
                0x08007d4e       0x7c CMakeFiles/ETH.dir/Drivers/STM32H7xx_HAL_Driver/Src/stm32h7xx_hal_uart_ex.c.obj
                0x08007d4e                HAL_UARTEx_SetRxFifoThreshold
 *fill*         0x08007dca        0x2 
 .text.UARTEx_SetNbDataToProcess
                0x08007dcc       0x9c CMakeFiles/ETH.dir/Drivers/STM32H7xx_HAL_Driver/Src/stm32h7xx_hal_uart_ex.c.obj
 .text.SystemInit
                0x08007e68      0x140 CMakeFiles/ETH.dir/Core/Src/system_stm32h7xx.c.obj
                0x08007e68                SystemInit
 .text.ExitRun0Mode
                0x08007fa8       0x30 CMakeFiles/ETH.dir/Core/Src/system_stm32h7xx.c.obj
                0x08007fa8                ExitRun0Mode
 .text._sbrk    0x08007fd8       0x6c CMakeFiles/ETH.dir/Core/Src/sysmem.c.obj
                0x08007fd8                _sbrk
 .text._read    0x08008044       0x3a CMakeFiles/ETH.dir/Core/Src/syscalls.c.obj
                0x08008044                _read
 .text._write   0x0800807e       0x38 CMakeFiles/ETH.dir/Core/Src/syscalls.c.obj
                0x0800807e                _write
 .text._close   0x080080b6       0x18 CMakeFiles/ETH.dir/Core/Src/syscalls.c.obj
                0x080080b6                _close
 .text._fstat   0x080080ce       0x20 CMakeFiles/ETH.dir/Core/Src/syscalls.c.obj
                0x080080ce                _fstat
 .text._isatty  0x080080ee       0x16 CMakeFiles/ETH.dir/Core/Src/syscalls.c.obj
                0x080080ee                _isatty
 .text._lseek   0x08008104       0x1a CMakeFiles/ETH.dir/Core/Src/syscalls.c.obj
                0x08008104                _lseek
 *fill*         0x0800811e        0x2 
 .text.Reset_Handler
                0x08008120       0x54 CMakeFiles/ETH.dir/startup_stm32h750xx.s.obj
                0x08008120                Reset_Handler
 .text.Default_Handler
                0x08008174        0x2 CMakeFiles/ETH.dir/startup_stm32h750xx.s.obj
                0x08008174                RTC_Alarm_IRQHandler
                0x08008174                HASH_RNG_IRQHandler
                0x08008174                EXTI2_IRQHandler
                0x08008174                TIM8_CC_IRQHandler
                0x08008174                HRTIM1_Master_IRQHandler
                0x08008174                UART8_IRQHandler
                0x08008174                SPI4_IRQHandler
                0x08008174                TIM1_CC_IRQHandler
                0x08008174                BDMA_Channel6_IRQHandler
                0x08008174                DMA2_Stream5_IRQHandler
                0x08008174                HRTIM1_FLT_IRQHandler
                0x08008174                JPEG_IRQHandler
                0x08008174                DMA1_Stream5_IRQHandler
                0x08008174                BDMA_Channel1_IRQHandler
                0x08008174                HRTIM1_TIMD_IRQHandler
                0x08008174                TAMP_STAMP_IRQHandler
                0x08008174                EXTI3_IRQHandler
                0x08008174                LPTIM4_IRQHandler
                0x08008174                TIM8_TRG_COM_TIM14_IRQHandler
                0x08008174                LPTIM2_IRQHandler
                0x08008174                DFSDM1_FLT1_IRQHandler
                0x08008174                DMAMUX2_OVR_IRQHandler
                0x08008174                TIM8_UP_TIM13_IRQHandler
                0x08008174                I2C3_ER_IRQHandler
                0x08008174                DFSDM1_FLT2_IRQHandler
                0x08008174                MDMA_IRQHandler
                0x08008174                LPTIM3_IRQHandler
                0x08008174                HSEM1_IRQHandler
                0x08008174                EXTI0_IRQHandler
                0x08008174                I2C2_EV_IRQHandler
                0x08008174                DMA1_Stream2_IRQHandler
                0x08008174                FPU_IRQHandler
                0x08008174                OTG_HS_WKUP_IRQHandler
                0x08008174                FDCAN1_IT1_IRQHandler
                0x08008174                LTDC_ER_IRQHandler
                0x08008174                DMA2_Stream2_IRQHandler
                0x08008174                HRTIM1_TIME_IRQHandler
                0x08008174                SPI1_IRQHandler
                0x08008174                TIM6_DAC_IRQHandler
                0x08008174                DCMI_IRQHandler
                0x08008174                HRTIM1_TIMC_IRQHandler
                0x08008174                DMA2_Stream3_IRQHandler
                0x08008174                SAI2_IRQHandler
                0x08008174                DFSDM1_FLT3_IRQHandler
                0x08008174                USART6_IRQHandler
                0x08008174                TIM17_IRQHandler
                0x08008174                USART3_IRQHandler
                0x08008174                BDMA_Channel7_IRQHandler
                0x08008174                CRYP_IRQHandler
                0x08008174                LPTIM5_IRQHandler
                0x08008174                UART5_IRQHandler
                0x08008174                ADC3_IRQHandler
                0x08008174                DMA2_Stream0_IRQHandler
                0x08008174                TIM4_IRQHandler
                0x08008174                BDMA_Channel2_IRQHandler
                0x08008174                QUADSPI_IRQHandler
                0x08008174                I2C1_EV_IRQHandler
                0x08008174                DMA1_Stream6_IRQHandler
                0x08008174                DMAMUX1_OVR_IRQHandler
                0x08008174                DMA1_Stream1_IRQHandler
                0x08008174                TIM16_IRQHandler
                0x08008174                UART4_IRQHandler
                0x08008174                BDMA_Channel5_IRQHandler
                0x08008174                TIM3_IRQHandler
                0x08008174                RCC_IRQHandler
                0x08008174                TIM8_BRK_TIM12_IRQHandler
                0x08008174                TIM1_TRG_COM_IRQHandler
                0x08008174                Default_Handler
                0x08008174                ECC_IRQHandler
                0x08008174                CEC_IRQHandler
                0x08008174                EXTI15_10_IRQHandler
                0x08008174                BDMA_Channel0_IRQHandler
                0x08008174                ADC_IRQHandler
                0x08008174                DMA1_Stream7_IRQHandler
                0x08008174                HRTIM1_TIMA_IRQHandler
                0x08008174                SPI5_IRQHandler
                0x08008174                TIM7_IRQHandler
                0x08008174                SDMMC1_IRQHandler
                0x08008174                TIM5_IRQHandler
                0x08008174                DMA2_Stream7_IRQHandler
                0x08008174                TIM15_IRQHandler
                0x08008174                PVD_AVD_IRQHandler
                0x08008174                I2C3_EV_IRQHandler
                0x08008174                EXTI9_5_IRQHandler
                0x08008174                RTC_WKUP_IRQHandler
                0x08008174                LTDC_IRQHandler
                0x08008174                SAI3_IRQHandler
                0x08008174                ETH_WKUP_IRQHandler
                0x08008174                SPDIF_RX_IRQHandler
                0x08008174                SPI2_IRQHandler
                0x08008174                OTG_HS_EP1_IN_IRQHandler
                0x08008174                DMA1_Stream0_IRQHandler
                0x08008174                CRS_IRQHandler
                0x08008174                EXTI4_IRQHandler
                0x08008174                HRTIM1_TIMB_IRQHandler
                0x08008174                FDCAN2_IT1_IRQHandler
                0x08008174                ETH_IRQHandler
                0x08008174                TIM1_UP_IRQHandler
                0x08008174                BDMA_Channel4_IRQHandler
                0x08008174                OTG_HS_EP1_OUT_IRQHandler
                0x08008174                WWDG_IRQHandler
                0x08008174                SPI6_IRQHandler
                0x08008174                MDIOS_IRQHandler
                0x08008174                I2C4_EV_IRQHandler
                0x08008174                FDCAN2_IT0_IRQHandler
                0x08008174                LPUART1_IRQHandler
                0x08008174                FDCAN1_IT0_IRQHandler
                0x08008174                TIM2_IRQHandler
                0x08008174                OTG_FS_WKUP_IRQHandler
                0x08008174                OTG_HS_IRQHandler
                0x08008174                DMA2D_IRQHandler
                0x08008174                TIM1_BRK_IRQHandler
                0x08008174                EXTI1_IRQHandler
                0x08008174                SDMMC2_IRQHandler
                0x08008174                OTG_FS_EP1_OUT_IRQHandler
                0x08008174                BDMA_Channel3_IRQHandler
                0x08008174                UART7_IRQHandler
                0x08008174                MDIOS_WKUP_IRQHandler
                0x08008174                USART2_IRQHandler
                0x08008174                DFSDM1_FLT0_IRQHandler
                0x08008174                SAI4_IRQHandler
                0x08008174                I2C2_ER_IRQHandler
                0x08008174                DMA2_Stream1_IRQHandler
                0x08008174                FLASH_IRQHandler
                0x08008174                DMA2_Stream4_IRQHandler
                0x08008174                USART1_IRQHandler
                0x08008174                OTG_FS_IRQHandler
                0x08008174                SPI3_IRQHandler
                0x08008174                WAKEUP_PIN_IRQHandler
                0x08008174                DMA1_Stream4_IRQHandler
                0x08008174                OTG_FS_EP1_IN_IRQHandler
                0x08008174                I2C1_ER_IRQHandler
                0x08008174                FMC_IRQHandler
                0x08008174                FDCAN_CAL_IRQHandler
                0x08008174                SWPMI1_IRQHandler
                0x08008174                COMP1_IRQHandler
                0x08008174                LPTIM1_IRQHandler
                0x08008174                I2C4_ER_IRQHandler
                0x08008174                DMA2_Stream6_IRQHandler
                0x08008174                SAI1_IRQHandler
                0x08008174                DMA1_Stream3_IRQHandler
 *fill*         0x08008176        0x2 
 .text.malloc   0x08008178       0x10 C:/ST/STM32CubeCLT_1.17.0/GNU-tools-for-STM32/bin/../lib/gcc/arm-none-eabi/12.3.1/../../../../arm-none-eabi/lib/thumb/v7e-m+dp/hard\libg_nano.a(libc_a-malloc.o)
                0x08008178                malloc
 .text.free     0x08008188       0x10 C:/ST/STM32CubeCLT_1.17.0/GNU-tools-for-STM32/bin/../lib/gcc/arm-none-eabi/12.3.1/../../../../arm-none-eabi/lib/thumb/v7e-m+dp/hard\libg_nano.a(libc_a-malloc.o)
                0x08008188                free
 .text.printf   0x08008198       0x24 C:/ST/STM32CubeCLT_1.17.0/GNU-tools-for-STM32/bin/../lib/gcc/arm-none-eabi/12.3.1/../../../../arm-none-eabi/lib/thumb/v7e-m+dp/hard\libg_nano.a(libc_a-printf.o)
                0x08008198                iprintf
                0x08008198                printf
 .text._puts_r  0x080081bc       0xaa C:/ST/STM32CubeCLT_1.17.0/GNU-tools-for-STM32/bin/../lib/gcc/arm-none-eabi/12.3.1/../../../../arm-none-eabi/lib/thumb/v7e-m+dp/hard\libg_nano.a(libc_a-puts.o)
                0x080081bc                _puts_r
 *fill*         0x08008266        0x2 
 .text.puts     0x08008268       0x10 C:/ST/STM32CubeCLT_1.17.0/GNU-tools-for-STM32/bin/../lib/gcc/arm-none-eabi/12.3.1/../../../../arm-none-eabi/lib/thumb/v7e-m+dp/hard\libg_nano.a(libc_a-puts.o)
                0x08008268                puts
 .text.__swbuf_r
                0x08008278       0x7c C:/ST/STM32CubeCLT_1.17.0/GNU-tools-for-STM32/bin/../lib/gcc/arm-none-eabi/12.3.1/../../../../arm-none-eabi/lib/thumb/v7e-m+dp/hard\libg_nano.a(libc_a-wbuf.o)
                0x08008278                __swbuf_r
 .text.__swsetup_r
                0x080082f4       0xac C:/ST/STM32CubeCLT_1.17.0/GNU-tools-for-STM32/bin/../lib/gcc/arm-none-eabi/12.3.1/../../../../arm-none-eabi/lib/thumb/v7e-m+dp/hard\libg_nano.a(libc_a-wsetup.o)
                0x080082f4                __swsetup_r
 .text.__errno  0x080083a0        0xc C:/ST/STM32CubeCLT_1.17.0/GNU-tools-for-STM32/bin/../lib/gcc/arm-none-eabi/12.3.1/../../../../arm-none-eabi/lib/thumb/v7e-m+dp/hard\libg_nano.a(libc_a-errno.o)
                0x080083a0                __errno
 .text.__sfputc_r
                0x080083ac       0x2e C:/ST/STM32CubeCLT_1.17.0/GNU-tools-for-STM32/bin/../lib/gcc/arm-none-eabi/12.3.1/../../../../arm-none-eabi/lib/thumb/v7e-m+dp/hard\libg_nano.a(libc_a-nano-vfprintf.o)
 .text.__sfputs_r
                0x080083da       0x24 C:/ST/STM32CubeCLT_1.17.0/GNU-tools-for-STM32/bin/../lib/gcc/arm-none-eabi/12.3.1/../../../../arm-none-eabi/lib/thumb/v7e-m+dp/hard\libg_nano.a(libc_a-nano-vfprintf.o)
                0x080083da                __sfputs_r
 *fill*         0x080083fe        0x2 
 .text._vfprintf_r
                0x08008400      0x230 C:/ST/STM32CubeCLT_1.17.0/GNU-tools-for-STM32/bin/../lib/gcc/arm-none-eabi/12.3.1/../../../../arm-none-eabi/lib/thumb/v7e-m+dp/hard\libg_nano.a(libc_a-nano-vfprintf.o)
                0x08008400                _vfprintf_r
                0x08008400                _vfiprintf_r
 .text._printf_common
                0x08008630       0xda C:/ST/STM32CubeCLT_1.17.0/GNU-tools-for-STM32/bin/../lib/gcc/arm-none-eabi/12.3.1/../../../../arm-none-eabi/lib/thumb/v7e-m+dp/hard\libg_nano.a(libc_a-nano-vfprintf_i.o)
                0x08008630                _printf_common
 *fill*         0x0800870a        0x2 
 .text._printf_i
                0x0800870c      0x240 C:/ST/STM32CubeCLT_1.17.0/GNU-tools-for-STM32/bin/../lib/gcc/arm-none-eabi/12.3.1/../../../../arm-none-eabi/lib/thumb/v7e-m+dp/hard\libg_nano.a(libc_a-nano-vfprintf_i.o)
                0x0800870c                _printf_i
 .text.__swhatbuf_r
                0x0800894c       0x4c C:/ST/STM32CubeCLT_1.17.0/GNU-tools-for-STM32/bin/../lib/gcc/arm-none-eabi/12.3.1/../../../../arm-none-eabi/lib/thumb/v7e-m+dp/hard\libg_nano.a(libc_a-makebuf.o)
                0x0800894c                __swhatbuf_r
 .text.__smakebuf_r
                0x08008998       0x78 C:/ST/STM32CubeCLT_1.17.0/GNU-tools-for-STM32/bin/../lib/gcc/arm-none-eabi/12.3.1/../../../../arm-none-eabi/lib/thumb/v7e-m+dp/hard\libg_nano.a(libc_a-makebuf.o)
                0x08008998                __smakebuf_r
 .text._fstat_r
                0x08008a10       0x24 C:/ST/STM32CubeCLT_1.17.0/GNU-tools-for-STM32/bin/../lib/gcc/arm-none-eabi/12.3.1/../../../../arm-none-eabi/lib/thumb/v7e-m+dp/hard\libg_nano.a(libc_a-fstatr.o)
                0x08008a10                _fstat_r
 .text._isatty_r
                0x08008a34       0x20 C:/ST/STM32CubeCLT_1.17.0/GNU-tools-for-STM32/bin/../lib/gcc/arm-none-eabi/12.3.1/../../../../arm-none-eabi/lib/thumb/v7e-m+dp/hard\libg_nano.a(libc_a-isattyr.o)
                0x08008a34                _isatty_r
 *(.glue_7)
 .glue_7        0x08008a54        0x0 linker stubs
 *(.glue_7t)
 .glue_7t       0x08008a54        0x0 linker stubs
 *(.eh_frame)
 .eh_frame      0x08008a54        0x0 C:/ST/STM32CubeCLT_1.17.0/GNU-tools-for-STM32/bin/../lib/gcc/arm-none-eabi/12.3.1/thumb/v7e-m+dp/hard/crtbegin.o
 *(.init)
 .init          0x08008a54        0x4 C:/ST/STM32CubeCLT_1.17.0/GNU-tools-for-STM32/bin/../lib/gcc/arm-none-eabi/12.3.1/thumb/v7e-m+dp/hard/crti.o
                0x08008a54                _init
 .init          0x08008a58        0x8 C:/ST/STM32CubeCLT_1.17.0/GNU-tools-for-STM32/bin/../lib/gcc/arm-none-eabi/12.3.1/thumb/v7e-m+dp/hard/crtn.o
 *(.fini)
 .fini          0x08008a60        0x4 C:/ST/STM32CubeCLT_1.17.0/GNU-tools-for-STM32/bin/../lib/gcc/arm-none-eabi/12.3.1/thumb/v7e-m+dp/hard/crti.o
                0x08008a60                _fini
 .fini          0x08008a64        0x8 C:/ST/STM32CubeCLT_1.17.0/GNU-tools-for-STM32/bin/../lib/gcc/arm-none-eabi/12.3.1/thumb/v7e-m+dp/hard/crtn.o
                0x08008a6c                        . = ALIGN (0x4)
                0x08008a6c                        _etext = .

.vfp11_veneer   0x08008a6c        0x0
 .vfp11_veneer  0x08008a6c        0x0 linker stubs

.v4_bx          0x08008a6c        0x0
 .v4_bx         0x08008a6c        0x0 linker stubs

.iplt           0x08008a6c        0x0
 .iplt          0x08008a6c        0x0 C:/ST/STM32CubeCLT_1.17.0/GNU-tools-for-STM32/bin/../lib/gcc/arm-none-eabi/12.3.1/thumb/v7e-m+dp/hard/crtbegin.o

.rodata         0x08008a6c       0xac
                0x08008a6c                        . = ALIGN (0x4)
 *(.rodata)
 .rodata        0x08008a6c       0x3d CMakeFiles/ETH.dir/Core/Src/main.c.obj
 *(.rodata*)
 *fill*         0x08008aa9        0x3 
 .rodata.UARTPrescTable
                0x08008aac       0x18 CMakeFiles/ETH.dir/Drivers/STM32H7xx_HAL_Driver/Src/stm32h7xx_hal_uart.c.obj
                0x08008aac                UARTPrescTable
 .rodata.numerator.1
                0x08008ac4        0x8 CMakeFiles/ETH.dir/Drivers/STM32H7xx_HAL_Driver/Src/stm32h7xx_hal_uart_ex.c.obj
 .rodata.denominator.0
                0x08008acc        0x8 CMakeFiles/ETH.dir/Drivers/STM32H7xx_HAL_Driver/Src/stm32h7xx_hal_uart_ex.c.obj
 .rodata.D1CorePrescTable
                0x08008ad4       0x10 CMakeFiles/ETH.dir/Core/Src/system_stm32h7xx.c.obj
                0x08008ad4                D1CorePrescTable
 .rodata._vfprintf_r.str1.1
                0x08008ae4       0x11 C:/ST/STM32CubeCLT_1.17.0/GNU-tools-for-STM32/bin/../lib/gcc/arm-none-eabi/12.3.1/../../../../arm-none-eabi/lib/thumb/v7e-m+dp/hard\libg_nano.a(libc_a-nano-vfprintf.o)
 .rodata._printf_i.str1.1
                0x08008af5       0x22 C:/ST/STM32CubeCLT_1.17.0/GNU-tools-for-STM32/bin/../lib/gcc/arm-none-eabi/12.3.1/../../../../arm-none-eabi/lib/thumb/v7e-m+dp/hard\libg_nano.a(libc_a-nano-vfprintf_i.o)
                0x08008b18                        . = ALIGN (0x4)
 *fill*         0x08008b17        0x1 

.ARM.extab
 *(.ARM.extab* .gnu.linkonce.armextab.*)

.ARM            0x08008b18        0x8
                0x08008b18                        __exidx_start = .
 *(.ARM.exidx*)
 .ARM.exidx     0x08008b18        0x8 C:/ST/STM32CubeCLT_1.17.0/GNU-tools-for-STM32/bin/../lib/gcc/arm-none-eabi/12.3.1/thumb/v7e-m+dp/hard\libgcc.a(_udivmoddi4.o)
 .ARM.exidx     0x08008b20        0x0 C:/ST/STM32CubeCLT_1.17.0/GNU-tools-for-STM32/bin/../lib/gcc/arm-none-eabi/12.3.1/../../../../arm-none-eabi/lib/thumb/v7e-m+dp/hard\libg_nano.a(libc_a-memchr.o)
                                  0x8 (size before relaxing)
                0x08008b20                        __exidx_end = .

.preinit_array  0x08008b20        0x0
                0x08008b20                        PROVIDE (__preinit_array_start = .)
 *(.preinit_array*)
                0x08008b20                        PROVIDE (__preinit_array_end = .)

.init_array     0x08008b20        0x4
                0x08008b20                        PROVIDE (__init_array_start = .)
 *(SORT_BY_NAME(.init_array.*))
 *(.init_array*)
 .init_array    0x08008b20        0x4 C:/ST/STM32CubeCLT_1.17.0/GNU-tools-for-STM32/bin/../lib/gcc/arm-none-eabi/12.3.1/thumb/v7e-m+dp/hard/crtbegin.o
                0x08008b24                        PROVIDE (__init_array_end = .)

.fini_array     0x08008b24        0x4
                [!provide]                        PROVIDE (__fini_array_start = .)
 *(SORT_BY_NAME(.fini_array.*))
 *(.fini_array*)
 .fini_array    0x08008b24        0x4 C:/ST/STM32CubeCLT_1.17.0/GNU-tools-for-STM32/bin/../lib/gcc/arm-none-eabi/12.3.1/thumb/v7e-m+dp/hard/crtbegin.o
                [!provide]                        PROVIDE (__fini_array_end = .)
                0x08008b28                        _sidata = LOADADDR (.data)

.rel.dyn        0x08008b28        0x0
 .rel.iplt      0x08008b28        0x0 C:/ST/STM32CubeCLT_1.17.0/GNU-tools-for-STM32/bin/../lib/gcc/arm-none-eabi/12.3.1/thumb/v7e-m+dp/hard/crtbegin.o

.data           0x24000000       0x80 load address 0x08008b28
                0x24000000                        . = ALIGN (0x4)
                0x24000000                        _sdata = .
 *(.data)
 *(.data*)
 .data.__sglue  0x24000000        0xc C:/ST/STM32CubeCLT_1.17.0/GNU-tools-for-STM32/bin/../lib/gcc/arm-none-eabi/12.3.1/../../../../arm-none-eabi/lib/thumb/v7e-m+dp/hard\libc_nano.a(libc_a-findfp.o)
                0x24000000                __sglue
 .data._impure_ptr
                0x2400000c        0x4 C:/ST/STM32CubeCLT_1.17.0/GNU-tools-for-STM32/bin/../lib/gcc/arm-none-eabi/12.3.1/../../../../arm-none-eabi/lib/thumb/v7e-m+dp/hard\libc_nano.a(libc_a-impure.o)
                0x2400000c                _impure_ptr
 .data._impure_data
                0x24000010       0x4c C:/ST/STM32CubeCLT_1.17.0/GNU-tools-for-STM32/bin/../lib/gcc/arm-none-eabi/12.3.1/../../../../arm-none-eabi/lib/thumb/v7e-m+dp/hard\libc_nano.a(libc_a-impure.o)
                0x24000010                _impure_data
 .data.LAN8742_IOCtx
                0x2400005c       0x14 CMakeFiles/ETH.dir/Core/Src/main.c.obj
                0x2400005c                LAN8742_IOCtx
 .data.uwTickPrio
                0x24000070        0x4 CMakeFiles/ETH.dir/Drivers/STM32H7xx_HAL_Driver/Src/stm32h7xx_hal.c.obj
                0x24000070                uwTickPrio
 .data.uwTickFreq
                0x24000074        0x1 CMakeFiles/ETH.dir/Drivers/STM32H7xx_HAL_Driver/Src/stm32h7xx_hal.c.obj
                0x24000074                uwTickFreq
 *fill*         0x24000075        0x3 
 .data.SystemCoreClock
                0x24000078        0x4 CMakeFiles/ETH.dir/Core/Src/system_stm32h7xx.c.obj
                0x24000078                SystemCoreClock
 .data.SystemD2Clock
                0x2400007c        0x4 CMakeFiles/ETH.dir/Core/Src/system_stm32h7xx.c.obj
                0x2400007c                SystemD2Clock
 *(.RamFunc)
 *(.RamFunc*)
                0x24000080                        . = ALIGN (0x4)
                0x24000080                        _edata = .

.igot.plt       0x24000080        0x0 load address 0x08008ba8
 .igot.plt      0x24000080        0x0 C:/ST/STM32CubeCLT_1.17.0/GNU-tools-for-STM32/bin/../lib/gcc/arm-none-eabi/12.3.1/thumb/v7e-m+dp/hard/crtbegin.o

.RxDescripSection
                0x24000080       0x60 load address 0x08008ba8
 .RxDescripSection
                0x24000080       0x60 CMakeFiles/ETH.dir/Core/Src/main.c.obj
                0x24000080                DMARxDscrTab

.TxDescripSection
                0x240000e0       0x60 load address 0x08008c08
 .TxDescripSection
                0x240000e0       0x60 CMakeFiles/ETH.dir/Core/Src/main.c.obj
                0x240000e0                DMATxDscrTab
                0x24000140                        . = ALIGN (0x4)

.bss            0x24000140      0x478 load address 0x08008c68
                0x24000140                        _sbss = .
                0x24000140                        __bss_start__ = _sbss
 *(.bss)
 .bss           0x24000140       0x1c C:/ST/STM32CubeCLT_1.17.0/GNU-tools-for-STM32/bin/../lib/gcc/arm-none-eabi/12.3.1/thumb/v7e-m+dp/hard/crtbegin.o
 *(.bss*)
 .bss.__sf      0x2400015c      0x138 C:/ST/STM32CubeCLT_1.17.0/GNU-tools-for-STM32/bin/../lib/gcc/arm-none-eabi/12.3.1/../../../../arm-none-eabi/lib/thumb/v7e-m+dp/hard\libc_nano.a(libc_a-findfp.o)
                0x2400015c                __sf
 .bss.__stdio_exit_handler
                0x24000294        0x4 C:/ST/STM32CubeCLT_1.17.0/GNU-tools-for-STM32/bin/../lib/gcc/arm-none-eabi/12.3.1/../../../../arm-none-eabi/lib/thumb/v7e-m+dp/hard\libc_nano.a(libc_a-findfp.o)
                0x24000294                __stdio_exit_handler
 .bss.errno     0x24000298        0x4 C:/ST/STM32CubeCLT_1.17.0/GNU-tools-for-STM32/bin/../lib/gcc/arm-none-eabi/12.3.1/../../../../arm-none-eabi/lib/thumb/v7e-m+dp/hard\libc_nano.a(libc_a-reent.o)
                0x24000298                errno
 .bss.__lock___malloc_recursive_mutex
                0x2400029c        0x1 C:/ST/STM32CubeCLT_1.17.0/GNU-tools-for-STM32/bin/../lib/gcc/arm-none-eabi/12.3.1/../../../../arm-none-eabi/lib/thumb/v7e-m+dp/hard\libc_nano.a(libc_a-lock.o)
                0x2400029c                __lock___malloc_recursive_mutex
 .bss.__lock___sfp_recursive_mutex
                0x2400029d        0x1 C:/ST/STM32CubeCLT_1.17.0/GNU-tools-for-STM32/bin/../lib/gcc/arm-none-eabi/12.3.1/../../../../arm-none-eabi/lib/thumb/v7e-m+dp/hard\libc_nano.a(libc_a-lock.o)
                0x2400029d                __lock___sfp_recursive_mutex
 *fill*         0x2400029e        0x2 
 .bss.__malloc_sbrk_start
                0x240002a0        0x4 C:/ST/STM32CubeCLT_1.17.0/GNU-tools-for-STM32/bin/../lib/gcc/arm-none-eabi/12.3.1/../../../../arm-none-eabi/lib/thumb/v7e-m+dp/hard\libc_nano.a(libc_a-mallocr.o)
                0x240002a0                __malloc_sbrk_start
 .bss.__malloc_free_list
                0x240002a4        0x4 C:/ST/STM32CubeCLT_1.17.0/GNU-tools-for-STM32/bin/../lib/gcc/arm-none-eabi/12.3.1/../../../../arm-none-eabi/lib/thumb/v7e-m+dp/hard\libc_nano.a(libc_a-mallocr.o)
                0x240002a4                __malloc_free_list
 .bss.TxConfig  0x240002a8       0x38 CMakeFiles/ETH.dir/Core/Src/main.c.obj
                0x240002a8                TxConfig
 .bss.heth      0x240002e0       0xb0 CMakeFiles/ETH.dir/Core/Src/main.c.obj
                0x240002e0                heth
 .bss.hi2c1     0x24000390       0x54 CMakeFiles/ETH.dir/Core/Src/main.c.obj
                0x24000390                hi2c1
 .bss.hspi1     0x240003e4       0x88 CMakeFiles/ETH.dir/Core/Src/main.c.obj
                0x240003e4                hspi1
 .bss.hspi2     0x2400046c       0x88 CMakeFiles/ETH.dir/Core/Src/main.c.obj
                0x2400046c                hspi2
 .bss.huart1    0x240004f4       0x94 CMakeFiles/ETH.dir/Core/Src/main.c.obj
                0x240004f4                huart1
 .bss.LAN8742   0x24000588       0x20 CMakeFiles/ETH.dir/Core/Src/main.c.obj
                0x24000588                LAN8742
 .bss.MACAddr.0
                0x240005a8        0x6 CMakeFiles/ETH.dir/Core/Src/main.c.obj
 *fill*         0x240005ae        0x2 
 .bss.uwTick    0x240005b0        0x4 CMakeFiles/ETH.dir/Drivers/STM32H7xx_HAL_Driver/Src/stm32h7xx_hal.c.obj
                0x240005b0                uwTick
 .bss.__sbrk_heap_end
                0x240005b4        0x4 CMakeFiles/ETH.dir/Core/Src/sysmem.c.obj
 *(COMMON)
                0x240005b8                        . = ALIGN (0x4)
                0x240005b8                        _ebss = .
                0x240005b8                        __bss_end__ = _ebss

._user_heap_stack
                0x240005b8    0x15000 load address 0x08008c68
                0x240005b8                        . = ALIGN (0x8)
                [!provide]                        PROVIDE (end = .)
                0x240005b8                        PROVIDE (_end = .)
                0x240055b8                        . = (. + _Min_Heap_Size)
 *fill*         0x240005b8     0x5000 
                0x240155b8                        . = (. + _Min_Stack_Size)
 *fill*         0x240055b8    0x10000 
                0x240155b8                        . = ALIGN (0x8)

/DISCARD/
 libc.a(*)
 libm.a(*)
 libgcc.a(*)

.ARM.attributes
                0x00000000       0x2e
 *(.ARM.attributes)
 .ARM.attributes
                0x00000000       0x20 C:/ST/STM32CubeCLT_1.17.0/GNU-tools-for-STM32/bin/../lib/gcc/arm-none-eabi/12.3.1/thumb/v7e-m+dp/hard/crti.o
 .ARM.attributes
                0x00000020       0x32 C:/ST/STM32CubeCLT_1.17.0/GNU-tools-for-STM32/bin/../lib/gcc/arm-none-eabi/12.3.1/thumb/v7e-m+dp/hard/crtbegin.o
 .ARM.attributes
                0x00000052       0x32 C:/ST/STM32CubeCLT_1.17.0/GNU-tools-for-STM32/bin/../lib/gcc/arm-none-eabi/12.3.1/../../../../arm-none-eabi/lib/thumb/v7e-m+dp/hard\libc_nano.a(libc_a-findfp.o)
 .ARM.attributes
                0x00000084       0x32 C:/ST/STM32CubeCLT_1.17.0/GNU-tools-for-STM32/bin/../lib/gcc/arm-none-eabi/12.3.1/../../../../arm-none-eabi/lib/thumb/v7e-m+dp/hard\libc_nano.a(libc_a-fwalk.o)
 .ARM.attributes
                0x000000b6       0x32 C:/ST/STM32CubeCLT_1.17.0/GNU-tools-for-STM32/bin/../lib/gcc/arm-none-eabi/12.3.1/../../../../arm-none-eabi/lib/thumb/v7e-m+dp/hard\libc_nano.a(libc_a-stdio.o)
 .ARM.attributes
                0x000000e8       0x32 C:/ST/STM32CubeCLT_1.17.0/GNU-tools-for-STM32/bin/../lib/gcc/arm-none-eabi/12.3.1/../../../../arm-none-eabi/lib/thumb/v7e-m+dp/hard\libc_nano.a(libc_a-memset.o)
 .ARM.attributes
                0x0000011a       0x32 C:/ST/STM32CubeCLT_1.17.0/GNU-tools-for-STM32/bin/../lib/gcc/arm-none-eabi/12.3.1/../../../../arm-none-eabi/lib/thumb/v7e-m+dp/hard\libc_nano.a(libc_a-closer.o)
 .ARM.attributes
                0x0000014c       0x32 C:/ST/STM32CubeCLT_1.17.0/GNU-tools-for-STM32/bin/../lib/gcc/arm-none-eabi/12.3.1/../../../../arm-none-eabi/lib/thumb/v7e-m+dp/hard\libc_nano.a(libc_a-reent.o)
 .ARM.attributes
                0x0000017e       0x32 C:/ST/STM32CubeCLT_1.17.0/GNU-tools-for-STM32/bin/../lib/gcc/arm-none-eabi/12.3.1/../../../../arm-none-eabi/lib/thumb/v7e-m+dp/hard\libc_nano.a(libc_a-impure.o)
 .ARM.attributes
                0x000001b0       0x32 C:/ST/STM32CubeCLT_1.17.0/GNU-tools-for-STM32/bin/../lib/gcc/arm-none-eabi/12.3.1/../../../../arm-none-eabi/lib/thumb/v7e-m+dp/hard\libc_nano.a(libc_a-lseekr.o)
 .ARM.attributes
                0x000001e2       0x32 C:/ST/STM32CubeCLT_1.17.0/GNU-tools-for-STM32/bin/../lib/gcc/arm-none-eabi/12.3.1/../../../../arm-none-eabi/lib/thumb/v7e-m+dp/hard\libc_nano.a(libc_a-readr.o)
 .ARM.attributes
                0x00000214       0x32 C:/ST/STM32CubeCLT_1.17.0/GNU-tools-for-STM32/bin/../lib/gcc/arm-none-eabi/12.3.1/../../../../arm-none-eabi/lib/thumb/v7e-m+dp/hard\libc_nano.a(libc_a-writer.o)
 .ARM.attributes
                0x00000246       0x32 C:/ST/STM32CubeCLT_1.17.0/GNU-tools-for-STM32/bin/../lib/gcc/arm-none-eabi/12.3.1/../../../../arm-none-eabi/lib/thumb/v7e-m+dp/hard\libc_nano.a(libc_a-init.o)
 .ARM.attributes
                0x00000278       0x32 C:/ST/STM32CubeCLT_1.17.0/GNU-tools-for-STM32/bin/../lib/gcc/arm-none-eabi/12.3.1/../../../../arm-none-eabi/lib/thumb/v7e-m+dp/hard\libc_nano.a(libc_a-lock.o)
 .ARM.attributes
                0x000002aa       0x32 C:/ST/STM32CubeCLT_1.17.0/GNU-tools-for-STM32/bin/../lib/gcc/arm-none-eabi/12.3.1/../../../../arm-none-eabi/lib/thumb/v7e-m+dp/hard\libc_nano.a(libc_a-freer.o)
 .ARM.attributes
                0x000002dc       0x32 C:/ST/STM32CubeCLT_1.17.0/GNU-tools-for-STM32/bin/../lib/gcc/arm-none-eabi/12.3.1/../../../../arm-none-eabi/lib/thumb/v7e-m+dp/hard\libc_nano.a(libc_a-mallocr.o)
 .ARM.attributes
                0x0000030e       0x32 C:/ST/STM32CubeCLT_1.17.0/GNU-tools-for-STM32/bin/../lib/gcc/arm-none-eabi/12.3.1/../../../../arm-none-eabi/lib/thumb/v7e-m+dp/hard\libc_nano.a(libc_a-mlock.o)
 .ARM.attributes
                0x00000340       0x32 C:/ST/STM32CubeCLT_1.17.0/GNU-tools-for-STM32/bin/../lib/gcc/arm-none-eabi/12.3.1/../../../../arm-none-eabi/lib/thumb/v7e-m+dp/hard\libc_nano.a(libc_a-fflush.o)
 .ARM.attributes
                0x00000372       0x32 C:/ST/STM32CubeCLT_1.17.0/GNU-tools-for-STM32/bin/../lib/gcc/arm-none-eabi/12.3.1/../../../../arm-none-eabi/lib/thumb/v7e-m+dp/hard\libc_nano.a(libc_a-sbrkr.o)
 .ARM.attributes
                0x000003a4       0x32 CMakeFiles/ETH.dir/Core/Src/lan8742.c.obj
 .ARM.attributes
                0x000003d6       0x32 CMakeFiles/ETH.dir/Core/Src/parseSV.c.obj
 .ARM.attributes
                0x00000408       0x32 CMakeFiles/ETH.dir/Core/Src/main.c.obj
 .ARM.attributes
                0x0000043a       0x32 CMakeFiles/ETH.dir/Core/Src/stm32h7xx_it.c.obj
 .ARM.attributes
                0x0000046c       0x32 CMakeFiles/ETH.dir/Core/Src/stm32h7xx_hal_msp.c.obj
 .ARM.attributes
                0x0000049e       0x32 CMakeFiles/ETH.dir/Drivers/STM32H7xx_HAL_Driver/Src/stm32h7xx_hal_cortex.c.obj
 .ARM.attributes
                0x000004d0       0x32 CMakeFiles/ETH.dir/Drivers/STM32H7xx_HAL_Driver/Src/stm32h7xx_hal_rcc.c.obj
 .ARM.attributes
                0x00000502       0x32 CMakeFiles/ETH.dir/Drivers/STM32H7xx_HAL_Driver/Src/stm32h7xx_hal_rcc_ex.c.obj
 .ARM.attributes
                0x00000534       0x32 CMakeFiles/ETH.dir/Drivers/STM32H7xx_HAL_Driver/Src/stm32h7xx_hal_gpio.c.obj
 .ARM.attributes
                0x00000566       0x32 CMakeFiles/ETH.dir/Drivers/STM32H7xx_HAL_Driver/Src/stm32h7xx_hal_pwr_ex.c.obj
 .ARM.attributes
                0x00000598       0x32 CMakeFiles/ETH.dir/Drivers/STM32H7xx_HAL_Driver/Src/stm32h7xx_hal.c.obj
 .ARM.attributes
                0x000005ca       0x32 CMakeFiles/ETH.dir/Drivers/STM32H7xx_HAL_Driver/Src/stm32h7xx_hal_i2c.c.obj
 .ARM.attributes
                0x000005fc       0x32 CMakeFiles/ETH.dir/Drivers/STM32H7xx_HAL_Driver/Src/stm32h7xx_hal_i2c_ex.c.obj
 .ARM.attributes
                0x0000062e       0x32 CMakeFiles/ETH.dir/Drivers/STM32H7xx_HAL_Driver/Src/stm32h7xx_hal_eth.c.obj
 .ARM.attributes
                0x00000660       0x32 CMakeFiles/ETH.dir/Drivers/STM32H7xx_HAL_Driver/Src/stm32h7xx_hal_spi.c.obj
 .ARM.attributes
                0x00000692       0x32 CMakeFiles/ETH.dir/Drivers/STM32H7xx_HAL_Driver/Src/stm32h7xx_hal_uart.c.obj
 .ARM.attributes
                0x000006c4       0x32 CMakeFiles/ETH.dir/Drivers/STM32H7xx_HAL_Driver/Src/stm32h7xx_hal_uart_ex.c.obj
 .ARM.attributes
                0x000006f6       0x32 CMakeFiles/ETH.dir/Core/Src/system_stm32h7xx.c.obj
 .ARM.attributes
                0x00000728       0x32 CMakeFiles/ETH.dir/Core/Src/sysmem.c.obj
 .ARM.attributes
                0x0000075a       0x32 CMakeFiles/ETH.dir/Core/Src/syscalls.c.obj
 .ARM.attributes
                0x0000078c       0x21 CMakeFiles/ETH.dir/startup_stm32h750xx.s.obj
 .ARM.attributes
                0x000007ad       0x20 C:/ST/STM32CubeCLT_1.17.0/GNU-tools-for-STM32/bin/../lib/gcc/arm-none-eabi/12.3.1/thumb/v7e-m+dp/hard\libgcc.a(_aeabi_uldivmod.o)
 .ARM.attributes
                0x000007cd       0x32 C:/ST/STM32CubeCLT_1.17.0/GNU-tools-for-STM32/bin/../lib/gcc/arm-none-eabi/12.3.1/thumb/v7e-m+dp/hard\libgcc.a(_udivmoddi4.o)
 .ARM.attributes
                0x000007ff       0x20 C:/ST/STM32CubeCLT_1.17.0/GNU-tools-for-STM32/bin/../lib/gcc/arm-none-eabi/12.3.1/thumb/v7e-m+dp/hard\libgcc.a(_dvmd_tls.o)
 .ARM.attributes
                0x0000081f       0x32 C:/ST/STM32CubeCLT_1.17.0/GNU-tools-for-STM32/bin/../lib/gcc/arm-none-eabi/12.3.1/../../../../arm-none-eabi/lib/thumb/v7e-m+dp/hard\libg_nano.a(libc_a-malloc.o)
 .ARM.attributes
                0x00000851       0x32 C:/ST/STM32CubeCLT_1.17.0/GNU-tools-for-STM32/bin/../lib/gcc/arm-none-eabi/12.3.1/../../../../arm-none-eabi/lib/thumb/v7e-m+dp/hard\libg_nano.a(libc_a-printf.o)
 .ARM.attributes
                0x00000883       0x32 C:/ST/STM32CubeCLT_1.17.0/GNU-tools-for-STM32/bin/../lib/gcc/arm-none-eabi/12.3.1/../../../../arm-none-eabi/lib/thumb/v7e-m+dp/hard\libg_nano.a(libc_a-puts.o)
 .ARM.attributes
                0x000008b5       0x32 C:/ST/STM32CubeCLT_1.17.0/GNU-tools-for-STM32/bin/../lib/gcc/arm-none-eabi/12.3.1/../../../../arm-none-eabi/lib/thumb/v7e-m+dp/hard\libg_nano.a(libc_a-wbuf.o)
 .ARM.attributes
                0x000008e7       0x32 C:/ST/STM32CubeCLT_1.17.0/GNU-tools-for-STM32/bin/../lib/gcc/arm-none-eabi/12.3.1/../../../../arm-none-eabi/lib/thumb/v7e-m+dp/hard\libg_nano.a(libc_a-wsetup.o)
 .ARM.attributes
                0x00000919       0x32 C:/ST/STM32CubeCLT_1.17.0/GNU-tools-for-STM32/bin/../lib/gcc/arm-none-eabi/12.3.1/../../../../arm-none-eabi/lib/thumb/v7e-m+dp/hard\libg_nano.a(libc_a-errno.o)
 .ARM.attributes
                0x0000094b       0x32 C:/ST/STM32CubeCLT_1.17.0/GNU-tools-for-STM32/bin/../lib/gcc/arm-none-eabi/12.3.1/../../../../arm-none-eabi/lib/thumb/v7e-m+dp/hard\libg_nano.a(libc_a-nano-vfprintf.o)
 .ARM.attributes
                0x0000097d       0x32 C:/ST/STM32CubeCLT_1.17.0/GNU-tools-for-STM32/bin/../lib/gcc/arm-none-eabi/12.3.1/../../../../arm-none-eabi/lib/thumb/v7e-m+dp/hard\libg_nano.a(libc_a-nano-vfprintf_i.o)
 .ARM.attributes
                0x000009af       0x32 C:/ST/STM32CubeCLT_1.17.0/GNU-tools-for-STM32/bin/../lib/gcc/arm-none-eabi/12.3.1/../../../../arm-none-eabi/lib/thumb/v7e-m+dp/hard\libg_nano.a(libc_a-makebuf.o)
 .ARM.attributes
                0x000009e1       0x32 C:/ST/STM32CubeCLT_1.17.0/GNU-tools-for-STM32/bin/../lib/gcc/arm-none-eabi/12.3.1/../../../../arm-none-eabi/lib/thumb/v7e-m+dp/hard\libg_nano.a(libc_a-fstatr.o)
 .ARM.attributes
                0x00000a13       0x32 C:/ST/STM32CubeCLT_1.17.0/GNU-tools-for-STM32/bin/../lib/gcc/arm-none-eabi/12.3.1/../../../../arm-none-eabi/lib/thumb/v7e-m+dp/hard\libg_nano.a(libc_a-isattyr.o)
 .ARM.attributes
                0x00000a45       0x1c C:/ST/STM32CubeCLT_1.17.0/GNU-tools-for-STM32/bin/../lib/gcc/arm-none-eabi/12.3.1/../../../../arm-none-eabi/lib/thumb/v7e-m+dp/hard\libg_nano.a(libc_a-memchr.o)
 .ARM.attributes
                0x00000a61       0x20 C:/ST/STM32CubeCLT_1.17.0/GNU-tools-for-STM32/bin/../lib/gcc/arm-none-eabi/12.3.1/thumb/v7e-m+dp/hard/crtn.o
OUTPUT(ETH.elf elf32-littlearm)
LOAD linker stubs
LOAD C:/ST/STM32CubeCLT_1.17.0/GNU-tools-for-STM32/bin/../lib/gcc/arm-none-eabi/12.3.1/../../../../arm-none-eabi/lib/thumb/v7e-m+dp/hard\libc.a
LOAD C:/ST/STM32CubeCLT_1.17.0/GNU-tools-for-STM32/bin/../lib/gcc/arm-none-eabi/12.3.1/../../../../arm-none-eabi/lib/thumb/v7e-m+dp/hard\libm.a
LOAD C:/ST/STM32CubeCLT_1.17.0/GNU-tools-for-STM32/bin/../lib/gcc/arm-none-eabi/12.3.1/thumb/v7e-m+dp/hard\libgcc.a

.debug_frame    0x00000000     0x5768
 .debug_frame   0x00000000      0x144 C:/ST/STM32CubeCLT_1.17.0/GNU-tools-for-STM32/bin/../lib/gcc/arm-none-eabi/12.3.1/../../../../arm-none-eabi/lib/thumb/v7e-m+dp/hard\libc_nano.a(libc_a-findfp.o)
 .debug_frame   0x00000144       0x34 C:/ST/STM32CubeCLT_1.17.0/GNU-tools-for-STM32/bin/../lib/gcc/arm-none-eabi/12.3.1/../../../../arm-none-eabi/lib/thumb/v7e-m+dp/hard\libc_nano.a(libc_a-fwalk.o)
 .debug_frame   0x00000178       0x88 C:/ST/STM32CubeCLT_1.17.0/GNU-tools-for-STM32/bin/../lib/gcc/arm-none-eabi/12.3.1/../../../../arm-none-eabi/lib/thumb/v7e-m+dp/hard\libc_nano.a(libc_a-stdio.o)
 .debug_frame   0x00000200       0x20 C:/ST/STM32CubeCLT_1.17.0/GNU-tools-for-STM32/bin/../lib/gcc/arm-none-eabi/12.3.1/../../../../arm-none-eabi/lib/thumb/v7e-m+dp/hard\libc_nano.a(libc_a-memset.o)
 .debug_frame   0x00000220       0x2c C:/ST/STM32CubeCLT_1.17.0/GNU-tools-for-STM32/bin/../lib/gcc/arm-none-eabi/12.3.1/../../../../arm-none-eabi/lib/thumb/v7e-m+dp/hard\libc_nano.a(libc_a-closer.o)
 .debug_frame   0x0000024c       0x38 C:/ST/STM32CubeCLT_1.17.0/GNU-tools-for-STM32/bin/../lib/gcc/arm-none-eabi/12.3.1/../../../../arm-none-eabi/lib/thumb/v7e-m+dp/hard\libc_nano.a(libc_a-reent.o)
 .debug_frame   0x00000284       0x2c C:/ST/STM32CubeCLT_1.17.0/GNU-tools-for-STM32/bin/../lib/gcc/arm-none-eabi/12.3.1/../../../../arm-none-eabi/lib/thumb/v7e-m+dp/hard\libc_nano.a(libc_a-lseekr.o)
 .debug_frame   0x000002b0       0x2c C:/ST/STM32CubeCLT_1.17.0/GNU-tools-for-STM32/bin/../lib/gcc/arm-none-eabi/12.3.1/../../../../arm-none-eabi/lib/thumb/v7e-m+dp/hard\libc_nano.a(libc_a-readr.o)
 .debug_frame   0x000002dc       0x2c C:/ST/STM32CubeCLT_1.17.0/GNU-tools-for-STM32/bin/../lib/gcc/arm-none-eabi/12.3.1/../../../../arm-none-eabi/lib/thumb/v7e-m+dp/hard\libc_nano.a(libc_a-writer.o)
 .debug_frame   0x00000308       0x2c C:/ST/STM32CubeCLT_1.17.0/GNU-tools-for-STM32/bin/../lib/gcc/arm-none-eabi/12.3.1/../../../../arm-none-eabi/lib/thumb/v7e-m+dp/hard\libc_nano.a(libc_a-init.o)
 .debug_frame   0x00000334       0xb0 C:/ST/STM32CubeCLT_1.17.0/GNU-tools-for-STM32/bin/../lib/gcc/arm-none-eabi/12.3.1/../../../../arm-none-eabi/lib/thumb/v7e-m+dp/hard\libc_nano.a(libc_a-lock.o)
 .debug_frame   0x000003e4       0x38 C:/ST/STM32CubeCLT_1.17.0/GNU-tools-for-STM32/bin/../lib/gcc/arm-none-eabi/12.3.1/../../../../arm-none-eabi/lib/thumb/v7e-m+dp/hard\libc_nano.a(libc_a-freer.o)
 .debug_frame   0x0000041c       0x50 C:/ST/STM32CubeCLT_1.17.0/GNU-tools-for-STM32/bin/../lib/gcc/arm-none-eabi/12.3.1/../../../../arm-none-eabi/lib/thumb/v7e-m+dp/hard\libc_nano.a(libc_a-mallocr.o)
 .debug_frame   0x0000046c       0x30 C:/ST/STM32CubeCLT_1.17.0/GNU-tools-for-STM32/bin/../lib/gcc/arm-none-eabi/12.3.1/../../../../arm-none-eabi/lib/thumb/v7e-m+dp/hard\libc_nano.a(libc_a-mlock.o)
 .debug_frame   0x0000049c       0x5c C:/ST/STM32CubeCLT_1.17.0/GNU-tools-for-STM32/bin/../lib/gcc/arm-none-eabi/12.3.1/../../../../arm-none-eabi/lib/thumb/v7e-m+dp/hard\libc_nano.a(libc_a-fflush.o)
 .debug_frame   0x000004f8       0x2c C:/ST/STM32CubeCLT_1.17.0/GNU-tools-for-STM32/bin/../lib/gcc/arm-none-eabi/12.3.1/../../../../arm-none-eabi/lib/thumb/v7e-m+dp/hard\libc_nano.a(libc_a-sbrkr.o)
 .debug_frame   0x00000524      0x20c CMakeFiles/ETH.dir/Core/Src/lan8742.c.obj
 .debug_frame   0x00000730       0xd8 CMakeFiles/ETH.dir/Core/Src/parseSV.c.obj
 .debug_frame   0x00000808      0x2c0 CMakeFiles/ETH.dir/Core/Src/main.c.obj
 .debug_frame   0x00000ac8      0x104 CMakeFiles/ETH.dir/Core/Src/stm32h7xx_it.c.obj
 .debug_frame   0x00000bcc      0x160 CMakeFiles/ETH.dir/Core/Src/stm32h7xx_hal_msp.c.obj
 .debug_frame   0x00000d2c      0x508 CMakeFiles/ETH.dir/Drivers/STM32H7xx_HAL_Driver/Src/stm32h7xx_hal_cortex.c.obj
 .debug_frame   0x00001234      0x1f8 CMakeFiles/ETH.dir/Drivers/STM32H7xx_HAL_Driver/Src/stm32h7xx_hal_rcc.c.obj
 .debug_frame   0x0000142c      0x414 CMakeFiles/ETH.dir/Drivers/STM32H7xx_HAL_Driver/Src/stm32h7xx_hal_rcc_ex.c.obj
 .debug_frame   0x00001840      0x14c CMakeFiles/ETH.dir/Drivers/STM32H7xx_HAL_Driver/Src/stm32h7xx_hal_gpio.c.obj
 .debug_frame   0x0000198c      0x580 CMakeFiles/ETH.dir/Drivers/STM32H7xx_HAL_Driver/Src/stm32h7xx_hal_pwr_ex.c.obj
 .debug_frame   0x00001f0c      0x690 CMakeFiles/ETH.dir/Drivers/STM32H7xx_HAL_Driver/Src/stm32h7xx_hal.c.obj
 .debug_frame   0x0000259c      0xc40 CMakeFiles/ETH.dir/Drivers/STM32H7xx_HAL_Driver/Src/stm32h7xx_hal_i2c.c.obj
 .debug_frame   0x000031dc      0x100 CMakeFiles/ETH.dir/Drivers/STM32H7xx_HAL_Driver/Src/stm32h7xx_hal_i2c_ex.c.obj
 .debug_frame   0x000032dc      0x8bc CMakeFiles/ETH.dir/Drivers/STM32H7xx_HAL_Driver/Src/stm32h7xx_hal_eth.c.obj
 .debug_frame   0x00003b98      0x7a8 CMakeFiles/ETH.dir/Drivers/STM32H7xx_HAL_Driver/Src/stm32h7xx_hal_spi.c.obj
 .debug_frame   0x00004340      0xa94 CMakeFiles/ETH.dir/Drivers/STM32H7xx_HAL_Driver/Src/stm32h7xx_hal_uart.c.obj
 .debug_frame   0x00004dd4      0x2c0 CMakeFiles/ETH.dir/Drivers/STM32H7xx_HAL_Driver/Src/stm32h7xx_hal_uart_ex.c.obj
 .debug_frame   0x00005094       0x78 CMakeFiles/ETH.dir/Core/Src/system_stm32h7xx.c.obj
 .debug_frame   0x0000510c       0x34 CMakeFiles/ETH.dir/Core/Src/sysmem.c.obj
 .debug_frame   0x00005140      0x2ac CMakeFiles/ETH.dir/Core/Src/syscalls.c.obj
 .debug_frame   0x000053ec       0x2c C:/ST/STM32CubeCLT_1.17.0/GNU-tools-for-STM32/bin/../lib/gcc/arm-none-eabi/12.3.1/thumb/v7e-m+dp/hard\libgcc.a(_aeabi_uldivmod.o)
 .debug_frame   0x00005418       0x34 C:/ST/STM32CubeCLT_1.17.0/GNU-tools-for-STM32/bin/../lib/gcc/arm-none-eabi/12.3.1/thumb/v7e-m+dp/hard\libgcc.a(_udivmoddi4.o)
 .debug_frame   0x0000544c       0x30 C:/ST/STM32CubeCLT_1.17.0/GNU-tools-for-STM32/bin/../lib/gcc/arm-none-eabi/12.3.1/../../../../arm-none-eabi/lib/thumb/v7e-m+dp/hard\libg_nano.a(libc_a-malloc.o)
 .debug_frame   0x0000547c       0x6c C:/ST/STM32CubeCLT_1.17.0/GNU-tools-for-STM32/bin/../lib/gcc/arm-none-eabi/12.3.1/../../../../arm-none-eabi/lib/thumb/v7e-m+dp/hard\libg_nano.a(libc_a-printf.o)
 .debug_frame   0x000054e8       0x3c C:/ST/STM32CubeCLT_1.17.0/GNU-tools-for-STM32/bin/../lib/gcc/arm-none-eabi/12.3.1/../../../../arm-none-eabi/lib/thumb/v7e-m+dp/hard\libg_nano.a(libc_a-puts.o)
 .debug_frame   0x00005524       0x40 C:/ST/STM32CubeCLT_1.17.0/GNU-tools-for-STM32/bin/../lib/gcc/arm-none-eabi/12.3.1/../../../../arm-none-eabi/lib/thumb/v7e-m+dp/hard\libg_nano.a(libc_a-wbuf.o)
 .debug_frame   0x00005564       0x2c C:/ST/STM32CubeCLT_1.17.0/GNU-tools-for-STM32/bin/../lib/gcc/arm-none-eabi/12.3.1/../../../../arm-none-eabi/lib/thumb/v7e-m+dp/hard\libg_nano.a(libc_a-wsetup.o)
 .debug_frame   0x00005590       0x20 C:/ST/STM32CubeCLT_1.17.0/GNU-tools-for-STM32/bin/../lib/gcc/arm-none-eabi/12.3.1/../../../../arm-none-eabi/lib/thumb/v7e-m+dp/hard\libg_nano.a(libc_a-errno.o)
 .debug_frame   0x000055b0       0xa8 C:/ST/STM32CubeCLT_1.17.0/GNU-tools-for-STM32/bin/../lib/gcc/arm-none-eabi/12.3.1/../../../../arm-none-eabi/lib/thumb/v7e-m+dp/hard\libg_nano.a(libc_a-nano-vfprintf.o)
 .debug_frame   0x00005658       0x60 C:/ST/STM32CubeCLT_1.17.0/GNU-tools-for-STM32/bin/../lib/gcc/arm-none-eabi/12.3.1/../../../../arm-none-eabi/lib/thumb/v7e-m+dp/hard\libg_nano.a(libc_a-nano-vfprintf_i.o)
 .debug_frame   0x000056b8       0x58 C:/ST/STM32CubeCLT_1.17.0/GNU-tools-for-STM32/bin/../lib/gcc/arm-none-eabi/12.3.1/../../../../arm-none-eabi/lib/thumb/v7e-m+dp/hard\libg_nano.a(libc_a-makebuf.o)
 .debug_frame   0x00005710       0x2c C:/ST/STM32CubeCLT_1.17.0/GNU-tools-for-STM32/bin/../lib/gcc/arm-none-eabi/12.3.1/../../../../arm-none-eabi/lib/thumb/v7e-m+dp/hard\libg_nano.a(libc_a-fstatr.o)
 .debug_frame   0x0000573c       0x2c C:/ST/STM32CubeCLT_1.17.0/GNU-tools-for-STM32/bin/../lib/gcc/arm-none-eabi/12.3.1/../../../../arm-none-eabi/lib/thumb/v7e-m+dp/hard\libg_nano.a(libc_a-isattyr.o)

.debug_info     0x00000000    0x215aa
 .debug_info    0x00000000      0x5d5 CMakeFiles/ETH.dir/Core/Src/lan8742.c.obj
 .debug_info    0x000005d5      0x216 CMakeFiles/ETH.dir/Core/Src/parseSV.c.obj
 .debug_info    0x000007eb     0x37f4 CMakeFiles/ETH.dir/Core/Src/main.c.obj
 .debug_info    0x00003fdf      0x128 CMakeFiles/ETH.dir/Core/Src/stm32h7xx_it.c.obj
 .debug_info    0x00004107     0x2757 CMakeFiles/ETH.dir/Core/Src/stm32h7xx_hal_msp.c.obj
 .debug_info    0x0000685e     0x10b7 CMakeFiles/ETH.dir/Drivers/STM32H7xx_HAL_Driver/Src/stm32h7xx_hal_cortex.c.obj
 .debug_info    0x00007915      0xe6a CMakeFiles/ETH.dir/Drivers/STM32H7xx_HAL_Driver/Src/stm32h7xx_hal_rcc.c.obj
 .debug_info    0x0000877f     0x1225 CMakeFiles/ETH.dir/Drivers/STM32H7xx_HAL_Driver/Src/stm32h7xx_hal_rcc_ex.c.obj
 .debug_info    0x000099a4      0xc5a CMakeFiles/ETH.dir/Drivers/STM32H7xx_HAL_Driver/Src/stm32h7xx_hal_gpio.c.obj
 .debug_info    0x0000a5fe     0x1012 CMakeFiles/ETH.dir/Drivers/STM32H7xx_HAL_Driver/Src/stm32h7xx_hal_pwr_ex.c.obj
 .debug_info    0x0000b610     0x1541 CMakeFiles/ETH.dir/Drivers/STM32H7xx_HAL_Driver/Src/stm32h7xx_hal.c.obj
 .debug_info    0x0000cb51     0x22c9 CMakeFiles/ETH.dir/Drivers/STM32H7xx_HAL_Driver/Src/stm32h7xx_hal_i2c.c.obj
 .debug_info    0x0000ee1a      0xd84 CMakeFiles/ETH.dir/Drivers/STM32H7xx_HAL_Driver/Src/stm32h7xx_hal_i2c_ex.c.obj
 .debug_info    0x0000fb9e     0x2a5a CMakeFiles/ETH.dir/Drivers/STM32H7xx_HAL_Driver/Src/stm32h7xx_hal_eth.c.obj
 .debug_info    0x000125f8     0x144a CMakeFiles/ETH.dir/Drivers/STM32H7xx_HAL_Driver/Src/stm32h7xx_hal_spi.c.obj
 .debug_info    0x00013a42     0x4b1d CMakeFiles/ETH.dir/Drivers/STM32H7xx_HAL_Driver/Src/stm32h7xx_hal_uart.c.obj
 .debug_info    0x0001855f      0xfbf CMakeFiles/ETH.dir/Drivers/STM32H7xx_HAL_Driver/Src/stm32h7xx_hal_uart_ex.c.obj
 .debug_info    0x0001951e      0xdb2 CMakeFiles/ETH.dir/Core/Src/system_stm32h7xx.c.obj
 .debug_info    0x0001a2d0      0x168 CMakeFiles/ETH.dir/Core/Src/sysmem.c.obj
 .debug_info    0x0001a438      0x6a3 CMakeFiles/ETH.dir/Core/Src/syscalls.c.obj
 .debug_info    0x0001aadb       0x30 CMakeFiles/ETH.dir/startup_stm32h750xx.s.obj
 .debug_info    0x0001ab0b      0x794 C:/ST/STM32CubeCLT_1.17.0/GNU-tools-for-STM32/bin/../lib/gcc/arm-none-eabi/12.3.1/../../../../arm-none-eabi/lib/thumb/v7e-m+dp/hard\libg_nano.a(libc_a-malloc.o)
 .debug_info    0x0001b29f      0x83b C:/ST/STM32CubeCLT_1.17.0/GNU-tools-for-STM32/bin/../lib/gcc/arm-none-eabi/12.3.1/../../../../arm-none-eabi/lib/thumb/v7e-m+dp/hard\libg_nano.a(libc_a-printf.o)
 .debug_info    0x0001bada      0x94a C:/ST/STM32CubeCLT_1.17.0/GNU-tools-for-STM32/bin/../lib/gcc/arm-none-eabi/12.3.1/../../../../arm-none-eabi/lib/thumb/v7e-m+dp/hard\libg_nano.a(libc_a-puts.o)
 .debug_info    0x0001c424      0x868 C:/ST/STM32CubeCLT_1.17.0/GNU-tools-for-STM32/bin/../lib/gcc/arm-none-eabi/12.3.1/../../../../arm-none-eabi/lib/thumb/v7e-m+dp/hard\libg_nano.a(libc_a-wbuf.o)
 .debug_info    0x0001cc8c      0x7bb C:/ST/STM32CubeCLT_1.17.0/GNU-tools-for-STM32/bin/../lib/gcc/arm-none-eabi/12.3.1/../../../../arm-none-eabi/lib/thumb/v7e-m+dp/hard\libg_nano.a(libc_a-wsetup.o)
 .debug_info    0x0001d447      0x6fb C:/ST/STM32CubeCLT_1.17.0/GNU-tools-for-STM32/bin/../lib/gcc/arm-none-eabi/12.3.1/../../../../arm-none-eabi/lib/thumb/v7e-m+dp/hard\libg_nano.a(libc_a-errno.o)
 .debug_info    0x0001db42     0x107c C:/ST/STM32CubeCLT_1.17.0/GNU-tools-for-STM32/bin/../lib/gcc/arm-none-eabi/12.3.1/../../../../arm-none-eabi/lib/thumb/v7e-m+dp/hard\libg_nano.a(libc_a-nano-vfprintf.o)
 .debug_info    0x0001ebbe      0xde2 C:/ST/STM32CubeCLT_1.17.0/GNU-tools-for-STM32/bin/../lib/gcc/arm-none-eabi/12.3.1/../../../../arm-none-eabi/lib/thumb/v7e-m+dp/hard\libg_nano.a(libc_a-nano-vfprintf_i.o)
 .debug_info    0x0001f9a0      0xb1a C:/ST/STM32CubeCLT_1.17.0/GNU-tools-for-STM32/bin/../lib/gcc/arm-none-eabi/12.3.1/../../../../arm-none-eabi/lib/thumb/v7e-m+dp/hard\libg_nano.a(libc_a-makebuf.o)
 .debug_info    0x000204ba      0x975 C:/ST/STM32CubeCLT_1.17.0/GNU-tools-for-STM32/bin/../lib/gcc/arm-none-eabi/12.3.1/../../../../arm-none-eabi/lib/thumb/v7e-m+dp/hard\libg_nano.a(libc_a-fstatr.o)
 .debug_info    0x00020e2f      0x756 C:/ST/STM32CubeCLT_1.17.0/GNU-tools-for-STM32/bin/../lib/gcc/arm-none-eabi/12.3.1/../../../../arm-none-eabi/lib/thumb/v7e-m+dp/hard\libg_nano.a(libc_a-isattyr.o)
 .debug_info    0x00021585       0x25 C:/ST/STM32CubeCLT_1.17.0/GNU-tools-for-STM32/bin/../lib/gcc/arm-none-eabi/12.3.1/../../../../arm-none-eabi/lib/thumb/v7e-m+dp/hard\libg_nano.a(libc_a-memchr.o)

.debug_abbrev   0x00000000     0x44ac
 .debug_abbrev  0x00000000      0x14c CMakeFiles/ETH.dir/Core/Src/lan8742.c.obj
 .debug_abbrev  0x0000014c       0xec CMakeFiles/ETH.dir/Core/Src/parseSV.c.obj
 .debug_abbrev  0x00000238      0x3e6 CMakeFiles/ETH.dir/Core/Src/main.c.obj
 .debug_abbrev  0x0000061e       0x73 CMakeFiles/ETH.dir/Core/Src/stm32h7xx_it.c.obj
 .debug_abbrev  0x00000691      0x266 CMakeFiles/ETH.dir/Core/Src/stm32h7xx_hal_msp.c.obj
 .debug_abbrev  0x000008f7      0x339 CMakeFiles/ETH.dir/Drivers/STM32H7xx_HAL_Driver/Src/stm32h7xx_hal_cortex.c.obj
 .debug_abbrev  0x00000c30      0x2c8 CMakeFiles/ETH.dir/Drivers/STM32H7xx_HAL_Driver/Src/stm32h7xx_hal_rcc.c.obj
 .debug_abbrev  0x00000ef8      0x269 CMakeFiles/ETH.dir/Drivers/STM32H7xx_HAL_Driver/Src/stm32h7xx_hal_rcc_ex.c.obj
 .debug_abbrev  0x00001161      0x205 CMakeFiles/ETH.dir/Drivers/STM32H7xx_HAL_Driver/Src/stm32h7xx_hal_gpio.c.obj
 .debug_abbrev  0x00001366      0x2a7 CMakeFiles/ETH.dir/Drivers/STM32H7xx_HAL_Driver/Src/stm32h7xx_hal_pwr_ex.c.obj
 .debug_abbrev  0x0000160d      0x295 CMakeFiles/ETH.dir/Drivers/STM32H7xx_HAL_Driver/Src/stm32h7xx_hal.c.obj
 .debug_abbrev  0x000018a2      0x25d CMakeFiles/ETH.dir/Drivers/STM32H7xx_HAL_Driver/Src/stm32h7xx_hal_i2c.c.obj
 .debug_abbrev  0x00001aff      0x1f5 CMakeFiles/ETH.dir/Drivers/STM32H7xx_HAL_Driver/Src/stm32h7xx_hal_i2c_ex.c.obj
 .debug_abbrev  0x00001cf4      0x347 CMakeFiles/ETH.dir/Drivers/STM32H7xx_HAL_Driver/Src/stm32h7xx_hal_eth.c.obj
 .debug_abbrev  0x0000203b      0x2b1 CMakeFiles/ETH.dir/Drivers/STM32H7xx_HAL_Driver/Src/stm32h7xx_hal_spi.c.obj
 .debug_abbrev  0x000022ec      0x33d CMakeFiles/ETH.dir/Drivers/STM32H7xx_HAL_Driver/Src/stm32h7xx_hal_uart.c.obj
 .debug_abbrev  0x00002629      0x2d2 CMakeFiles/ETH.dir/Drivers/STM32H7xx_HAL_Driver/Src/stm32h7xx_hal_uart_ex.c.obj
 .debug_abbrev  0x000028fb      0x165 CMakeFiles/ETH.dir/Core/Src/system_stm32h7xx.c.obj
 .debug_abbrev  0x00002a60       0xbc CMakeFiles/ETH.dir/Core/Src/sysmem.c.obj
 .debug_abbrev  0x00002b1c      0x1b6 CMakeFiles/ETH.dir/Core/Src/syscalls.c.obj
 .debug_abbrev  0x00002cd2       0x24 CMakeFiles/ETH.dir/startup_stm32h750xx.s.obj
 .debug_abbrev  0x00002cf6      0x1cf C:/ST/STM32CubeCLT_1.17.0/GNU-tools-for-STM32/bin/../lib/gcc/arm-none-eabi/12.3.1/../../../../arm-none-eabi/lib/thumb/v7e-m+dp/hard\libg_nano.a(libc_a-malloc.o)
 .debug_abbrev  0x00002ec5      0x21a C:/ST/STM32CubeCLT_1.17.0/GNU-tools-for-STM32/bin/../lib/gcc/arm-none-eabi/12.3.1/../../../../arm-none-eabi/lib/thumb/v7e-m+dp/hard\libg_nano.a(libc_a-printf.o)
 .debug_abbrev  0x000030df      0x2a7 C:/ST/STM32CubeCLT_1.17.0/GNU-tools-for-STM32/bin/../lib/gcc/arm-none-eabi/12.3.1/../../../../arm-none-eabi/lib/thumb/v7e-m+dp/hard\libg_nano.a(libc_a-puts.o)
 .debug_abbrev  0x00003386      0x22d C:/ST/STM32CubeCLT_1.17.0/GNU-tools-for-STM32/bin/../lib/gcc/arm-none-eabi/12.3.1/../../../../arm-none-eabi/lib/thumb/v7e-m+dp/hard\libg_nano.a(libc_a-wbuf.o)
 .debug_abbrev  0x000035b3      0x1e2 C:/ST/STM32CubeCLT_1.17.0/GNU-tools-for-STM32/bin/../lib/gcc/arm-none-eabi/12.3.1/../../../../arm-none-eabi/lib/thumb/v7e-m+dp/hard\libg_nano.a(libc_a-wsetup.o)
 .debug_abbrev  0x00003795      0x15e C:/ST/STM32CubeCLT_1.17.0/GNU-tools-for-STM32/bin/../lib/gcc/arm-none-eabi/12.3.1/../../../../arm-none-eabi/lib/thumb/v7e-m+dp/hard\libg_nano.a(libc_a-errno.o)
 .debug_abbrev  0x000038f3      0x316 C:/ST/STM32CubeCLT_1.17.0/GNU-tools-for-STM32/bin/../lib/gcc/arm-none-eabi/12.3.1/../../../../arm-none-eabi/lib/thumb/v7e-m+dp/hard\libg_nano.a(libc_a-nano-vfprintf.o)
 .debug_abbrev  0x00003c09      0x28e C:/ST/STM32CubeCLT_1.17.0/GNU-tools-for-STM32/bin/../lib/gcc/arm-none-eabi/12.3.1/../../../../arm-none-eabi/lib/thumb/v7e-m+dp/hard\libg_nano.a(libc_a-nano-vfprintf_i.o)
 .debug_abbrev  0x00003e97      0x28e C:/ST/STM32CubeCLT_1.17.0/GNU-tools-for-STM32/bin/../lib/gcc/arm-none-eabi/12.3.1/../../../../arm-none-eabi/lib/thumb/v7e-m+dp/hard\libg_nano.a(libc_a-makebuf.o)
 .debug_abbrev  0x00004125      0x1c3 C:/ST/STM32CubeCLT_1.17.0/GNU-tools-for-STM32/bin/../lib/gcc/arm-none-eabi/12.3.1/../../../../arm-none-eabi/lib/thumb/v7e-m+dp/hard\libg_nano.a(libc_a-fstatr.o)
 .debug_abbrev  0x000042e8      0x1b0 C:/ST/STM32CubeCLT_1.17.0/GNU-tools-for-STM32/bin/../lib/gcc/arm-none-eabi/12.3.1/../../../../arm-none-eabi/lib/thumb/v7e-m+dp/hard\libg_nano.a(libc_a-isattyr.o)
 .debug_abbrev  0x00004498       0x14 C:/ST/STM32CubeCLT_1.17.0/GNU-tools-for-STM32/bin/../lib/gcc/arm-none-eabi/12.3.1/../../../../arm-none-eabi/lib/thumb/v7e-m+dp/hard\libg_nano.a(libc_a-memchr.o)

.debug_aranges  0x00000000     0x1490
 .debug_aranges
                0x00000000       0x88 CMakeFiles/ETH.dir/Core/Src/lan8742.c.obj
 .debug_aranges
                0x00000088       0x40 CMakeFiles/ETH.dir/Core/Src/parseSV.c.obj
 .debug_aranges
                0x000000c8       0xc0 CMakeFiles/ETH.dir/Core/Src/main.c.obj
 .debug_aranges
                0x00000188       0x60 CMakeFiles/ETH.dir/Core/Src/stm32h7xx_it.c.obj
 .debug_aranges
                0x000001e8       0x60 CMakeFiles/ETH.dir/Core/Src/stm32h7xx_hal_msp.c.obj
 .debug_aranges
                0x00000248      0x130 CMakeFiles/ETH.dir/Drivers/STM32H7xx_HAL_Driver/Src/stm32h7xx_hal_cortex.c.obj
 .debug_aranges
                0x00000378       0x88 CMakeFiles/ETH.dir/Drivers/STM32H7xx_HAL_Driver/Src/stm32h7xx_hal_rcc.c.obj
 .debug_aranges
                0x00000400       0xf8 CMakeFiles/ETH.dir/Drivers/STM32H7xx_HAL_Driver/Src/stm32h7xx_hal_rcc_ex.c.obj
 .debug_aranges
                0x000004f8       0x58 CMakeFiles/ETH.dir/Drivers/STM32H7xx_HAL_Driver/Src/stm32h7xx_hal_gpio.c.obj
 .debug_aranges
                0x00000550      0x158 CMakeFiles/ETH.dir/Drivers/STM32H7xx_HAL_Driver/Src/stm32h7xx_hal_pwr_ex.c.obj
 .debug_aranges
                0x000006a8      0x198 CMakeFiles/ETH.dir/Drivers/STM32H7xx_HAL_Driver/Src/stm32h7xx_hal.c.obj
 .debug_aranges
                0x00000840      0x2a0 CMakeFiles/ETH.dir/Drivers/STM32H7xx_HAL_Driver/Src/stm32h7xx_hal_i2c.c.obj
 .debug_aranges
                0x00000ae0       0x48 CMakeFiles/ETH.dir/Drivers/STM32H7xx_HAL_Driver/Src/stm32h7xx_hal_i2c_ex.c.obj
 .debug_aranges
                0x00000b28      0x1e0 CMakeFiles/ETH.dir/Drivers/STM32H7xx_HAL_Driver/Src/stm32h7xx_hal_eth.c.obj
 .debug_aranges
                0x00000d08      0x1a8 CMakeFiles/ETH.dir/Drivers/STM32H7xx_HAL_Driver/Src/stm32h7xx_hal_spi.c.obj
 .debug_aranges
                0x00000eb0      0x248 CMakeFiles/ETH.dir/Drivers/STM32H7xx_HAL_Driver/Src/stm32h7xx_hal_uart.c.obj
 .debug_aranges
                0x000010f8       0xa8 CMakeFiles/ETH.dir/Drivers/STM32H7xx_HAL_Driver/Src/stm32h7xx_hal_uart_ex.c.obj
 .debug_aranges
                0x000011a0       0x30 CMakeFiles/ETH.dir/Core/Src/system_stm32h7xx.c.obj
 .debug_aranges
                0x000011d0       0x20 CMakeFiles/ETH.dir/Core/Src/sysmem.c.obj
 .debug_aranges
                0x000011f0       0xa8 CMakeFiles/ETH.dir/Core/Src/syscalls.c.obj
 .debug_aranges
                0x00001298       0x28 CMakeFiles/ETH.dir/startup_stm32h750xx.s.obj
 .debug_aranges
                0x000012c0       0x28 C:/ST/STM32CubeCLT_1.17.0/GNU-tools-for-STM32/bin/../lib/gcc/arm-none-eabi/12.3.1/../../../../arm-none-eabi/lib/thumb/v7e-m+dp/hard\libg_nano.a(libc_a-malloc.o)
 .debug_aranges
                0x000012e8       0x28 C:/ST/STM32CubeCLT_1.17.0/GNU-tools-for-STM32/bin/../lib/gcc/arm-none-eabi/12.3.1/../../../../arm-none-eabi/lib/thumb/v7e-m+dp/hard\libg_nano.a(libc_a-printf.o)
 .debug_aranges
                0x00001310       0x28 C:/ST/STM32CubeCLT_1.17.0/GNU-tools-for-STM32/bin/../lib/gcc/arm-none-eabi/12.3.1/../../../../arm-none-eabi/lib/thumb/v7e-m+dp/hard\libg_nano.a(libc_a-puts.o)
 .debug_aranges
                0x00001338       0x28 C:/ST/STM32CubeCLT_1.17.0/GNU-tools-for-STM32/bin/../lib/gcc/arm-none-eabi/12.3.1/../../../../arm-none-eabi/lib/thumb/v7e-m+dp/hard\libg_nano.a(libc_a-wbuf.o)
 .debug_aranges
                0x00001360       0x20 C:/ST/STM32CubeCLT_1.17.0/GNU-tools-for-STM32/bin/../lib/gcc/arm-none-eabi/12.3.1/../../../../arm-none-eabi/lib/thumb/v7e-m+dp/hard\libg_nano.a(libc_a-wsetup.o)
 .debug_aranges
                0x00001380       0x20 C:/ST/STM32CubeCLT_1.17.0/GNU-tools-for-STM32/bin/../lib/gcc/arm-none-eabi/12.3.1/../../../../arm-none-eabi/lib/thumb/v7e-m+dp/hard\libg_nano.a(libc_a-errno.o)
 .debug_aranges
                0x000013a0       0x40 C:/ST/STM32CubeCLT_1.17.0/GNU-tools-for-STM32/bin/../lib/gcc/arm-none-eabi/12.3.1/../../../../arm-none-eabi/lib/thumb/v7e-m+dp/hard\libg_nano.a(libc_a-nano-vfprintf.o)
 .debug_aranges
                0x000013e0       0x28 C:/ST/STM32CubeCLT_1.17.0/GNU-tools-for-STM32/bin/../lib/gcc/arm-none-eabi/12.3.1/../../../../arm-none-eabi/lib/thumb/v7e-m+dp/hard\libg_nano.a(libc_a-nano-vfprintf_i.o)
 .debug_aranges
                0x00001408       0x28 C:/ST/STM32CubeCLT_1.17.0/GNU-tools-for-STM32/bin/../lib/gcc/arm-none-eabi/12.3.1/../../../../arm-none-eabi/lib/thumb/v7e-m+dp/hard\libg_nano.a(libc_a-makebuf.o)
 .debug_aranges
                0x00001430       0x20 C:/ST/STM32CubeCLT_1.17.0/GNU-tools-for-STM32/bin/../lib/gcc/arm-none-eabi/12.3.1/../../../../arm-none-eabi/lib/thumb/v7e-m+dp/hard\libg_nano.a(libc_a-fstatr.o)
 .debug_aranges
                0x00001450       0x20 C:/ST/STM32CubeCLT_1.17.0/GNU-tools-for-STM32/bin/../lib/gcc/arm-none-eabi/12.3.1/../../../../arm-none-eabi/lib/thumb/v7e-m+dp/hard\libg_nano.a(libc_a-isattyr.o)
 .debug_aranges
                0x00001470       0x20 C:/ST/STM32CubeCLT_1.17.0/GNU-tools-for-STM32/bin/../lib/gcc/arm-none-eabi/12.3.1/../../../../arm-none-eabi/lib/thumb/v7e-m+dp/hard\libg_nano.a(libc_a-memchr.o)

.debug_rnglists
                0x00000000     0x103b
 .debug_rnglists
                0x00000000       0x64 CMakeFiles/ETH.dir/Core/Src/lan8742.c.obj
 .debug_rnglists
                0x00000064       0x2b CMakeFiles/ETH.dir/Core/Src/parseSV.c.obj
 .debug_rnglists
                0x0000008f       0x94 CMakeFiles/ETH.dir/Core/Src/main.c.obj
 .debug_rnglists
                0x00000123       0x43 CMakeFiles/ETH.dir/Core/Src/stm32h7xx_it.c.obj
 .debug_rnglists
                0x00000166       0x47 CMakeFiles/ETH.dir/Core/Src/stm32h7xx_hal_msp.c.obj
 .debug_rnglists
                0x000001ad       0xe0 CMakeFiles/ETH.dir/Drivers/STM32H7xx_HAL_Driver/Src/stm32h7xx_hal_cortex.c.obj
 .debug_rnglists
                0x0000028d       0x68 CMakeFiles/ETH.dir/Drivers/STM32H7xx_HAL_Driver/Src/stm32h7xx_hal_rcc.c.obj
 .debug_rnglists
                0x000002f5       0xc0 CMakeFiles/ETH.dir/Drivers/STM32H7xx_HAL_Driver/Src/stm32h7xx_hal_rcc_ex.c.obj
 .debug_rnglists
                0x000003b5       0x3f CMakeFiles/ETH.dir/Drivers/STM32H7xx_HAL_Driver/Src/stm32h7xx_hal_gpio.c.obj
 .debug_rnglists
                0x000003f4      0x103 CMakeFiles/ETH.dir/Drivers/STM32H7xx_HAL_Driver/Src/stm32h7xx_hal_pwr_ex.c.obj
 .debug_rnglists
                0x000004f7      0x131 CMakeFiles/ETH.dir/Drivers/STM32H7xx_HAL_Driver/Src/stm32h7xx_hal.c.obj
 .debug_rnglists
                0x00000628      0x22a CMakeFiles/ETH.dir/Drivers/STM32H7xx_HAL_Driver/Src/stm32h7xx_hal_i2c.c.obj
 .debug_rnglists
                0x00000852       0x35 CMakeFiles/ETH.dir/Drivers/STM32H7xx_HAL_Driver/Src/stm32h7xx_hal_i2c_ex.c.obj
 .debug_rnglists
                0x00000887      0x17c CMakeFiles/ETH.dir/Drivers/STM32H7xx_HAL_Driver/Src/stm32h7xx_hal_eth.c.obj
 .debug_rnglists
                0x00000a03      0x148 CMakeFiles/ETH.dir/Drivers/STM32H7xx_HAL_Driver/Src/stm32h7xx_hal_spi.c.obj
 .debug_rnglists
                0x00000b4b      0x1fa CMakeFiles/ETH.dir/Drivers/STM32H7xx_HAL_Driver/Src/stm32h7xx_hal_uart.c.obj
 .debug_rnglists
                0x00000d45       0x7f CMakeFiles/ETH.dir/Drivers/STM32H7xx_HAL_Driver/Src/stm32h7xx_hal_uart_ex.c.obj
 .debug_rnglists
                0x00000dc4       0x21 CMakeFiles/ETH.dir/Core/Src/system_stm32h7xx.c.obj
 .debug_rnglists
                0x00000de5       0x13 CMakeFiles/ETH.dir/Core/Src/sysmem.c.obj
 .debug_rnglists
                0x00000df8       0x79 CMakeFiles/ETH.dir/Core/Src/syscalls.c.obj
 .debug_rnglists
                0x00000e71       0x19 CMakeFiles/ETH.dir/startup_stm32h750xx.s.obj
 .debug_rnglists