Archive member included to satisfy reference by file (symbol)

C:/ST/STM32CubeCLT_1.17.0/GNU-tools-for-STM32/bin/../lib/gcc/arm-none-eabi/12.3.1/../../../../arm-none-eabi/lib/thumb/v7e-m+dp/hard\libc_nano.a(libc_a-exit.o)
                              C:/ST/STM32CubeCLT_1.17.0/GNU-tools-for-STM32/bin/../lib/gcc/arm-none-eabi/12.3.1/../../../../arm-none-eabi/lib/thumb/v7e-m+dp/hard/crt0.o (exit)
C:/ST/STM32CubeCLT_1.17.0/GNU-tools-for-STM32/bin/../lib/gcc/arm-none-eabi/12.3.1/../../../../arm-none-eabi/lib/thumb/v7e-m+dp/hard\libc_nano.a(libc_a-findfp.o)
                              C:/ST/STM32CubeCLT_1.17.0/GNU-tools-for-STM32/bin/../lib/gcc/arm-none-eabi/12.3.1/../../../../arm-none-eabi/lib/thumb/v7e-m+dp/hard\libc_nano.a(libc_a-exit.o) (__stdio_exit_handler)
C:/ST/STM32CubeCLT_1.17.0/GNU-tools-for-STM32/bin/../lib/gcc/arm-none-eabi/12.3.1/../../../../arm-none-eabi/lib/thumb/v7e-m+dp/hard\libc_nano.a(libc_a-fwalk.o)
                              C:/ST/STM32CubeCLT_1.17.0/GNU-tools-for-STM32/bin/../lib/gcc/arm-none-eabi/12.3.1/../../../../arm-none-eabi/lib/thumb/v7e-m+dp/hard\libc_nano.a(libc_a-findfp.o) (_fwalk_sglue)
C:/ST/STM32CubeCLT_1.17.0/GNU-tools-for-STM32/bin/../lib/gcc/arm-none-eabi/12.3.1/../../../../arm-none-eabi/lib/thumb/v7e-m+dp/hard\libc_nano.a(libc_a-stdio.o)
                              C:/ST/STM32CubeCLT_1.17.0/GNU-tools-for-STM32/bin/../lib/gcc/arm-none-eabi/12.3.1/../../../../arm-none-eabi/lib/thumb/v7e-m+dp/hard\libc_nano.a(libc_a-findfp.o) (__sread)
C:/ST/STM32CubeCLT_1.17.0/GNU-tools-for-STM32/bin/../lib/gcc/arm-none-eabi/12.3.1/../../../../arm-none-eabi/lib/thumb/v7e-m+dp/hard\libc_nano.a(libc_a-memset.o)
                              C:/ST/STM32CubeCLT_1.17.0/GNU-tools-for-STM32/bin/../lib/gcc/arm-none-eabi/12.3.1/../../../../arm-none-eabi/lib/thumb/v7e-m+dp/hard/crt0.o (memset)
C:/ST/STM32CubeCLT_1.17.0/GNU-tools-for-STM32/bin/../lib/gcc/arm-none-eabi/12.3.1/../../../../arm-none-eabi/lib/thumb/v7e-m+dp/hard\libc_nano.a(libc_a-closer.o)
                              C:/ST/STM32CubeCLT_1.17.0/GNU-tools-for-STM32/bin/../lib/gcc/arm-none-eabi/12.3.1/../../../../arm-none-eabi/lib/thumb/v7e-m+dp/hard\libc_nano.a(libc_a-stdio.o) (_close_r)
C:/ST/STM32CubeCLT_1.17.0/GNU-tools-for-STM32/bin/../lib/gcc/arm-none-eabi/12.3.1/../../../../arm-none-eabi/lib/thumb/v7e-m+dp/hard\libc_nano.a(libc_a-reent.o)
                              C:/ST/STM32CubeCLT_1.17.0/GNU-tools-for-STM32/bin/../lib/gcc/arm-none-eabi/12.3.1/../../../../arm-none-eabi/lib/thumb/v7e-m+dp/hard\libc_nano.a(libc_a-closer.o) (errno)
C:/ST/STM32CubeCLT_1.17.0/GNU-tools-for-STM32/bin/../lib/gcc/arm-none-eabi/12.3.1/../../../../arm-none-eabi/lib/thumb/v7e-m+dp/hard\libc_nano.a(libc_a-impure.o)
                              C:/ST/STM32CubeCLT_1.17.0/GNU-tools-for-STM32/bin/../lib/gcc/arm-none-eabi/12.3.1/../../../../arm-none-eabi/lib/thumb/v7e-m+dp/hard\libc_nano.a(libc_a-reent.o) (_impure_ptr)
C:/ST/STM32CubeCLT_1.17.0/GNU-tools-for-STM32/bin/../lib/gcc/arm-none-eabi/12.3.1/../../../../arm-none-eabi/lib/thumb/v7e-m+dp/hard\libc_nano.a(libc_a-lseekr.o)
                              C:/ST/STM32CubeCLT_1.17.0/GNU-tools-for-STM32/bin/../lib/gcc/arm-none-eabi/12.3.1/../../../../arm-none-eabi/lib/thumb/v7e-m+dp/hard\libc_nano.a(libc_a-stdio.o) (_lseek_r)
C:/ST/STM32CubeCLT_1.17.0/GNU-tools-for-STM32/bin/../lib/gcc/arm-none-eabi/12.3.1/../../../../arm-none-eabi/lib/thumb/v7e-m+dp/hard\libc_nano.a(libc_a-readr.o)
                              C:/ST/STM32CubeCLT_1.17.0/GNU-tools-for-STM32/bin/../lib/gcc/arm-none-eabi/12.3.1/../../../../arm-none-eabi/lib/thumb/v7e-m+dp/hard\libc_nano.a(libc_a-stdio.o) (_read_r)
C:/ST/STM32CubeCLT_1.17.0/GNU-tools-for-STM32/bin/../lib/gcc/arm-none-eabi/12.3.1/../../../../arm-none-eabi/lib/thumb/v7e-m+dp/hard\libc_nano.a(libc_a-writer.o)
                              C:/ST/STM32CubeCLT_1.17.0/GNU-tools-for-STM32/bin/../lib/gcc/arm-none-eabi/12.3.1/../../../../arm-none-eabi/lib/thumb/v7e-m+dp/hard\libc_nano.a(libc_a-stdio.o) (_write_r)
C:/ST/STM32CubeCLT_1.17.0/GNU-tools-for-STM32/bin/../lib/gcc/arm-none-eabi/12.3.1/../../../../arm-none-eabi/lib/thumb/v7e-m+dp/hard\libc_nano.a(libc_a-init.o)
                              C:/ST/STM32CubeCLT_1.17.0/GNU-tools-for-STM32/bin/../lib/gcc/arm-none-eabi/12.3.1/../../../../arm-none-eabi/lib/thumb/v7e-m+dp/hard/crt0.o (__libc_init_array)
C:/ST/STM32CubeCLT_1.17.0/GNU-tools-for-STM32/bin/../lib/gcc/arm-none-eabi/12.3.1/../../../../arm-none-eabi/lib/thumb/v7e-m+dp/hard\libc_nano.a(libc_a-lock.o)
                              C:/ST/STM32CubeCLT_1.17.0/GNU-tools-for-STM32/bin/../lib/gcc/arm-none-eabi/12.3.1/../../../../arm-none-eabi/lib/thumb/v7e-m+dp/hard\libc_nano.a(libc_a-findfp.o) (__retarget_lock_init_recursive)
C:/ST/STM32CubeCLT_1.17.0/GNU-tools-for-STM32/bin/../lib/gcc/arm-none-eabi/12.3.1/../../../../arm-none-eabi/lib/thumb/v7e-m+dp/hard\libc_nano.a(libc_a-freer.o)
[...]
Memory Configuration

Name             Origin             Length             Attributes
FLASH            0x08000000         0x00020000         xr
DTCMRAM          0x20000000         0x00020000         xrw
RAM_D1           0x24000000         0x00080000         xrw
RAM_D2           0x30000000         0x00048000         xrw
RAM_D3           0x38000000         0x00010000         xrw
ITCMRAM          0x00000000         0x00010000         xrw
*default*        0x00000000         0xffffffff

Linker script and memory map

LOAD C:/ST/STM32CubeCLT_1.17.0/GNU-tools-for-STM32/bin/../lib/gcc/arm-none-eabi/12.3.1/thumb/v7e-m+dp/hard/crti.o
LOAD C:/ST/STM32CubeCLT_1.17.0/GNU-tools-for-STM32/bin/../lib/gcc/arm-none-eabi/12.3.1/thumb/v7e-m+dp/hard/crtbegin.o
LOAD C:/ST/STM32CubeCLT_1.17.0/GNU-tools-for-STM32/bin/../lib/gcc/arm-none-eabi/12.3.1/../../../../arm-none-eabi/lib/thumb/v7e-m+dp/hard/crt0.o
START GROUP
LOAD C:/ST/STM32CubeCLT_1.17.0/GNU-tools-for-STM32/bin/../lib/gcc/arm-none-eabi/12.3.1/../../../../arm-none-eabi/lib/thumb/v7e-m+dp/hard\libc_nano.a
LOAD C:/ST/STM32CubeCLT_1.17.0/GNU-tools-for-STM32/bin/../lib/gcc/arm-none-eabi/12.3.1/../../../../arm-none-eabi/lib/thumb/v7e-m+dp/hard\libm.a
END GROUP
LOAD CMakeFiles/ETH.dir/Core/Src/lan8742.c.obj
LOAD CMakeFiles/ETH.dir/Core/Src/main.c.obj
LOAD CMakeFiles/ETH.dir/Core/Src/stm32h7xx_it.c.obj
LOAD CMakeFiles/ETH.dir/Core/Src/stm32h7xx_hal_msp.c.obj
LOAD CMakeFiles/ETH.dir/Drivers/STM32H7xx_HAL_Driver/Src/stm32h7xx_hal_cortex.c.obj
LOAD CMakeFiles/ETH.dir/Drivers/STM32H7xx_HAL_Driver/Src/stm32h7xx_hal_rcc.c.obj
LOAD CMakeFiles/ETH.dir/Drivers/STM32H7xx_HAL_Driver/Src/stm32h7xx_hal_rcc_ex.c.obj
LOAD CMakeFiles/ETH.dir/Drivers/STM32H7xx_HAL_Driver/Src/stm32h7xx_hal_flash.c.obj
LOAD CMakeFiles/ETH.dir/Drivers/STM32H7xx_HAL_Driver/Src/stm32h7xx_hal_flash_ex.c.obj
LOAD CMakeFiles/ETH.dir/Drivers/STM32H7xx_HAL_Driver/Src/stm32h7xx_hal_gpio.c.obj
LOAD CMakeFiles/ETH.dir/Drivers/STM32H7xx_HAL_Driver/Src/stm32h7xx_hal_hsem.c.obj
LOAD CMakeFiles/ETH.dir/Drivers/STM32H7xx_HAL_Driver/Src/stm32h7xx_hal_dma.c.obj
LOAD CMakeFiles/ETH.dir/Drivers/STM32H7xx_HAL_Driver/Src/stm32h7xx_hal_dma_ex.c.obj
LOAD CMakeFiles/ETH.dir/Drivers/STM32H7xx_HAL_Driver/Src/stm32h7xx_hal_mdma.c.obj
LOAD CMakeFiles/ETH.dir/Drivers/STM32H7xx_HAL_Driver/Src/stm32h7xx_hal_pwr.c.obj
LOAD CMakeFiles/ETH.dir/Drivers/STM32H7xx_HAL_Driver/Src/stm32h7xx_hal_pwr_ex.c.obj
LOAD CMakeFiles/ETH.dir/Drivers/STM32H7xx_HAL_Driver/Src/stm32h7xx_hal.c.obj
LOAD CMakeFiles/ETH.dir/Drivers/STM32H7xx_HAL_Driver/Src/stm32h7xx_hal_i2c.c.obj
LOAD CMakeFiles/ETH.dir/Drivers/STM32H7xx_HAL_Driver/Src/stm32h7xx_hal_i2c_ex.c.obj
LOAD CMakeFiles/ETH.dir/Drivers/STM32H7xx_HAL_Driver/Src/stm32h7xx_hal_exti.c.obj
LOAD CMakeFiles/ETH.dir/Drivers/STM32H7xx_HAL_Driver/Src/stm32h7xx_hal_eth.c.obj
LOAD CMakeFiles/ETH.dir/Drivers/STM32H7xx_HAL_Driver/Src/stm32h7xx_hal_eth_ex.c.obj
LOAD CMakeFiles/ETH.dir/Drivers/STM32H7xx_HAL_Driver/Src/stm32h7xx_hal_spi.c.obj
LOAD CMakeFiles/ETH.dir/Drivers/STM32H7xx_HAL_Driver/Src/stm32h7xx_hal_spi_ex.c.obj
LOAD CMakeFiles/ETH.dir/Drivers/STM32H7xx_HAL_Driver/Src/stm32h7xx_hal_uart.c.obj
LOAD CMakeFiles/ETH.dir/Drivers/STM32H7xx_HAL_Driver/Src/stm32h7xx_hal_uart_ex.c.obj
LOAD CMakeFiles/ETH.dir/Core/Src/system_stm32h7xx.c.obj
LOAD CMakeFiles/ETH.dir/Core/Src/sysmem.c.obj
LOAD CMakeFiles/ETH.dir/Core/Src/syscalls.c.obj
LOAD CMakeFiles/ETH.dir/startup_stm32h750xx.s.obj
START GROUP
LOAD C:/ST/STM32CubeCLT_1.17.0/GNU-tools-for-STM32/bin/../lib/gcc/arm-none-eabi/12.3.1/thumb/v7e-m+dp/hard\libgcc.a
LOAD C:/ST/STM32CubeCLT_1.17.0/GNU-tools-for-STM32/bin/../lib/gcc/arm-none-eabi/12.3.1/../../../../arm-none-eabi/lib/thumb/v7e-m+dp/hard\libg_nano.a
LOAD C:/ST/STM32CubeCLT_1.17.0/GNU-tools-for-STM32/bin/../lib/gcc/arm-none-eabi/12.3.1/../../../../arm-none-eabi/lib/thumb/v7e-m+dp/hard\libc_nano.a
END GROUP
START GROUP
LOAD C:/ST/STM32CubeCLT_1.17.0/GNU-tools-for-STM32/bin/../lib/gcc/arm-none-eabi/12.3.1/thumb/v7e-m+dp/hard\libgcc.a
LOAD C:/ST/STM32CubeCLT_1.17.0/GNU-tools-for-STM32/bin/../lib/gcc/arm-none-eabi/12.3.1/../../../../arm-none-eabi/lib/thumb/v7e-m+dp/hard\libc_nano.a
END GROUP
LOAD C:/ST/STM32CubeCLT_1.17.0/GNU-tools-for-STM32/bin/../lib/gcc/arm-none-eabi/12.3.1/thumb/v7e-m+dp/hard/crtend.o
LOAD C:/ST/STM32CubeCLT_1.17.0/GNU-tools-for-STM32/bin/../lib/gcc/arm-none-eabi/12.3.1/thumb/v7e-m+dp/hard/crtn.o
                0x24080000                        _estack = (ORIGIN (RAM_D1) + LENGTH (RAM_D1))
                0x00005000                        _Min_Heap_Size = 0x5000
                0x00010000                        _Min_Stack_Size = 0x10000

.isr_vector     0x08000000      0x298
                0x08000000                        . = ALIGN (0x4)
 *(.isr_vector)
 .isr_vector    0x08000000      0x298 CMakeFiles/ETH.dir/startup_stm32h750xx.s.obj
                0x08000000                g_pfnVectors
                0x08000298                        . = ALIGN (0x4)

.text           0x08000298     0x73e0
                0x08000298                        . = ALIGN (0x4)
 *(.text)
 .text          0x08000298       0x40 C:/ST/STM32CubeCLT_1.17.0/GNU-tools-for-STM32/bin/../lib/gcc/arm-none-eabi/12.3.1/thumb/v7e-m+dp/hard/crtbegin.o
 .text          0x080002d8       0x30 C:/ST/STM32CubeCLT_1.17.0/GNU-tools-for-STM32/bin/../lib/gcc/arm-none-eabi/12.3.1/thumb/v7e-m+dp/hard\libgcc.a(_aeabi_uldivmod.o)
                0x080002d8                __aeabi_uldivmod
 .text          0x08000308      0x2bc C:/ST/STM32CubeCLT_1.17.0/GNU-tools-for-STM32/bin/../lib/gcc/arm-none-eabi/12.3.1/thumb/v7e-m+dp/hard\libgcc.a(_udivmoddi4.o)
                0x08000308                __udivmoddi4
 .text          0x080005c4        0x4 C:/ST/STM32CubeCLT_1.17.0/GNU-tools-for-STM32/bin/../lib/gcc/arm-none-eabi/12.3.1/thumb/v7e-m+dp/hard\libgcc.a(_dvmd_tls.o)
                0x080005c4                __aeabi_idiv0
                0x080005c4                __aeabi_ldiv0
 *(.text*)
 .text.memset   0x080005c8       0x10 C:/ST/STM32CubeCLT_1.17.0/GNU-tools-for-STM32/bin/../lib/gcc/arm-none-eabi/12.3.1/../../../../arm-none-eabi/lib/thumb/v7e-m+dp/hard\libc_nano.a(libc_a-memset.o)
                0x080005c8                memset
 .text.__libc_init_array
                0x080005d8       0x48 C:/ST/STM32CubeCLT_1.17.0/GNU-tools-for-STM32/bin/../lib/gcc/arm-none-eabi/12.3.1/../../../../arm-none-eabi/lib/thumb/v7e-m+dp/hard\libc_nano.a(libc_a-init.o)
                0x080005d8                __libc_init_array
 .text.__retarget_lock_acquire_recursive
                0x08000620        0x2 C:/ST/STM32CubeCLT_1.17.0/GNU-tools-for-STM32/bin/../lib/gcc/arm-none-eabi/12.3.1/../../../../arm-none-eabi/lib/thumb/v7e-m+dp/hard\libc_nano.a(libc_a-lock.o)
                0x08000620                __retarget_lock_acquire_recursive
 .text.__retarget_lock_release_recursive
                0x08000622        0x2 C:/ST/STM32CubeCLT_1.17.0/GNU-tools-for-STM32/bin/../lib/gcc/arm-none-eabi/12.3.1/../../../../arm-none-eabi/lib/thumb/v7e-m+dp/hard\libc_nano.a(libc_a-lock.o)
                0x08000622                __retarget_lock_release_recursive
 .text._free_r  0x08000624       0x94 C:/ST/STM32CubeCLT_1.17.0/GNU-tools-for-STM32/bin/../lib/gcc/arm-none-eabi/12.3.1/../../../../arm-none-eabi/lib/thumb/v7e-m+dp/hard\libc_nano.a(libc_a-freer.o)
                0x08000624                _free_r
 .text.sbrk_aligned
                0x080006b8       0x44 C:/ST/STM32CubeCLT_1.17.0/GNU-tools-for-STM32/bin/../lib/gcc/arm-none-eabi/12.3.1/../../../../arm-none-eabi/lib/thumb/v7e-m+dp/hard\libc_nano.a(libc_a-mallocr.o)
 .text._malloc_r
                0x080006fc      0x100 C:/ST/STM32CubeCLT_1.17.0/GNU-tools-for-STM32/bin/../lib/gcc/arm-none-eabi/12.3.1/../../../../arm-none-eabi/lib/thumb/v7e-m+dp/hard\libc_nano.a(libc_a-mallocr.o)
                0x080006fc                _malloc_r
 .text.__malloc_lock
                0x080007fc        0xc C:/ST/STM32CubeCLT_1.17.0/GNU-tools-for-STM32/bin/../lib/gcc/arm-none-eabi/12.3.1/../../../../arm-none-eabi/lib/thumb/v7e-m+dp/hard\libc_nano.a(libc_a-mlock.o)
                0x080007fc                __malloc_lock
 .text.__malloc_unlock
                0x08000808        0xc C:/ST/STM32CubeCLT_1.17.0/GNU-tools-for-STM32/bin/../lib/gcc/arm-none-eabi/12.3.1/../../../../arm-none-eabi/lib/thumb/v7e-m+dp/hard\libc_nano.a(libc_a-mlock.o)
                0x08000808                __malloc_unlock
 .text._sbrk_r  0x08000814       0x20 C:/ST/STM32CubeCLT_1.17.0/GNU-tools-for-STM32/bin/../lib/gcc/arm-none-eabi/12.3.1/../../../../arm-none-eabi/lib/thumb/v7e-m+dp/hard\libc_nano.a(libc_a-sbrkr.o)
                0x08000814                _sbrk_r
 .text.LAN8742_RegisterBusIO
                0x08000834       0x64 CMakeFiles/ETH.dir/Core/Src/lan8742.c.obj
                0x08000834                LAN8742_RegisterBusIO
 .text.LAN8742_Init
                0x08000898       0x9a CMakeFiles/ETH.dir/Core/Src/lan8742.c.obj
                0x08000898                LAN8742_Init
 .text.LAN8742_GetLinkState
                0x08000932      0x10e CMakeFiles/ETH.dir/Core/Src/lan8742.c.obj
                0x08000932                LAN8742_GetLinkState
 .text.main     0x08000a40       0x5c CMakeFiles/ETH.dir/Core/Src/main.c.obj
                0x08000a40                main
 .text.SystemClock_Config
                0x08000a9c       0xf8 CMakeFiles/ETH.dir/Core/Src/main.c.obj
                0x08000a9c                SystemClock_Config
 .text.PeriphCommonClock_Config
                0x08000b94       0x5e CMakeFiles/ETH.dir/Core/Src/main.c.obj
                0x08000b94                PeriphCommonClock_Config
 *fill*         0x08000bf2        0x2 
 .text.MX_ETH_Init
                0x08000bf4       0xb8 CMakeFiles/ETH.dir/Core/Src/main.c.obj
 .text.MX_I2C1_Init
                0x08000cac       0x80 CMakeFiles/ETH.dir/Core/Src/main.c.obj
 .text.MX_SPI1_Init
                0x08000d2c       0xac CMakeFiles/ETH.dir/Core/Src/main.c.obj
 .text.MX_SPI2_Init
                0x08000dd8       0xac CMakeFiles/ETH.dir/Core/Src/main.c.obj
 .text.MX_USART1_UART_Init
                0x08000e84       0x98 CMakeFiles/ETH.dir/Core/Src/main.c.obj
 .text.MX_GPIO_Init
                0x08000f1c      0x110 CMakeFiles/ETH.dir/Core/Src/main.c.obj
 .text.ETH_PHY_INTERFACE_Init
                0x0800102c       0x14 CMakeFiles/ETH.dir/Core/Src/main.c.obj
                0x0800102c                ETH_PHY_INTERFACE_Init
 .text.ETH_PHY_INTERFACE_DeInit
                0x08001040       0x10 CMakeFiles/ETH.dir/Core/Src/main.c.obj
                0x08001040                ETH_PHY_INTERFACE_DeInit
 .text.ETH_PHY_INTERFACE_ReadReg
                0x08001050       0x34 CMakeFiles/ETH.dir/Core/Src/main.c.obj
                0x08001050                ETH_PHY_INTERFACE_ReadReg
 .text.ETH_PHY_INTERFACE_WriteReg
                0x08001084       0x34 CMakeFiles/ETH.dir/Core/Src/main.c.obj
                0x08001084                ETH_PHY_INTERFACE_WriteReg
 .text.ETH_PHY_INTERFACE_GetTick
                0x080010b8        0xe CMakeFiles/ETH.dir/Core/Src/main.c.obj
                0x080010b8                ETH_PHY_INTERFACE_GetTick
 *fill*         0x080010c6        0x2 
 .text.ETH_StartLink
                0x080010c8       0xf0 CMakeFiles/ETH.dir/Core/Src/main.c.obj
                0x080010c8                ETH_StartLink
 .text.HAL_ETH_RxAllocateCallback
                0x080011b8       0x42 CMakeFiles/ETH.dir/Core/Src/main.c.obj
                0x080011b8                HAL_ETH_RxAllocateCallback
 .text.HAL_ETH_RxLinkCallback
                0x080011fa       0x58 CMakeFiles/ETH.dir/Core/Src/main.c.obj
                0x080011fa                HAL_ETH_RxLinkCallback
 .text.MPU_Config
                0x08001252       0x58 CMakeFiles/ETH.dir/Core/Src/main.c.obj
 .text.Error_Handler
                0x080012aa        0xc CMakeFiles/ETH.dir/Core/Src/main.c.obj
                0x080012aa                Error_Handler
 .text.NMI_Handler
                0x080012b6        0x8 CMakeFiles/ETH.dir/Core/Src/stm32h7xx_it.c.obj
                0x080012b6                NMI_Handler
 .text.HardFault_Handler
                0x080012be        0x8 CMakeFiles/ETH.dir/Core/Src/stm32h7xx_it.c.obj
                0x080012be                HardFault_Handler
 .text.MemManage_Handler
                0x080012c6        0x8 CMakeFiles/ETH.dir/Core/Src/stm32h7xx_it.c.obj
                0x080012c6                MemManage_Handler
 .text.BusFault_Handler
                0x080012ce        0x8 CMakeFiles/ETH.dir/Core/Src/stm32h7xx_it.c.obj
                0x080012ce                BusFault_Handler
 .text.UsageFault_Handler
                0x080012d6        0x8 CMakeFiles/ETH.dir/Core/Src/stm32h7xx_it.c.obj
                0x080012d6                UsageFault_Handler
 .text.SVC_Handler
                0x080012de        0xe CMakeFiles/ETH.dir/Core/Src/stm32h7xx_it.c.obj
                0x080012de                SVC_Handler
 .text.DebugMon_Handler
                0x080012ec        0xe CMakeFiles/ETH.dir/Core/Src/stm32h7xx_it.c.obj
                0x080012ec                DebugMon_Handler
 .text.PendSV_Handler
                0x080012fa        0xe CMakeFiles/ETH.dir/Core/Src/stm32h7xx_it.c.obj
                0x080012fa                PendSV_Handler
 .text.SysTick_Handler
                0x08001308        0xc CMakeFiles/ETH.dir/Core/Src/stm32h7xx_it.c.obj
                0x08001308                SysTick_Handler
 .text.HAL_MspInit
                0x08001314       0x34 CMakeFiles/ETH.dir/Core/Src/stm32h7xx_hal_msp.c.obj
                0x08001314                HAL_MspInit
 .text.HAL_ETH_MspInit
                0x08001348      0x158 CMakeFiles/ETH.dir/Core/Src/stm32h7xx_hal_msp.c.obj
                0x08001348                HAL_ETH_MspInit
 .text.HAL_I2C_MspInit
                0x080014a0       0xd0 CMakeFiles/ETH.dir/Core/Src/stm32h7xx_hal_msp.c.obj
                0x080014a0                HAL_I2C_MspInit
 .text.HAL_SPI_MspInit
                0x08001570      0x100 CMakeFiles/ETH.dir/Core/Src/stm32h7xx_hal_msp.c.obj
                0x08001570                HAL_SPI_MspInit
 .text.HAL_UART_MspInit
                0x08001670      0x120 CMakeFiles/ETH.dir/Core/Src/stm32h7xx_hal_msp.c.obj
                0x08001670                HAL_UART_MspInit
 .text.__NVIC_SetPriorityGrouping
                0x08001790       0x48 CMakeFiles/ETH.dir/Drivers/STM32H7xx_HAL_Driver/Src/stm32h7xx_hal_cortex.c.obj
 .text.__NVIC_GetPriorityGrouping
                0x080017d8       0x1c CMakeFiles/ETH.dir/Drivers/STM32H7xx_HAL_Driver/Src/stm32h7xx_hal_cortex.c.obj
 .text.__NVIC_SetPriority
                0x080017f4       0x54 CMakeFiles/ETH.dir/Drivers/STM32H7xx_HAL_Driver/Src/stm32h7xx_hal_cortex.c.obj
 .text.NVIC_EncodePriority
                0x08001848       0x66 CMakeFiles/ETH.dir/Drivers/STM32H7xx_HAL_Driver/Src/stm32h7xx_hal_cortex.c.obj
 *fill*         0x080018ae        0x2 
 .text.SysTick_Config
                0x080018b0       0x44 CMakeFiles/ETH.dir/Drivers/STM32H7xx_HAL_Driver/Src/stm32h7xx_hal_cortex.c.obj
 .text.HAL_NVIC_SetPriorityGrouping
                0x080018f4       0x16 CMakeFiles/ETH.dir/Drivers/STM32H7xx_HAL_Driver/Src/stm32h7xx_hal_cortex.c.obj
                0x080018f4                HAL_NVIC_SetPriorityGrouping
 .text.HAL_NVIC_SetPriority
                0x0800190a       0x34 CMakeFiles/ETH.dir/Drivers/STM32H7xx_HAL_Driver/Src/stm32h7xx_hal_cortex.c.obj
                0x0800190a                HAL_NVIC_SetPriority
 .text.HAL_SYSTICK_Config
                0x0800193e       0x18 CMakeFiles/ETH.dir/Drivers/STM32H7xx_HAL_Driver/Src/stm32h7xx_hal_cortex.c.obj
                0x0800193e                HAL_SYSTICK_Config
 *fill*         0x08001956        0x2 
 .text.HAL_MPU_Disable
                0x08001958       0x30 CMakeFiles/ETH.dir/Drivers/STM32H7xx_HAL_Driver/Src/stm32h7xx_hal_cortex.c.obj
                0x08001958                HAL_MPU_Disable
 .text.HAL_MPU_Enable
                0x08001988       0x40 CMakeFiles/ETH.dir/Drivers/STM32H7xx_HAL_Driver/Src/stm32h7xx_hal_cortex.c.obj
                0x08001988                HAL_MPU_Enable
 .text.HAL_MPU_ConfigRegion
                0x080019c8       0x80 CMakeFiles/ETH.dir/Drivers/STM32H7xx_HAL_Driver/Src/stm32h7xx_hal_cortex.c.obj
                0x080019c8                HAL_MPU_ConfigRegion
 .text.HAL_RCC_OscConfig
                0x08001a48      0x8b4 CMakeFiles/ETH.dir/Drivers/STM32H7xx_HAL_Driver/Src/stm32h7xx_hal_rcc.c.obj
                0x08001a48                HAL_RCC_OscConfig
 .text.HAL_RCC_ClockConfig
                0x080022fc      0x36c CMakeFiles/ETH.dir/Drivers/STM32H7xx_HAL_Driver/Src/stm32h7xx_hal_rcc.c.obj
                0x080022fc                HAL_RCC_ClockConfig
 .text.HAL_RCC_GetSysClockFreq
                0x08002668      0x2f4 CMakeFiles/ETH.dir/Drivers/STM32H7xx_HAL_Driver/Src/stm32h7xx_hal_rcc.c.obj
                0x08002668                HAL_RCC_GetSysClockFreq
 .text.HAL_RCC_GetHCLKFreq
                0x0800295c       0x60 CMakeFiles/ETH.dir/Drivers/STM32H7xx_HAL_Driver/Src/stm32h7xx_hal_rcc.c.obj
                0x0800295c                HAL_RCC_GetHCLKFreq
 .text.HAL_RCC_GetPCLK1Freq
                0x080029bc       0x2c CMakeFiles/ETH.dir/Drivers/STM32H7xx_HAL_Driver/Src/stm32h7xx_hal_rcc.c.obj
                0x080029bc                HAL_RCC_GetPCLK1Freq
 .text.HAL_RCC_GetPCLK2Freq
                0x080029e8       0x2c CMakeFiles/ETH.dir/Drivers/STM32H7xx_HAL_Driver/Src/stm32h7xx_hal_rcc.c.obj
                0x080029e8                HAL_RCC_GetPCLK2Freq
 .text.HAL_RCCEx_PeriphCLKConfig
                0x08002a14     0x1414 CMakeFiles/ETH.dir/Drivers/STM32H7xx_HAL_Driver/Src/stm32h7xx_hal_rcc_ex.c.obj
                0x08002a14                HAL_RCCEx_PeriphCLKConfig
 .text.HAL_RCCEx_GetD3PCLK1Freq
                0x08003e28       0x2c CMakeFiles/ETH.dir/Drivers/STM32H7xx_HAL_Driver/Src/stm32h7xx_hal_rcc_ex.c.obj
                0x08003e28                HAL_RCCEx_GetD3PCLK1Freq
 .text.HAL_RCCEx_GetPLL2ClockFreq
                0x08003e54      0x2a8 CMakeFiles/ETH.dir/Drivers/STM32H7xx_HAL_Driver/Src/stm32h7xx_hal_rcc_ex.c.obj
                0x08003e54                HAL_RCCEx_GetPLL2ClockFreq
 .text.HAL_RCCEx_GetPLL3ClockFreq
                0x080040fc      0x2a8 CMakeFiles/ETH.dir/Drivers/STM32H7xx_HAL_Driver/Src/stm32h7xx_hal_rcc_ex.c.obj
                0x080040fc                HAL_RCCEx_GetPLL3ClockFreq
 .text.RCCEx_PLL2_Config
                0x080043a4      0x164 CMakeFiles/ETH.dir/Drivers/STM32H7xx_HAL_Driver/Src/stm32h7xx_hal_rcc_ex.c.obj
 .text.RCCEx_PLL3_Config
                0x08004508      0x164 CMakeFiles/ETH.dir/Drivers/STM32H7xx_HAL_Driver/Src/stm32h7xx_hal_rcc_ex.c.obj
 .text.HAL_GPIO_Init
                0x0800466c      0x360 CMakeFiles/ETH.dir/Drivers/STM32H7xx_HAL_Driver/Src/stm32h7xx_hal_gpio.c.obj
                0x0800466c                HAL_GPIO_Init
 .text.HAL_GPIO_WritePin
                0x080049cc       0x32 CMakeFiles/ETH.dir/Drivers/STM32H7xx_HAL_Driver/Src/stm32h7xx_hal_gpio.c.obj
                0x080049cc                HAL_GPIO_WritePin
 *fill*         0x080049fe        0x2 
 .text.HAL_PWREx_ConfigSupply
                0x08004a00       0x74 CMakeFiles/ETH.dir/Drivers/STM32H7xx_HAL_Driver/Src/stm32h7xx_hal_pwr_ex.c.obj
                0x08004a00                HAL_PWREx_ConfigSupply
 .text.HAL_Init
                0x08004a74       0x78 CMakeFiles/ETH.dir/Drivers/STM32H7xx_HAL_Driver/Src/stm32h7xx_hal.c.obj
                0x08004a74                HAL_Init
 .text.HAL_InitTick
                0x08004aec       0x6c CMakeFiles/ETH.dir/Drivers/STM32H7xx_HAL_Driver/Src/stm32h7xx_hal.c.obj
                0x08004aec                HAL_InitTick
 .text.HAL_IncTick
                0x08004b58       0x28 CMakeFiles/ETH.dir/Drivers/STM32H7xx_HAL_Driver/Src/stm32h7xx_hal.c.obj
                0x08004b58                HAL_IncTick
 .text.HAL_GetTick
                0x08004b80       0x18 CMakeFiles/ETH.dir/Drivers/STM32H7xx_HAL_Driver/Src/stm32h7xx_hal.c.obj
                0x08004b80                HAL_GetTick
 .text.HAL_GetREVID
                0x08004b98       0x18 CMakeFiles/ETH.dir/Drivers/STM32H7xx_HAL_Driver/Src/stm32h7xx_hal.c.obj
                0x08004b98                HAL_GetREVID
 .text.HAL_SYSCFG_ETHInterfaceSelect
                0x08004bb0       0x28 CMakeFiles/ETH.dir/Drivers/STM32H7xx_HAL_Driver/Src/stm32h7xx_hal.c.obj
                0x08004bb0                HAL_SYSCFG_ETHInterfaceSelect
 .text.HAL_I2C_Init
                0x08004bd8      0x138 CMakeFiles/ETH.dir/Drivers/STM32H7xx_HAL_Driver/Src/stm32h7xx_hal_i2c.c.obj
                0x08004bd8                HAL_I2C_Init
 .text.HAL_I2CEx_ConfigAnalogFilter
                0x08004d10       0x96 CMakeFiles/ETH.dir/Drivers/STM32H7xx_HAL_Driver/Src/stm32h7xx_hal_i2c_ex.c.obj
                0x08004d10                HAL_I2CEx_ConfigAnalogFilter
 .text.HAL_I2CEx_ConfigDigitalFilter
                0x08004da6       0x98 CMakeFiles/ETH.dir/Drivers/STM32H7xx_HAL_Driver/Src/stm32h7xx_hal_i2c_ex.c.obj
                0x08004da6                HAL_I2CEx_ConfigDigitalFilter
 *fill*         0x08004e3e        0x2 
 .text.HAL_ETH_Init
                0x08004e40      0x1fc CMakeFiles/ETH.dir/Drivers/STM32H7xx_HAL_Driver/Src/stm32h7xx_hal_eth.c.obj
                0x08004e40                HAL_ETH_Init
 .text.HAL_ETH_Start_IT
                0x0800503c       0xe8 CMakeFiles/ETH.dir/Drivers/STM32H7xx_HAL_Driver/Src/stm32h7xx_hal_eth.c.obj
                0x0800503c                HAL_ETH_Start_IT
 .text.HAL_ETH_Stop
                0x08005124       0xa0 CMakeFiles/ETH.dir/Drivers/STM32H7xx_HAL_Driver/Src/stm32h7xx_hal_eth.c.obj
                0x08005124                HAL_ETH_Stop
 .text.HAL_ETH_ReadData
                0x080051c4      0x17a CMakeFiles/ETH.dir/Drivers/STM32H7xx_HAL_Driver/Src/stm32h7xx_hal_eth.c.obj
                0x080051c4                HAL_ETH_ReadData
 .text.ETH_UpdateDescriptor
                0x0800533e       0xf2 CMakeFiles/ETH.dir/Drivers/STM32H7xx_HAL_Driver/Src/stm32h7xx_hal_eth.c.obj
 .text.HAL_ETH_ReadPHYRegister
                0x08005430       0xa8 CMakeFiles/ETH.dir/Drivers/STM32H7xx_HAL_Driver/Src/stm32h7xx_hal_eth.c.obj
                0x08005430                HAL_ETH_ReadPHYRegister
 .text.HAL_ETH_WritePHYRegister
                0x080054d8       0xa8 CMakeFiles/ETH.dir/Drivers/STM32H7xx_HAL_Driver/Src/stm32h7xx_hal_eth.c.obj
                0x080054d8                HAL_ETH_WritePHYRegister
 .text.HAL_ETH_GetMACConfig
                0x08005580      0x3a8 CMakeFiles/ETH.dir/Drivers/STM32H7xx_HAL_Driver/Src/stm32h7xx_hal_eth.c.obj
                0x08005580                HAL_ETH_GetMACConfig
 .text.HAL_ETH_SetMACConfig
                0x08005928       0x34 CMakeFiles/ETH.dir/Drivers/STM32H7xx_HAL_Driver/Src/stm32h7xx_hal_eth.c.obj
                0x08005928                HAL_ETH_SetMACConfig
 .text.HAL_ETH_SetMDIOClockRange
                0x0800595c       0xa0 CMakeFiles/ETH.dir/Drivers/STM32H7xx_HAL_Driver/Src/stm32h7xx_hal_eth.c.obj
                0x0800595c                HAL_ETH_SetMDIOClockRange
 .text.ETH_SetMACConfig
                0x080059fc      0x238 CMakeFiles/ETH.dir/Drivers/STM32H7xx_HAL_Driver/Src/stm32h7xx_hal_eth.c.obj
 .text.ETH_SetDMAConfig
                0x08005c34      0x10c CMakeFiles/ETH.dir/Drivers/STM32H7xx_HAL_Driver/Src/stm32h7xx_hal_eth.c.obj
 .text.ETH_MACDMAConfig
                0x08005d40      0x13a CMakeFiles/ETH.dir/Drivers/STM32H7xx_HAL_Driver/Src/stm32h7xx_hal_eth.c.obj
 .text.ETH_DMATxDescListInit
                0x08005e7a       0x92 CMakeFiles/ETH.dir/Drivers/STM32H7xx_HAL_Driver/Src/stm32h7xx_hal_eth.c.obj
 .text.ETH_DMARxDescListInit
                0x08005f0c       0xba CMakeFiles/ETH.dir/Drivers/STM32H7xx_HAL_Driver/Src/stm32h7xx_hal_eth.c.obj
 *fill*         0x08005fc6        0x2 
 .text.HAL_SPI_Init
                0x08005fc8      0x248 CMakeFiles/ETH.dir/Drivers/STM32H7xx_HAL_Driver/Src/stm32h7xx_hal_spi.c.obj
                0x08005fc8                HAL_SPI_Init
 .text.SPI_GetPacketSize
                0x08006210       0x36 CMakeFiles/ETH.dir/Drivers/STM32H7xx_HAL_Driver/Src/stm32h7xx_hal_spi.c.obj
 .text.HAL_UART_Init
                0x08006246       0xa0 CMakeFiles/ETH.dir/Drivers/STM32H7xx_HAL_Driver/Src/stm32h7xx_hal_uart.c.obj
                0x08006246                HAL_UART_Init
 *fill*         0x080062e6        0x2 
 .text.UART_SetConfig
                0x080062e8      0xad0 CMakeFiles/ETH.dir/Drivers/STM32H7xx_HAL_Driver/Src/stm32h7xx_hal_uart.c.obj
                0x080062e8                UART_SetConfig
 .text.UART_AdvFeatureConfig
                0x08006db8      0x144 CMakeFiles/ETH.dir/Drivers/STM32H7xx_HAL_Driver/Src/stm32h7xx_hal_uart.c.obj
                0x08006db8                UART_AdvFeatureConfig
 .text.UART_CheckIdleState
                0x08006efc      0x154 CMakeFiles/ETH.dir/Drivers/STM32H7xx_HAL_Driver/Src/stm32h7xx_hal_uart.c.obj
                0x08006efc                UART_CheckIdleState
 .text.UART_WaitOnFlagUntilTimeout
                0x08007050       0xda CMakeFiles/ETH.dir/Drivers/STM32H7xx_HAL_Driver/Src/stm32h7xx_hal_uart.c.obj
                0x08007050                UART_WaitOnFlagUntilTimeout
 *fill*         0x0800712a        0x2 
 .text.UART_EndRxTransfer
                0x0800712c       0xcc CMakeFiles/ETH.dir/Drivers/STM32H7xx_HAL_Driver/Src/stm32h7xx_hal_uart.c.obj
 .text.HAL_UARTEx_DisableFifoMode
                0x080071f8       0x72 CMakeFiles/ETH.dir/Drivers/STM32H7xx_HAL_Driver/Src/stm32h7xx_hal_uart_ex.c.obj
                0x080071f8                HAL_UARTEx_DisableFifoMode
 .text.HAL_UARTEx_SetTxFifoThreshold
                0x0800726a       0x7c CMakeFiles/ETH.dir/Drivers/STM32H7xx_HAL_Driver/Src/stm32h7xx_hal_uart_ex.c.obj
                0x0800726a                HAL_UARTEx_SetTxFifoThreshold
 .text.HAL_UARTEx_SetRxFifoThreshold
                0x080072e6       0x7c CMakeFiles/ETH.dir/Drivers/STM32H7xx_HAL_Driver/Src/stm32h7xx_hal_uart_ex.c.obj
                0x080072e6                HAL_UARTEx_SetRxFifoThreshold
 *fill*         0x08007362        0x2 
 .text.UARTEx_SetNbDataToProcess
                0x08007364       0x9c CMakeFiles/ETH.dir/Drivers/STM32H7xx_HAL_Driver/Src/stm32h7xx_hal_uart_ex.c.obj
 .text.SystemInit
                0x08007400      0x140 CMakeFiles/ETH.dir/Core/Src/system_stm32h7xx.c.obj
                0x08007400                SystemInit
 .text.ExitRun0Mode
                0x08007540       0x30 CMakeFiles/ETH.dir/Core/Src/system_stm32h7xx.c.obj
                0x08007540                ExitRun0Mode
 .text._sbrk    0x08007570       0x6c CMakeFiles/ETH.dir/Core/Src/sysmem.c.obj
                0x08007570                _sbrk
 .text.Reset_Handler
                0x080075dc       0x54 CMakeFiles/ETH.dir/startup_stm32h750xx.s.obj
                0x080075dc                Reset_Handler
 .text.Default_Handler
                0x08007630        0x2 CMakeFiles/ETH.dir/startup_stm32h750xx.s.obj
                0x08007630                RTC_Alarm_IRQHandler
                0x08007630                HASH_RNG_IRQHandler
                0x08007630                EXTI2_IRQHandler
                0x08007630                TIM8_CC_IRQHandler
                0x08007630                HRTIM1_Master_IRQHandler
                0x08007630                UART8_IRQHandler
                0x08007630                SPI4_IRQHandler
                0x08007630                TIM1_CC_IRQHandler
                0x08007630                BDMA_Channel6_IRQHandler
                0x08007630                DMA2_Stream5_IRQHandler
                0x08007630                HRTIM1_FLT_IRQHandler
                0x08007630                JPEG_IRQHandler
                0x08007630                DMA1_Stream5_IRQHandler
                0x08007630                BDMA_Channel1_IRQHandler
                0x08007630                HRTIM1_TIMD_IRQHandler
                0x08007630                TAMP_STAMP_IRQHandler
                0x08007630                EXTI3_IRQHandler
                0x08007630                LPTIM4_IRQHandler
                0x08007630                TIM8_TRG_COM_TIM14_IRQHandler
                0x08007630                LPTIM2_IRQHandler
                0x08007630                DFSDM1_FLT1_IRQHandler
                0x08007630                DMAMUX2_OVR_IRQHandler
                0x08007630                TIM8_UP_TIM13_IRQHandler
                0x08007630                I2C3_ER_IRQHandler
                0x08007630                DFSDM1_FLT2_IRQHandler
                0x08007630                MDMA_IRQHandler
                0x08007630                LPTIM3_IRQHandler
                0x08007630                HSEM1_IRQHandler
                0x08007630                EXTI0_IRQHandler
                0x08007630                I2C2_EV_IRQHandler
                0x08007630                DMA1_Stream2_IRQHandler
                0x08007630                FPU_IRQHandler
                0x08007630                OTG_HS_WKUP_IRQHandler
                0x08007630                FDCAN1_IT1_IRQHandler
                0x08007630                LTDC_ER_IRQHandler
                0x08007630                DMA2_Stream2_IRQHandler
                0x08007630                HRTIM1_TIME_IRQHandler
                0x08007630                SPI1_IRQHandler
                0x08007630                TIM6_DAC_IRQHandler
                0x08007630                DCMI_IRQHandler
                0x08007630                HRTIM1_TIMC_IRQHandler
                0x08007630                DMA2_Stream3_IRQHandler
                0x08007630                SAI2_IRQHandler
                0x08007630                DFSDM1_FLT3_IRQHandler
                0x08007630                USART6_IRQHandler
                0x08007630                TIM17_IRQHandler
                0x08007630                USART3_IRQHandler
                0x08007630                BDMA_Channel7_IRQHandler
                0x08007630                CRYP_IRQHandler
                0x08007630                LPTIM5_IRQHandler
                0x08007630                UART5_IRQHandler
                0x08007630                ADC3_IRQHandler
                0x08007630                DMA2_Stream0_IRQHandler
                0x08007630                TIM4_IRQHandler
                0x08007630                BDMA_Channel2_IRQHandler
                0x08007630                QUADSPI_IRQHandler
                0x08007630                I2C1_EV_IRQHandler
                0x08007630                DMA1_Stream6_IRQHandler
                0x08007630                DMAMUX1_OVR_IRQHandler
                0x08007630                DMA1_Stream1_IRQHandler
                0x08007630                TIM16_IRQHandler
                0x08007630                UART4_IRQHandler
                0x08007630                BDMA_Channel5_IRQHandler
                0x08007630                TIM3_IRQHandler
                0x08007630                RCC_IRQHandler
                0x08007630                TIM8_BRK_TIM12_IRQHandler
                0x08007630                TIM1_TRG_COM_IRQHandler
                0x08007630                Default_Handler
                0x08007630                ECC_IRQHandler
                0x08007630                CEC_IRQHandler
                0x08007630                EXTI15_10_IRQHandler
                0x08007630                BDMA_Channel0_IRQHandler
                0x08007630                ADC_IRQHandler
                0x08007630                DMA1_Stream7_IRQHandler
                0x08007630                HRTIM1_TIMA_IRQHandler
                0x08007630                SPI5_IRQHandler
                0x08007630                TIM7_IRQHandler
                0x08007630                SDMMC1_IRQHandler
                0x08007630                TIM5_IRQHandler
                0x08007630                DMA2_Stream7_IRQHandler
                0x08007630                TIM15_IRQHandler
                0x08007630                PVD_AVD_IRQHandler
                0x08007630                I2C3_EV_IRQHandler
                0x08007630                EXTI9_5_IRQHandler
                0x08007630                RTC_WKUP_IRQHandler
                0x08007630                LTDC_IRQHandler
                0x08007630                SAI3_IRQHandler
                0x08007630                ETH_WKUP_IRQHandler
                0x08007630                SPDIF_RX_IRQHandler
                0x08007630                SPI2_IRQHandler
                0x08007630                OTG_HS_EP1_IN_IRQHandler
                0x08007630                DMA1_Stream0_IRQHandler
                0x08007630                CRS_IRQHandler
                0x08007630                EXTI4_IRQHandler
                0x08007630                HRTIM1_TIMB_IRQHandler
                0x08007630                FDCAN2_IT1_IRQHandler
                0x08007630                ETH_IRQHandler
                0x08007630                TIM1_UP_IRQHandler
                0x08007630                BDMA_Channel4_IRQHandler
                0x08007630                OTG_HS_EP1_OUT_IRQHandler
                0x08007630                WWDG_IRQHandler
                0x08007630                SPI6_IRQHandler
                0x08007630                MDIOS_IRQHandler
                0x08007630                I2C4_EV_IRQHandler
                0x08007630                FDCAN2_IT0_IRQHandler
                0x08007630                LPUART1_IRQHandler
                0x08007630                FDCAN1_IT0_IRQHandler
                0x08007630                TIM2_IRQHandler
                0x08007630                OTG_FS_WKUP_IRQHandler
                0x08007630                OTG_HS_IRQHandler
                0x08007630                DMA2D_IRQHandler
                0x08007630                TIM1_BRK_IRQHandler
                0x08007630                EXTI1_IRQHandler
                0x08007630                SDMMC2_IRQHandler
                0x08007630                OTG_FS_EP1_OUT_IRQHandler
                0x08007630                BDMA_Channel3_IRQHandler
                0x08007630                UART7_IRQHandler
                0x08007630                MDIOS_WKUP_IRQHandler
                0x08007630                USART2_IRQHandler
                0x08007630                DFSDM1_FLT0_IRQHandler
                0x08007630                SAI4_IRQHandler
                0x08007630                I2C2_ER_IRQHandler
                0x08007630                DMA2_Stream1_IRQHandler
                0x08007630                FLASH_IRQHandler
                0x08007630                DMA2_Stream4_IRQHandler
                0x08007630                USART1_IRQHandler
                0x08007630                OTG_FS_IRQHandler
                0x08007630                SPI3_IRQHandler
                0x08007630                WAKEUP_PIN_IRQHandler
                0x08007630                DMA1_Stream4_IRQHandler
                0x08007630                OTG_FS_EP1_IN_IRQHandler
                0x08007630                I2C1_ER_IRQHandler
                0x08007630                FMC_IRQHandler
                0x08007630                FDCAN_CAL_IRQHandler
                0x08007630                SWPMI1_IRQHandler
                0x08007630                COMP1_IRQHandler
                0x08007630                LPTIM1_IRQHandler
                0x08007630                I2C4_ER_IRQHandler
                0x08007630                DMA2_Stream6_IRQHandler
                0x08007630                SAI1_IRQHandler
                0x08007630                DMA1_Stream3_IRQHandler
 *fill*         0x08007632        0x2 
 .text.malloc   0x08007634       0x10 C:/ST/STM32CubeCLT_1.17.0/GNU-tools-for-STM32/bin/../lib/gcc/arm-none-eabi/12.3.1/../../../../arm-none-eabi/lib/thumb/v7e-m+dp/hard\libg_nano.a(libc_a-malloc.o)
                0x08007634                malloc
 .text.free     0x08007644       0x10 C:/ST/STM32CubeCLT_1.17.0/GNU-tools-for-STM32/bin/../lib/gcc/arm-none-eabi/12.3.1/../../../../arm-none-eabi/lib/thumb/v7e-m+dp/hard\libg_nano.a(libc_a-malloc.o)
                0x08007644                free
 .text.__errno  0x08007654        0xc C:/ST/STM32CubeCLT_1.17.0/GNU-tools-for-STM32/bin/../lib/gcc/arm-none-eabi/12.3.1/../../../../arm-none-eabi/lib/thumb/v7e-m+dp/hard\libg_nano.a(libc_a-errno.o)
                0x08007654                __errno
 *(.glue_7)
 .glue_7        0x08007660        0x0 linker stubs
 *(.glue_7t)
 .glue_7t       0x08007660        0x0 linker stubs
 *(.eh_frame)
 .eh_frame      0x08007660        0x0 C:/ST/STM32CubeCLT_1.17.0/GNU-tools-for-STM32/bin/../lib/gcc/arm-none-eabi/12.3.1/thumb/v7e-m+dp/hard/crtbegin.o
 *(.init)
 .init          0x08007660        0x4 C:/ST/STM32CubeCLT_1.17.0/GNU-tools-for-STM32/bin/../lib/gcc/arm-none-eabi/12.3.1/thumb/v7e-m+dp/hard/crti.o
                0x08007660                _init
 .init          0x08007664        0x8 C:/ST/STM32CubeCLT_1.17.0/GNU-tools-for-STM32/bin/../lib/gcc/arm-none-eabi/12.3.1/thumb/v7e-m+dp/hard/crtn.o
 *(.fini)
 .fini          0x0800766c        0x4 C:/ST/STM32CubeCLT_1.17.0/GNU-tools-for-STM32/bin/../lib/gcc/arm-none-eabi/12.3.1/thumb/v7e-m+dp/hard/crti.o
                0x0800766c                _fini
 .fini          0x08007670        0x8 C:/ST/STM32CubeCLT_1.17.0/GNU-tools-for-STM32/bin/../lib/gcc/arm-none-eabi/12.3.1/thumb/v7e-m+dp/hard/crtn.o
                0x08007678                        . = ALIGN (0x4)
                0x08007678                        _etext = .

.vfp11_veneer   0x08007678        0x0
 .vfp11_veneer  0x08007678        0x0 linker stubs

.v4_bx          0x08007678        0x0
 .v4_bx         0x08007678        0x0 linker stubs

.iplt           0x08007678        0x0
 .iplt          0x08007678        0x0 C:/ST/STM32CubeCLT_1.17.0/GNU-tools-for-STM32/bin/../lib/gcc/arm-none-eabi/12.3.1/thumb/v7e-m+dp/hard/crtbegin.o

.rodata         0x08007678       0x38
                0x08007678                        . = ALIGN (0x4)
 *(.rodata)
 *(.rodata*)
 .rodata.UARTPrescTable
                0x08007678       0x18 CMakeFiles/ETH.dir/Drivers/STM32H7xx_HAL_Driver/Src/stm32h7xx_hal_uart.c.obj
                0x08007678                UARTPrescTable
 .rodata.numerator.1
                0x08007690        0x8 CMakeFiles/ETH.dir/Drivers/STM32H7xx_HAL_Driver/Src/stm32h7xx_hal_uart_ex.c.obj
 .rodata.denominator.0
                0x08007698        0x8 CMakeFiles/ETH.dir/Drivers/STM32H7xx_HAL_Driver/Src/stm32h7xx_hal_uart_ex.c.obj
 .rodata.D1CorePrescTable
                0x080076a0       0x10 CMakeFiles/ETH.dir/Core/Src/system_stm32h7xx.c.obj
                0x080076a0                D1CorePrescTable
                0x080076b0                        . = ALIGN (0x4)

.ARM.extab
 *(.ARM.extab* .gnu.linkonce.armextab.*)

.ARM            0x080076b0        0x8
                0x080076b0                        __exidx_start = .
 *(.ARM.exidx*)
 .ARM.exidx     0x080076b0        0x8 C:/ST/STM32CubeCLT_1.17.0/GNU-tools-for-STM32/bin/../lib/gcc/arm-none-eabi/12.3.1/thumb/v7e-m+dp/hard\libgcc.a(_udivmoddi4.o)
                0x080076b8                        __exidx_end = .

.preinit_array  0x080076b8        0x0
                0x080076b8                        PROVIDE (__preinit_array_start = .)
 *(.preinit_array*)
                0x080076b8                        PROVIDE (__preinit_array_end = .)

.init_array     0x080076b8        0x4
                0x080076b8                        PROVIDE (__init_array_start = .)
 *(SORT_BY_NAME(.init_array.*))
 *(.init_array*)
 .init_array    0x080076b8        0x4 C:/ST/STM32CubeCLT_1.17.0/GNU-tools-for-STM32/bin/../lib/gcc/arm-none-eabi/12.3.1/thumb/v7e-m+dp/hard/crtbegin.o
                0x080076bc                        PROVIDE (__init_array_end = .)

.fini_array     0x080076bc        0x4
                [!provide]                        PROVIDE (__fini_array_start = .)
 *(SORT_BY_NAME(.fini_array.*))
 *(.fini_array*)
 .fini_array    0x080076bc        0x4 C:/ST/STM32CubeCLT_1.17.0/GNU-tools-for-STM32/bin/../lib/gcc/arm-none-eabi/12.3.1/thumb/v7e-m+dp/hard/crtbegin.o
                [!provide]                        PROVIDE (__fini_array_end = .)
                0x080076c0                        _sidata = LOADADDR (.data)

.rel.dyn        0x080076c0        0x0
 .rel.iplt      0x080076c0        0x0 C:/ST/STM32CubeCLT_1.17.0/GNU-tools-for-STM32/bin/../lib/gcc/arm-none-eabi/12.3.1/thumb/v7e-m+dp/hard/crtbegin.o

.data           0x24000000       0x74 load address 0x080076c0
                0x24000000                        . = ALIGN (0x4)
                0x24000000                        _sdata = .
 *(.data)
 *(.data*)
 .data._impure_ptr
                0x24000000        0x4 C:/ST/STM32CubeCLT_1.17.0/GNU-tools-for-STM32/bin/../lib/gcc/arm-none-eabi/12.3.1/../../../../arm-none-eabi/lib/thumb/v7e-m+dp/hard\libc_nano.a(libc_a-impure.o)
                0x24000000                _impure_ptr
 .data._impure_data
                0x24000004       0x4c C:/ST/STM32CubeCLT_1.17.0/GNU-tools-for-STM32/bin/../lib/gcc/arm-none-eabi/12.3.1/../../../../arm-none-eabi/lib/thumb/v7e-m+dp/hard\libc_nano.a(libc_a-impure.o)
                0x24000004                _impure_data
 .data.LAN8742_IOCtx
                0x24000050       0x14 CMakeFiles/ETH.dir/Core/Src/main.c.obj
                0x24000050                LAN8742_IOCtx
 .data.uwTickPrio
                0x24000064        0x4 CMakeFiles/ETH.dir/Drivers/STM32H7xx_HAL_Driver/Src/stm32h7xx_hal.c.obj
                0x24000064                uwTickPrio
 .data.uwTickFreq
                0x24000068        0x1 CMakeFiles/ETH.dir/Drivers/STM32H7xx_HAL_Driver/Src/stm32h7xx_hal.c.obj
                0x24000068                uwTickFreq
 *fill*         0x24000069        0x3 
 .data.SystemCoreClock
                0x2400006c        0x4 CMakeFiles/ETH.dir/Core/Src/system_stm32h7xx.c.obj
                0x2400006c                SystemCoreClock
 .data.SystemD2Clock
                0x24000070        0x4 CMakeFiles/ETH.dir/Core/Src/system_stm32h7xx.c.obj
                0x24000070                SystemD2Clock
 *(.RamFunc)
 *(.RamFunc*)
                0x24000074                        . = ALIGN (0x4)
                0x24000074                        _edata = .

.igot.plt       0x24000074        0x0 load address 0x08007734
 .igot.plt      0x24000074        0x0 C:/ST/STM32CubeCLT_1.17.0/GNU-tools-for-STM32/bin/../lib/gcc/arm-none-eabi/12.3.1/thumb/v7e-m+dp/hard/crtbegin.o

.RxDescripSection
                0x24000074       0x60 load address 0x08007734
 .RxDescripSection
                0x24000074       0x60 CMakeFiles/ETH.dir/Core/Src/main.c.obj
                0x24000074                DMARxDscrTab

.TxDescripSection
                0x240000d4       0x60 load address 0x08007794
 .TxDescripSection
                0x240000d4       0x60 CMakeFiles/ETH.dir/Core/Src/main.c.obj
                0x240000d4                DMATxDscrTab
                0x24000134                        . = ALIGN (0x4)

.bss            0x24000134      0x478 load address 0x080077f4
                0x24000134                        _sbss = .
                0x24000134                        __bss_start__ = _sbss
 *(.bss)
 .bss           0x24000134       0x1c C:/ST/STM32CubeCLT_1.17.0/GNU-tools-for-STM32/bin/../lib/gcc/arm-none-eabi/12.3.1/thumb/v7e-m+dp/hard/crtbegin.o
 *(.bss*)
 .bss.__sf      0x24000150      0x138 C:/ST/STM32CubeCLT_1.17.0/GNU-tools-for-STM32/bin/../lib/gcc/arm-none-eabi/12.3.1/../../../../arm-none-eabi/lib/thumb/v7e-m+dp/hard\libc_nano.a(libc_a-findfp.o)
                0x24000150                __sf
 .bss.errno     0x24000288        0x4 C:/ST/STM32CubeCLT_1.17.0/GNU-tools-for-STM32/bin/../lib/gcc/arm-none-eabi/12.3.1/../../../../arm-none-eabi/lib/thumb/v7e-m+dp/hard\libc_nano.a(libc_a-reent.o)
                0x24000288                errno
 .bss.__lock___malloc_recursive_mutex
                0x2400028c        0x1 C:/ST/STM32CubeCLT_1.17.0/GNU-tools-for-STM32/bin/../lib/gcc/arm-none-eabi/12.3.1/../../../../arm-none-eabi/lib/thumb/v7e-m+dp/hard\libc_nano.a(libc_a-lock.o)
                0x2400028c                __lock___malloc_recursive_mutex
 *fill*         0x2400028d        0x3 
 .bss.__malloc_sbrk_start
                0x24000290        0x4 C:/ST/STM32CubeCLT_1.17.0/GNU-tools-for-STM32/bin/../lib/gcc/arm-none-eabi/12.3.1/../../../../arm-none-eabi/lib/thumb/v7e-m+dp/hard\libc_nano.a(libc_a-mallocr.o)
                0x24000290                __malloc_sbrk_start
 .bss.__malloc_free_list
                0x24000294        0x4 C:/ST/STM32CubeCLT_1.17.0/GNU-tools-for-STM32/bin/../lib/gcc/arm-none-eabi/12.3.1/../../../../arm-none-eabi/lib/thumb/v7e-m+dp/hard\libc_nano.a(libc_a-mallocr.o)
                0x24000294                __malloc_free_list
 .bss.TxConfig  0x24000298       0x38 CMakeFiles/ETH.dir/Core/Src/main.c.obj
                0x24000298                TxConfig
 .bss.heth      0x240002d0       0xb0 CMakeFiles/ETH.dir/Core/Src/main.c.obj
                0x240002d0                heth
 .bss.hi2c1     0x24000380       0x54 CMakeFiles/ETH.dir/Core/Src/main.c.obj
                0x24000380                hi2c1
 .bss.hspi1     0x240003d4       0x88 CMakeFiles/ETH.dir/Core/Src/main.c.obj
                0x240003d4                hspi1
 .bss.hspi2     0x2400045c       0x88 CMakeFiles/ETH.dir/Core/Src/main.c.obj
                0x2400045c                hspi2
 .bss.huart1    0x240004e4       0x94 CMakeFiles/ETH.dir/Core/Src/main.c.obj
                0x240004e4                huart1
 .bss.LAN8742   0x24000578       0x20 CMakeFiles/ETH.dir/Core/Src/main.c.obj
                0x24000578                LAN8742
 .bss.p         0x24000598        0x4 CMakeFiles/ETH.dir/Core/Src/main.c.obj
                0x24000598                p
 .bss.MACAddr.0
                0x2400059c        0x6 CMakeFiles/ETH.dir/Core/Src/main.c.obj
 *fill*         0x240005a2        0x2 
 .bss.uwTick    0x240005a4        0x4 CMakeFiles/ETH.dir/Drivers/STM32H7xx_HAL_Driver/Src/stm32h7xx_hal.c.obj
                0x240005a4                uwTick
 .bss.__sbrk_heap_end
                0x240005a8        0x4 CMakeFiles/ETH.dir/Core/Src/sysmem.c.obj
 *(COMMON)
                0x240005ac                        . = ALIGN (0x4)
                0x240005ac                        _ebss = .
                0x240005ac                        __bss_end__ = _ebss

._user_heap_stack
                0x240005ac    0x15004 load address 0x080077f4
                0x240005b0                        . = ALIGN (0x8)
 *fill*         0x240005ac        0x4 
                [!provide]                        PROVIDE (end = .)
                0x240005b0                        PROVIDE (_end = .)
                0x240055b0                        . = (. + _Min_Heap_Size)
 *fill*         0x240005b0     0x5000 
                0x240155b0                        . = (. + _Min_Stack_Size)
 *fill*         0x240055b0    0x10000 
                0x240155b0                        . = ALIGN (0x8)

/DISCARD/
 libc.a(*)
 libm.a(*)
 libgcc.a(*)

.ARM.attributes
                0x00000000       0x2e
 *(.ARM.attributes)
 .ARM.attributes
                0x00000000       0x20 C:/ST/STM32CubeCLT_1.17.0/GNU-tools-for-STM32/bin/../lib/gcc/arm-none-eabi/12.3.1/thumb/v7e-m+dp/hard/crti.o
 .ARM.attributes
                0x00000020       0x32 C:/ST/STM32CubeCLT_1.17.0/GNU-tools-for-STM32/bin/../lib/gcc/arm-none-eabi/12.3.1/thumb/v7e-m+dp/hard/crtbegin.o
 .ARM.attributes
                0x00000052       0x32 C:/ST/STM32CubeCLT_1.17.0/GNU-tools-for-STM32/bin/../lib/gcc/arm-none-eabi/12.3.1/../../../../arm-none-eabi/lib/thumb/v7e-m+dp/hard\libc_nano.a(libc_a-findfp.o)
 .ARM.attributes
                0x00000084       0x32 C:/ST/STM32CubeCLT_1.17.0/GNU-tools-for-STM32/bin/../lib/gcc/arm-none-eabi/12.3.1/../../../../arm-none-eabi/lib/thumb/v7e-m+dp/hard\libc_nano.a(libc_a-memset.o)
 .ARM.attributes
                0x000000b6       0x32 C:/ST/STM32CubeCLT_1.17.0/GNU-tools-for-STM32/bin/../lib/gcc/arm-none-eabi/12.3.1/../../../../arm-none-eabi/lib/thumb/v7e-m+dp/hard\libc_nano.a(libc_a-reent.o)
 .ARM.attributes
                0x000000e8       0x32 C:/ST/STM32CubeCLT_1.17.0/GNU-tools-for-STM32/bin/../lib/gcc/arm-none-eabi/12.3.1/../../../../arm-none-eabi/lib/thumb/v7e-m+dp/hard\libc_nano.a(libc_a-impure.o)
 .ARM.attributes
                0x0000011a       0x32 C:/ST/STM32CubeCLT_1.17.0/GNU-tools-for-STM32/bin/../lib/gcc/arm-none-eabi/12.3.1/../../../../arm-none-eabi/lib/thumb/v7e-m+dp/hard\libc_nano.a(libc_a-init.o)
 .ARM.attributes
                0x0000014c       0x32 C:/ST/STM32CubeCLT_1.17.0/GNU-tools-for-STM32/bin/../lib/gcc/arm-none-eabi/12.3.1/../../../../arm-none-eabi/lib/thumb/v7e-m+dp/hard\libc_nano.a(libc_a-lock.o)
 .ARM.attributes
                0x0000017e       0x32 C:/ST/STM32CubeCLT_1.17.0/GNU-tools-for-STM32/bin/../lib/gcc/arm-none-eabi/12.3.1/../../../../arm-none-eabi/lib/thumb/v7e-m+dp/hard\libc_nano.a(libc_a-freer.o)
 .ARM.attributes
                0x000001b0       0x32 C:/ST/STM32CubeCLT_1.17.0/GNU-tools-for-STM32/bin/../lib/gcc/arm-none-eabi/12.3.1/../../../../arm-none-eabi/lib/thumb/v7e-m+dp/hard\libc_nano.a(libc_a-mallocr.o)
 .ARM.attributes
                0x000001e2       0x32 C:/ST/STM32CubeCLT_1.17.0/GNU-tools-for-STM32/bin/../lib/gcc/arm-none-eabi/12.3.1/../../../../arm-none-eabi/lib/thumb/v7e-m+dp/hard\libc_nano.a(libc_a-mlock.o)
 .ARM.attributes
                0x00000214       0x32 C:/ST/STM32CubeCLT_1.17.0/GNU-tools-for-STM32/bin/../lib/gcc/arm-none-eabi/12.3.1/../../../../arm-none-eabi/lib/thumb/v7e-m+dp/hard\libc_nano.a(libc_a-sbrkr.o)
 .ARM.attributes
                0x00000246       0x32 CMakeFiles/ETH.dir/Core/Src/lan8742.c.obj
 .ARM.attributes
                0x00000278       0x32 CMakeFiles/ETH.dir/Core/Src/main.c.obj
 .ARM.attributes
                0x000002aa       0x32 CMakeFiles/ETH.dir/Core/Src/stm32h7xx_it.c.obj
 .ARM.attributes
                0x000002dc       0x32 CMakeFiles/ETH.dir/Core/Src/stm32h7xx_hal_msp.c.obj
 .ARM.attributes
                0x0000030e       0x32 CMakeFiles/ETH.dir/Drivers/STM32H7xx_HAL_Driver/Src/stm32h7xx_hal_cortex.c.obj
 .ARM.attributes
                0x00000340       0x32 CMakeFiles/ETH.dir/Drivers/STM32H7xx_HAL_Driver/Src/stm32h7xx_hal_rcc.c.obj
 .ARM.attributes
                0x00000372       0x32 CMakeFiles/ETH.dir/Drivers/STM32H7xx_HAL_Driver/Src/stm32h7xx_hal_rcc_ex.c.obj
 .ARM.attributes
                0x000003a4       0x32 CMakeFiles/ETH.dir/Drivers/STM32H7xx_HAL_Driver/Src/stm32h7xx_hal_gpio.c.obj
 .ARM.attributes
                0x000003d6       0x32 CMakeFiles/ETH.dir/Drivers/STM32H7xx_HAL_Driver/Src/stm32h7xx_hal_pwr_ex.c.obj
 .ARM.attributes
                0x00000408       0x32 CMakeFiles/ETH.dir/Drivers/STM32H7xx_HAL_Driver/Src/stm32h7xx_hal.c.obj
 .ARM.attributes
                0x0000043a       0x32 CMakeFiles/ETH.dir/Drivers/STM32H7xx_HAL_Driver/Src/stm32h7xx_hal_i2c.c.obj
 .ARM.attributes
                0x0000046c       0x32 CMakeFiles/ETH.dir/Drivers/STM32H7xx_HAL_Driver/Src/stm32h7xx_hal_i2c_ex.c.obj
 .ARM.attributes
                0x0000049e       0x32 CMakeFiles/ETH.dir/Drivers/STM32H7xx_HAL_Driver/Src/stm32h7xx_hal_eth.c.obj
 .ARM.attributes
                0x000004d0       0x32 CMakeFiles/ETH.dir/Drivers/STM32H7xx_HAL_Driver/Src/stm32h7xx_hal_spi.c.obj
 .ARM.attributes
                0x00000502       0x32 CMakeFiles/ETH.dir/Drivers/STM32H7xx_HAL_Driver/Src/stm32h7xx_hal_uart.c.obj
 .ARM.attributes
                0x00000534       0x32 CMakeFiles/ETH.dir/Drivers/STM32H7xx_HAL_Driver/Src/stm32h7xx_hal_uart_ex.c.obj
 .ARM.attributes
                0x00000566       0x32 CMakeFiles/ETH.dir/Core/Src/system_stm32h7xx.c.obj
 .ARM.attributes
                0x00000598       0x32 CMakeFiles/ETH.dir/Core/Src/sysmem.c.obj
 .ARM.attributes
                0x000005ca       0x21 CMakeFiles/ETH.dir/startup_stm32h750xx.s.obj
 .ARM.attributes
                0x000005eb       0x20 C:/ST/STM32CubeCLT_1.17.0/GNU-tools-for-STM32/bin/../lib/gcc/arm-none-eabi/12.3.1/thumb/v7e-m+dp/hard\libgcc.a(_aeabi_uldivmod.o)
 .ARM.attributes
                0x0000060b       0x32 C:/ST/STM32CubeCLT_1.17.0/GNU-tools-for-STM32/bin/../lib/gcc/arm-none-eabi/12.3.1/thumb/v7e-m+dp/hard\libgcc.a(_udivmoddi4.o)
 .ARM.attributes
                0x0000063d       0x20 C:/ST/STM32CubeCLT_1.17.0/GNU-tools-for-STM32/bin/../lib/gcc/arm-none-eabi/12.3.1/thumb/v7e-m+dp/hard\libgcc.a(_dvmd_tls.o)
 .ARM.attributes
                0x0000065d       0x32 C:/ST/STM32CubeCLT_1.17.0/GNU-tools-for-STM32/bin/../lib/gcc/arm-none-eabi/12.3.1/../../../../arm-none-eabi/lib/thumb/v7e-m+dp/hard\libg_nano.a(libc_a-malloc.o)
 .ARM.attributes
                0x0000068f       0x32 C:/ST/STM32CubeCLT_1.17.0/GNU-tools-for-STM32/bin/../lib/gcc/arm-none-eabi/12.3.1/../../../../arm-none-eabi/lib/thumb/v7e-m+dp/hard\libg_nano.a(libc_a-errno.o)
 .ARM.attributes
                0x000006c1       0x20 C:/ST/STM32CubeCLT_1.17.0/GNU-tools-for-STM32/bin/../lib/gcc/arm-none-eabi/12.3.1/thumb/v7e-m+dp/hard/crtn.o
OUTPUT(ETH.elf elf32-littlearm)
LOAD linker stubs
LOAD C:/ST/STM32CubeCLT_1.17.0/GNU-tools-for-STM32/bin/../lib/gcc/arm-none-eabi/12.3.1/../../../../arm-none-eabi/lib/thumb/v7e-m+dp/hard\libc.a
LOAD C:/ST/STM32CubeCLT_1.17.0/GNU-tools-for-STM32/bin/../lib/gcc/arm-none-eabi/12.3.1/../../../../arm-none-eabi/lib/thumb/v7e-m+dp/hard\libm.a
LOAD C:/ST/STM32CubeCLT_1.17.0/GNU-tools-for-STM32/bin/../lib/gcc/arm-none-eabi/12.3.1/thumb/v7e-m+dp/hard\libgcc.a

.debug_frame    0x00000000     0x4f04
 .debug_frame   0x00000000      0x144 C:/ST/STM32CubeCLT_1.17.0/GNU-tools-for-STM32/bin/../lib/gcc/arm-none-eabi/12.3.1/../../../../arm-none-eabi/lib/thumb/v7e-m+dp/hard\libc_nano.a(libc_a-findfp.o)
 .debug_frame   0x00000144       0x20 C:/ST/STM32CubeCLT_1.17.0/GNU-tools-for-STM32/bin/../lib/gcc/arm-none-eabi/12.3.1/../../../../arm-none-eabi/lib/thumb/v7e-m+dp/hard\libc_nano.a(libc_a-memset.o)
 .debug_frame   0x00000164       0x38 C:/ST/STM32CubeCLT_1.17.0/GNU-tools-for-STM32/bin/../lib/gcc/arm-none-eabi/12.3.1/../../../../arm-none-eabi/lib/thumb/v7e-m+dp/hard\libc_nano.a(libc_a-reent.o)
 .debug_frame   0x0000019c       0x2c C:/ST/STM32CubeCLT_1.17.0/GNU-tools-for-STM32/bin/../lib/gcc/arm-none-eabi/12.3.1/../../../../arm-none-eabi/lib/thumb/v7e-m+dp/hard\libc_nano.a(libc_a-init.o)
 .debug_frame   0x000001c8       0xb0 C:/ST/STM32CubeCLT_1.17.0/GNU-tools-for-STM32/bin/../lib/gcc/arm-none-eabi/12.3.1/../../../../arm-none-eabi/lib/thumb/v7e-m+dp/hard\libc_nano.a(libc_a-lock.o)
 .debug_frame   0x00000278       0x38 C:/ST/STM32CubeCLT_1.17.0/GNU-tools-for-STM32/bin/../lib/gcc/arm-none-eabi/12.3.1/../../../../arm-none-eabi/lib/thumb/v7e-m+dp/hard\libc_nano.a(libc_a-freer.o)
 .debug_frame   0x000002b0       0x50 C:/ST/STM32CubeCLT_1.17.0/GNU-tools-for-STM32/bin/../lib/gcc/arm-none-eabi/12.3.1/../../../../arm-none-eabi/lib/thumb/v7e-m+dp/hard\libc_nano.a(libc_a-mallocr.o)
 .debug_frame   0x00000300       0x30 C:/ST/STM32CubeCLT_1.17.0/GNU-tools-for-STM32/bin/../lib/gcc/arm-none-eabi/12.3.1/../../../../arm-none-eabi/lib/thumb/v7e-m+dp/hard\libc_nano.a(libc_a-mlock.o)
 .debug_frame   0x00000330       0x2c C:/ST/STM32CubeCLT_1.17.0/GNU-tools-for-STM32/bin/../lib/gcc/arm-none-eabi/12.3.1/../../../../arm-none-eabi/lib/thumb/v7e-m+dp/hard\libc_nano.a(libc_a-sbrkr.o)
 .debug_frame   0x0000035c      0x20c CMakeFiles/ETH.dir/Core/Src/lan8742.c.obj
 .debug_frame   0x00000568      0x274 CMakeFiles/ETH.dir/Core/Src/main.c.obj
 .debug_frame   0x000007dc      0x104 CMakeFiles/ETH.dir/Core/Src/stm32h7xx_it.c.obj
 .debug_frame   0x000008e0      0x160 CMakeFiles/ETH.dir/Core/Src/stm32h7xx_hal_msp.c.obj
 .debug_frame   0x00000a40      0x508 CMakeFiles/ETH.dir/Drivers/STM32H7xx_HAL_Driver/Src/stm32h7xx_hal_cortex.c.obj
 .debug_frame   0x00000f48      0x1f8 CMakeFiles/ETH.dir/Drivers/STM32H7xx_HAL_Driver/Src/stm32h7xx_hal_rcc.c.obj
 .debug_frame   0x00001140      0x414 CMakeFiles/ETH.dir/Drivers/STM32H7xx_HAL_Driver/Src/stm32h7xx_hal_rcc_ex.c.obj
 .debug_frame   0x00001554      0x14c CMakeFiles/ETH.dir/Drivers/STM32H7xx_HAL_Driver/Src/stm32h7xx_hal_gpio.c.obj
 .debug_frame   0x000016a0      0x580 CMakeFiles/ETH.dir/Drivers/STM32H7xx_HAL_Driver/Src/stm32h7xx_hal_pwr_ex.c.obj
 .debug_frame   0x00001c20      0x690 CMakeFiles/ETH.dir/Drivers/STM32H7xx_HAL_Driver/Src/stm32h7xx_hal.c.obj
 .debug_frame   0x000022b0      0xc40 CMakeFiles/ETH.dir/Drivers/STM32H7xx_HAL_Driver/Src/stm32h7xx_hal_i2c.c.obj
 .debug_frame   0x00002ef0      0x100 CMakeFiles/ETH.dir/Drivers/STM32H7xx_HAL_Driver/Src/stm32h7xx_hal_i2c_ex.c.obj
 .debug_frame   0x00002ff0      0x8bc CMakeFiles/ETH.dir/Drivers/STM32H7xx_HAL_Driver/Src/stm32h7xx_hal_eth.c.obj
 .debug_frame   0x000038ac      0x7a8 CMakeFiles/ETH.dir/Drivers/STM32H7xx_HAL_Driver/Src/stm32h7xx_hal_spi.c.obj
 .debug_frame   0x00004054      0xa94 CMakeFiles/ETH.dir/Drivers/STM32H7xx_HAL_Driver/Src/stm32h7xx_hal_uart.c.obj
 .debug_frame   0x00004ae8      0x2c0 CMakeFiles/ETH.dir/Drivers/STM32H7xx_HAL_Driver/Src/stm32h7xx_hal_uart_ex.c.obj
 .debug_frame   0x00004da8       0x78 CMakeFiles/ETH.dir/Core/Src/system_stm32h7xx.c.obj
 .debug_frame   0x00004e20       0x34 CMakeFiles/ETH.dir/Core/Src/sysmem.c.obj
 .debug_frame   0x00004e54       0x2c C:/ST/STM32CubeCLT_1.17.0/GNU-tools-for-STM32/bin/../lib/gcc/arm-none-eabi/12.3.1/thumb/v7e-m+dp/hard\libgcc.a(_aeabi_uldivmod.o)
 .debug_frame   0x00004e80       0x34 C:/ST/STM32CubeCLT_1.17.0/GNU-tools-for-STM32/bin/../lib/gcc/arm-none-eabi/12.3.1/thumb/v7e-m+dp/hard\libgcc.a(_udivmoddi4.o)
 .debug_frame   0x00004eb4       0x30 C:/ST/STM32CubeCLT_1.17.0/GNU-tools-for-STM32/bin/../lib/gcc/arm-none-eabi/12.3.1/../../../../arm-none-eabi/lib/thumb/v7e-m+dp/hard\libg_nano.a(libc_a-malloc.o)
 .debug_frame   0x00004ee4       0x20 C:/ST/STM32CubeCLT_1.17.0/GNU-tools-for-STM32/bin/../lib/gcc/arm-none-eabi/12.3.1/../../../../arm-none-eabi/lib/thumb/v7e-m+dp/hard\libg_nano.a(libc_a-errno.o)

.debug_info     0x00000000    0x1aeb2
 .debug_info    0x00000000      0x5d5 CMakeFiles/ETH.dir/Core/Src/lan8742.c.obj
 .debug_info    0x000005d5     0x35c5 CMakeFiles/ETH.dir/Core/Src/main.c.obj
 .debug_info    0x00003b9a      0x128 CMakeFiles/ETH.dir/Core/Src/stm32h7xx_it.c.obj
 .debug_info    0x00003cc2     0x2757 CMakeFiles/ETH.dir/Core/Src/stm32h7xx_hal_msp.c.obj
 .debug_info    0x00006419     0x10b7 CMakeFiles/ETH.dir/Drivers/STM32H7xx_HAL_Driver/Src/stm32h7xx_hal_cortex.c.obj
 .debug_info    0x000074d0      0xe6a CMakeFiles/ETH.dir/Drivers/STM32H7xx_HAL_Driver/Src/stm32h7xx_hal_rcc.c.obj
 .debug_info    0x0000833a     0x1225 CMakeFiles/ETH.dir/Drivers/STM32H7xx_HAL_Driver/Src/stm32h7xx_hal_rcc_ex.c.obj
 .debug_info    0x0000955f      0xc5a CMakeFiles/ETH.dir/Drivers/STM32H7xx_HAL_Driver/Src/stm32h7xx_hal_gpio.c.obj
 .debug_info    0x0000a1b9     0x1012 CMakeFiles/ETH.dir/Drivers/STM32H7xx_HAL_Driver/Src/stm32h7xx_hal_pwr_ex.c.obj
 .debug_info    0x0000b1cb     0x1541 CMakeFiles/ETH.dir/Drivers/STM32H7xx_HAL_Driver/Src/stm32h7xx_hal.c.obj
 .debug_info    0x0000c70c     0x22c9 CMakeFiles/ETH.dir/Drivers/STM32H7xx_HAL_Driver/Src/stm32h7xx_hal_i2c.c.obj
 .debug_info    0x0000e9d5      0xd84 CMakeFiles/ETH.dir/Drivers/STM32H7xx_HAL_Driver/Src/stm32h7xx_hal_i2c_ex.c.obj
 .debug_info    0x0000f759     0x2a5a CMakeFiles/ETH.dir/Drivers/STM32H7xx_HAL_Driver/Src/stm32h7xx_hal_eth.c.obj
 .debug_info    0x000121b3     0x144a CMakeFiles/ETH.dir/Drivers/STM32H7xx_HAL_Driver/Src/stm32h7xx_hal_spi.c.obj
 .debug_info    0x000135fd     0x4b1d CMakeFiles/ETH.dir/Drivers/STM32H7xx_HAL_Driver/Src/stm32h7xx_hal_uart.c.obj
 .debug_info    0x0001811a      0xfbf CMakeFiles/ETH.dir/Drivers/STM32H7xx_HAL_Driver/Src/stm32h7xx_hal_uart_ex.c.obj
 .debug_info    0x000190d9      0xdb2 CMakeFiles/ETH.dir/Core/Src/system_stm32h7xx.c.obj
 .debug_info    0x00019e8b      0x168 CMakeFiles/ETH.dir/Core/Src/sysmem.c.obj
 .debug_info    0x00019ff3       0x30 CMakeFiles/ETH.dir/startup_stm32h750xx.s.obj
 .debug_info    0x0001a023      0x794 C:/ST/STM32CubeCLT_1.17.0/GNU-tools-for-STM32/bin/../lib/gcc/arm-none-eabi/12.3.1/../../../../arm-none-eabi/lib/thumb/v7e-m+dp/hard\libg_nano.a(libc_a-malloc.o)
 .debug_info    0x0001a7b7      0x6fb C:/ST/STM32CubeCLT_1.17.0/GNU-tools-for-STM32/bin/../lib/gcc/arm-none-eabi/12.3.1/../../../../arm-none-eabi/lib/thumb/v7e-m+dp/hard\libg_nano.a(libc_a-errno.o)

.debug_abbrev   0x00000000     0x2d51
 .debug_abbrev  0x00000000      0x14c CMakeFiles/ETH.dir/Core/Src/lan8742.c.obj
 .debug_abbrev  0x0000014c      0x3b6 CMakeFiles/ETH.dir/Core/Src/main.c.obj
 .debug_abbrev  0x00000502       0x73 CMakeFiles/ETH.dir/Core/Src/stm32h7xx_it.c.obj
 .debug_abbrev  0x00000575      0x266 CMakeFiles/ETH.dir/Core/Src/stm32h7xx_hal_msp.c.obj
 .debug_abbrev  0x000007db      0x339 CMakeFiles/ETH.dir/Drivers/STM32H7xx_HAL_Driver/Src/stm32h7xx_hal_cortex.c.obj
 .debug_abbrev  0x00000b14      0x2c8 CMakeFiles/ETH.dir/Drivers/STM32H7xx_HAL_Driver/Src/stm32h7xx_hal_rcc.c.obj
 .debug_abbrev  0x00000ddc      0x269 CMakeFiles/ETH.dir/Drivers/STM32H7xx_HAL_Driver/Src/stm32h7xx_hal_rcc_ex.c.obj
 .debug_abbrev  0x00001045      0x205 CMakeFiles/ETH.dir/Drivers/STM32H7xx_HAL_Driver/Src/stm32h7xx_hal_gpio.c.obj
 .debug_abbrev  0x0000124a      0x2a7 CMakeFiles/ETH.dir/Drivers/STM32H7xx_HAL_Driver/Src/stm32h7xx_hal_pwr_ex.c.obj
 .debug_abbrev  0x000014f1      0x295 CMakeFiles/ETH.dir/Drivers/STM32H7xx_HAL_Driver/Src/stm32h7xx_hal.c.obj
 .debug_abbrev  0x00001786      0x25d CMakeFiles/ETH.dir/Drivers/STM32H7xx_HAL_Driver/Src/stm32h7xx_hal_i2c.c.obj
 .debug_abbrev  0x000019e3      0x1f5 CMakeFiles/ETH.dir/Drivers/STM32H7xx_HAL_Driver/Src/stm32h7xx_hal_i2c_ex.c.obj
 .debug_abbrev  0x00001bd8      0x347 CMakeFiles/ETH.dir/Drivers/STM32H7xx_HAL_Driver/Src/stm32h7xx_hal_eth.c.obj
 .debug_abbrev  0x00001f1f      0x2b1 CMakeFiles/ETH.dir/Drivers/STM32H7xx_HAL_Driver/Src/stm32h7xx_hal_spi.c.obj
 .debug_abbrev  0x000021d0      0x33d CMakeFiles/ETH.dir/Drivers/STM32H7xx_HAL_Driver/Src/stm32h7xx_hal_uart.c.obj
 .debug_abbrev  0x0000250d      0x2d2 CMakeFiles/ETH.dir/Drivers/STM32H7xx_HAL_Driver/Src/stm32h7xx_hal_uart_ex.c.obj
 .debug_abbrev  0x000027df      0x165 CMakeFiles/ETH.dir/Core/Src/system_stm32h7xx.c.obj
 .debug_abbrev  0x00002944       0xbc CMakeFiles/ETH.dir/Core/Src/sysmem.c.obj
 .debug_abbrev  0x00002a00       0x24 CMakeFiles/ETH.dir/startup_stm32h750xx.s.obj
 .debug_abbrev  0x00002a24      0x1cf C:/ST/STM32CubeCLT_1.17.0/GNU-tools-for-STM32/bin/../lib/gcc/arm-none-eabi/12.3.1/../../../../arm-none-eabi/lib/thumb/v7e-m+dp/hard\libg_nano.a(libc_a-malloc.o)
 .debug_abbrev  0x00002bf3      0x15e C:/ST/STM32CubeCLT_1.17.0/GNU-tools-for-STM32/bin/../lib/gcc/arm-none-eabi/12.3.1/../../../../arm-none-eabi/lib/thumb/v7e-m+dp/hard\libg_nano.a(libc_a-errno.o)

.debug_aranges  0x00000000     0x1210
 .debug_aranges
                0x00000000       0x88 CMakeFiles/ETH.dir/Core/Src/lan8742.c.obj
 .debug_aranges
                0x00000088       0xb0 CMakeFiles/ETH.dir/Core/Src/main.c.obj
 .debug_aranges
                0x00000138       0x60 CMakeFiles/ETH.dir/Core/Src/stm32h7xx_it.c.obj
 .debug_aranges
                0x00000198       0x60 CMakeFiles/ETH.dir/Core/Src/stm32h7xx_hal_msp.c.obj
 .debug_aranges
                0x000001f8      0x130 CMakeFiles/ETH.dir/Drivers/STM32H7xx_HAL_Driver/Src/stm32h7xx_hal_cortex.c.obj
 .debug_aranges
                0x00000328       0x88 CMakeFiles/ETH.dir/Drivers/STM32H7xx_HAL_Driver/Src/stm32h7xx_hal_rcc.c.obj
 .debug_aranges
                0x000003b0       0xf8 CMakeFiles/ETH.dir/Drivers/STM32H7xx_HAL_Driver/Src/stm32h7xx_hal_rcc_ex.c.obj
 .debug_aranges
                0x000004a8       0x58 CMakeFiles/ETH.dir/Drivers/STM32H7xx_HAL_Driver/Src/stm32h7xx_hal_gpio.c.obj
 .debug_aranges
                0x00000500      0x158 CMakeFiles/ETH.dir/Drivers/STM32H7xx_HAL_Driver/Src/stm32h7xx_hal_pwr_ex.c.obj
 .debug_aranges
                0x00000658      0x198 CMakeFiles/ETH.dir/Drivers/STM32H7xx_HAL_Driver/Src/stm32h7xx_hal.c.obj
 .debug_aranges
                0x000007f0      0x2a0 CMakeFiles/ETH.dir/Drivers/STM32H7xx_HAL_Driver/Src/stm32h7xx_hal_i2c.c.obj
 .debug_aranges
                0x00000a90       0x48 CMakeFiles/ETH.dir/Drivers/STM32H7xx_HAL_Driver/Src/stm32h7xx_hal_i2c_ex.c.obj
 .debug_aranges
                0x00000ad8      0x1e0 CMakeFiles/ETH.dir/Drivers/STM32H7xx_HAL_Driver/Src/stm32h7xx_hal_eth.c.obj
 .debug_aranges
                0x00000cb8      0x1a8 CMakeFiles/ETH.dir/Drivers/STM32H7xx_HAL_Driver/Src/stm32h7xx_hal_spi.c.obj
 .debug_aranges
                0x00000e60      0x248 CMakeFiles/ETH.dir/Drivers/STM32H7xx_HAL_Driver/Src/stm32h7xx_hal_uart.c.obj
 .debug_aranges
                0x000010a8       0xa8 CMakeFiles/ETH.dir/Drivers/STM32H7xx_HAL_Driver/Src/stm32h7xx_hal_uart_ex.c.obj
 .debug_aranges
                0x00001150       0x30 CMakeFiles/ETH.dir/Core/Src/system_stm32h7xx.c.obj
 .debug_aranges
                0x00001180       0x20 CMakeFiles/ETH.dir/Core/Src/sysmem.c.obj
 .debug_aranges
                0x000011a0       0x28 CMakeFiles/ETH.dir/startup_stm32h750xx.s.obj
 .debug_aranges
                0x000011c8       0x28 C:/ST/STM32CubeCLT_1.17.0/GNU-tools-for-STM32/bin/../lib/gcc/arm-none-eabi/12.3.1/../../../../arm-none-eabi/lib/thumb/v7e-m+dp/hard\libg_nano.a(libc_a-malloc.o)
 .debug_aranges
                0x000011f0       0x20 C:/ST/STM32CubeCLT_1.17.0/GNU-tools-for-STM32/bin/../lib/gcc/arm-none-eabi/12.3.1/../../../../arm-none-eabi/lib/thumb/v7e-m+dp/hard\libg_nano.a(libc_a-errno.o)

.debug_rnglists
                0x00000000      0xe05
 .debug_rnglists
                0x00000000       0x64 CMakeFiles/ETH.dir/Core/Src/lan8742.c.obj
 .debug_rnglists
                0x00000064       0x87 CMakeFiles/ETH.dir/Core/Src/main.c.obj
 .debug_rnglists
                0x000000eb       0x43 CMakeFiles/ETH.dir/Core/Src/stm32h7xx_it.c.obj
 .debug_rnglists
                0x0000012e       0x47 CMakeFiles/ETH.dir/Core/Src/stm32h7xx_hal_msp.c.obj
 .debug_rnglists
                0x00000175       0xe0 CMakeFiles/ETH.dir/Drivers/STM32H7xx_HAL_Driver/Src/stm32h7xx_hal_cortex.c.obj
 .debug_rnglists
                0x00000255       0x68 CMakeFiles/ETH.dir/Drivers/STM32H7xx_HAL_Driver/Src/stm32h7xx_hal_rcc.c.obj
 .debug_rnglists
                0x000002bd       0xc0 CMakeFiles/ETH.dir/Drivers/STM32H7xx_HAL_Driver/Src/stm32h7xx_hal_rcc_ex.c.obj
 .debug_rnglists
                0x0000037d       0x3f CMakeFiles/ETH.dir/Drivers/STM32H7xx_HAL_Driver/Src/stm32h7xx_hal_gpio.c.obj
 .debug_rnglists
                0x000003bc      0x103 CMakeFiles/ETH.dir/Drivers/STM32H7xx_HAL_Driver/Src/stm32h7xx_hal_pwr_ex.c.obj
 .debug_rnglists
                0x000004bf      0x131 CMakeFiles/ETH.dir/Drivers/STM32H7xx_HAL_Driver/Src/stm32h7xx_hal.c.obj
 .debug_rnglists
                0x000005f0      0x22a CMakeFiles/ETH.dir/Drivers/STM32H7xx_HAL_Driver/Src/stm32h7xx_hal_i2c.c.obj
 .debug_rnglists
                0x0000081a       0x35 CMakeFiles/ETH.dir/Drivers/STM32H7xx_HAL_Driver/Src/stm32h7xx_hal_i2c_ex.c.obj
 .debug_rnglists
                0x0000084f      0x17c CMakeFiles/ETH.dir/Drivers/STM32H7xx_HAL_Driver/Src/stm32h7xx_hal_eth.c.obj
 .debug_rnglists
                0x000009cb      0x148 CMakeFiles/ETH.dir/Drivers/STM32H7xx_HAL_Driver/Src/stm32h7xx_hal_spi.c.obj
 .debug_rnglists
                0x00000b13      0x1fa CMakeFiles/ETH.dir/Drivers/STM32H7xx_HAL_Driver/Src/stm32h7xx_hal_uart.c.obj
 .debug_rnglists
                0x00000d0d       0x7f CMakeFiles/ETH.dir/Drivers/STM32H7xx_HAL_Driver/Src/stm32h7xx_hal_uart_ex.c.obj
 .debug_rnglists
                0x00000d8c       0x21 CMakeFiles/ETH.dir/Core/Src/system_stm32h7xx.c.obj
 .debug_rnglists
                0x00000dad       0x13 CMakeFiles/ETH.dir/Core/Src/sysmem.c.obj
 .debug_rnglists
                0x00000dc0       0x19 CMakeFiles/ETH.dir/startup_stm32h750xx.s.obj
 .debug_rnglists
                0x00000dd9       0x19 C:/ST/STM32CubeCLT_1.17.0/GNU-tools-for-STM32/bin/../lib/gcc/arm-none-eabi/12.3.1/../../../../arm-none-eabi/lib/thumb/v7e-m+dp/hard\libg_nano.a(libc_a-malloc.o)
 .debug_rnglists
                0x00000df2       0x13 C:/ST/STM32CubeCLT_1.17.0/GNU-tools-for-STM32/bin/../lib/gcc/arm-none-eabi/12.3.1/../../../../arm-none-eabi/lib/thumb/v7e-m+dp/hard\libg_nano.a(libc_a-errno.o)

.debug_macro    0x00000000    0x38e10
 .debug_macro   0x00000000       0x78 CMakeFiles/ETH.dir/Core/Src/lan8742.c.obj
 .debug_macro   0x00000078      0xad2 CMakeFiles/ETH.dir/Core/Src/lan8742.c.obj
 .debug_macro   0x00000b4a       0x22 CMakeFiles/ETH.dir/Core/Src/lan8742.c.obj
 .debug_macro   0x00000b6c       0x8e CMakeFiles/ETH.dir/Core/Src/lan8742.c.obj
 .debug_macro   0x00000bfa       0x51 CMakeFiles/ETH.dir/Core/Src/lan8742.c.obj
 .debug_macro   0x00000c4b      0x103 CMakeFiles/ETH.dir/Core/Src/lan8742.c.obj
 .debug_macro   0x00000d4e       0x6a CMakeFiles/ETH.dir/Core/Src/lan8742.c.obj
 .debug_macro   0x00000db8      0x1df CMakeFiles/ETH.dir/Core/Src/lan8742.c.obj
 .debug_macro   0x00000f97      0x45e CMakeFiles/ETH.dir/Core/Src/lan8742.c.obj
 .debug_macro   0x000013f5      0x363 CMakeFiles/ETH.dir/Core/Src/main.c.obj
 .debug_macro   0x00001758      0x23e CMakeFiles/ETH.dir/Core/Src/main.c.obj
 .debug_macro   0x00001996       0x2e CMakeFiles/ETH.dir/Core/Src/main.c.obj
 .debug_macro   0x000019c4       0x3b CMakeFiles/ETH.dir/Core/Src/main.c.obj
 .debug_macro   0x000019ff       0x1c CMakeFiles/ETH.dir/Core/Src/main.c.obj
 .debug_macro   0x00001a1b       0x22 CMakeFiles/ETH.dir/Core/Src/main.c.obj
 .debug_macro   0x00001a3d       0xfb CMakeFiles/ETH.dir/Core/Src/main.c.obj
 .debug_macro   0x00001b38     0x1305 CMakeFiles/ETH.dir/Core/Src/main.c.obj
 .debug_macro   0x00002e3d      0x11f CMakeFiles/ETH.dir/Core/Src/main.c.obj
 .debug_macro   0x00002f5c       0x27 CMakeFiles/ETH.dir/Core/Src/main.c.obj
 .debug_macro   0x00002f83    0x26197 CMakeFiles/ETH.dir/Core/Src/main.c.obj
 .debug_macro   0x0002911a       0x6d CMakeFiles/ETH.dir/Core/Src/main.c.obj
 .debug_macro   0x00029187     0x3d79 CMakeFiles/ETH.dir/Core/Src/main.c.obj
 .debug_macro   0x0002cf00      0x189 CMakeFiles/ETH.dir/Core/Src/main.c.obj
 .debug_macro   0x0002d089       0x74 CMakeFiles/ETH.dir/Core/Src/main.c.obj
 .debug_macro   0x0002d0fd       0x29 CMakeFiles/ETH.dir/Core/Src/main.c.obj
 .debug_macro   0x0002d126       0x3c CMakeFiles/ETH.dir/Core/Src/main.c.obj
 .debug_macro   0x0002d162       0x34 CMakeFiles/ETH.dir/Core/Src/main.c.obj
 .debug_macro   0x0002d196       0x16 CMakeFiles/ETH.dir/Core/Src/main.c.obj
 .debug_macro   0x0002d1ac       0x43 CMakeFiles/ETH.dir/Core/Src/main.c.obj
 .debug_macro   0x0002d1ef       0x34 CMakeFiles/ETH.dir/Core/Src/main.c.obj
 .debug_macro   0x0002d223       0x10 CMakeFiles/ETH.dir/Core/Src/main.c.obj
 .debug_macro   0x0002d233       0x58 CMakeFiles/ETH.dir/Core/Src/main.c.obj
 .debug_macro   0x0002d28b      0x1de CMakeFiles/ETH.dir/Core/Src/main.c.obj
 .debug_macro   0x0002d469      0x369 CMakeFiles/ETH.dir/Core/Src/main.c.obj
 .debug_macro   0x0002d7d2      0x19b CMakeFiles/ETH.dir/Core/Src/main.c.obj
 .debug_macro   0x0002d96d       0x5d CMakeFiles/ETH.dir/Core/Src/main.c.obj
 .debug_macro   0x0002d9ca     0x240e CMakeFiles/ETH.dir/Core/Src/main.c.obj
 .debug_macro   0x0002fdd8     0x102c CMakeFiles/ETH.dir/Core/Src/main.c.obj
 .debug_macro   0x00030e04      0x154 CMakeFiles/ETH.dir/Core/Src/main.c.obj
 .debug_macro   0x00030f58      0x114 CMakeFiles/ETH.dir/Core/Src/main.c.obj
 .debug_macro   0x0003106c      0x3b6 CMakeFiles/ETH.dir/Core/Src/main.c.obj
 .debug_macro   0x00031422       0xac CMakeFiles/ETH.dir/Core/Src/main.c.obj
 .debug_macro   0x000314ce      0x72d CMakeFiles/ETH.dir/Core/Src/main.c.obj
 .debug_macro   0x00031bfb      0x228 CMakeFiles/ETH.dir/Core/Src/main.c.obj
 .debug_macro   0x00031e23       0x66 CMakeFiles/ETH.dir/Core/Src/main.c.obj
 .debug_macro   0x00031e89      0x3bb CMakeFiles/ETH.dir/Core/Src/main.c.obj
 .debug_macro   0x00032244      0xa80 CMakeFiles/ETH.dir/Core/Src/main.c.obj
 .debug_macro   0x00032cc4      0x129 CMakeFiles/ETH.dir/Core/Src/main.c.obj
 .debug_macro   0x00032ded      0x3e4 CMakeFiles/ETH.dir/Core/Src/main.c.obj
 .debug_macro   0x000331d1      0x275 CMakeFiles/ETH.dir/Core/Src/main.c.obj
 .debug_macro   0x00033446      0x3ca CMakeFiles/ETH.dir/Core/Src/main.c.obj
 .debug_macro   0x00033810      0x3de CMakeFiles/ETH.dir/Core/Src/main.c.obj
 .debug_macro   0x00033bee       0x3c CMakeFiles/ETH.dir/Core/Src/main.c.obj
 .debug_macro   0x00033c2a       0x4a CMakeFiles/ETH.dir/Core/Src/main.c.obj
 .debug_macro   0x00033c74      0x22c CMakeFiles/ETH.dir/Core/Src/main.c.obj
 .debug_macro   0x00033ea0       0x67 CMakeFiles/ETH.dir/Core/Src/main.c.obj
 .debug_macro   0x00033f07       0xa5 CMakeFiles/ETH.dir/Core/Src/main.c.obj
 .debug_macro   0x00033fac      0x1c4 CMakeFiles/ETH.dir/Core/Src/main.c.obj
 .debug_macro   0x00034170      0x25e CMakeFiles/ETH.dir/Core/Src/main.c.obj
 .debug_macro   0x000343ce       0x35 CMakeFiles/ETH.dir/Core/Src/main.c.obj
 .debug_macro   0x00034403      0x5e4 CMakeFiles/ETH.dir/Core/Src/main.c.obj
 .debug_macro   0x000349e7       0xc1 CMakeFiles/ETH.dir/Core/Src/main.c.obj
 .debug_macro   0x00034aa8      0x693 CMakeFiles/ETH.dir/Core/Src/main.c.obj
 .debug_macro   0x0003513b       0xa6 CMakeFiles/ETH.dir/Core/Src/main.c.obj
 .debug_macro   0x000351e1      0x5ac CMakeFiles/ETH.dir/Core/Src/main.c.obj
 .debug_macro   0x0003578d       0x10 CMakeFiles/ETH.dir/Core/Src/main.c.obj
 .debug_macro   0x0003579d       0x16 CMakeFiles/ETH.dir/Core/Src/main.c.obj
 .debug_macro   0x000357b3       0x35 CMakeFiles/ETH.dir/Core/Src/main.c.obj
 .debug_macro   0x000357e8       0x20 CMakeFiles/ETH.dir/Core/Src/main.c.obj
 .debug_macro   0x00035808      0x464 CMakeFiles/ETH.dir/Core/Src/main.c.obj
 .debug_macro   0x00035c6c       0x16 CMakeFiles/ETH.dir/Core/Src/main.c.obj
 .debug_macro   0x00035c82       0x16 CMakeFiles/ETH.dir/Core/Src/main.c.obj
 .debug_macro   0x00035c98       0x29 CMakeFiles/ETH.dir/Core/Src/main.c.obj
 .debug_macro   0x00035cc1       0x1c CMakeFiles/ETH.dir/Core/Src/main.c.obj
 .debug_macro   0x00035cdd       0x10 CMakeFiles/ETH.dir/Core/Src/main.c.obj
 .debug_macro   0x00035ced       0x1c CMakeFiles/ETH.dir/Core/Src/main.c.obj
 .debug_macro   0x00035d09       0x16 CMakeFiles/ETH.dir/Core/Src/main.c.obj
 .debug_macro   0x00035d1f      0x170 CMakeFiles/ETH.dir/Core/Src/main.c.obj
 .debug_macro   0x00035e8f      0x2cc CMakeFiles/ETH.dir/Core/Src/stm32h7xx_it.c.obj
 .debug_macro   0x0003615b      0x2c2 CMakeFiles/ETH.dir/Core/Src/stm32h7xx_hal_msp.c.obj
 .debug_macro   0x0003641d      0x2b3 CMakeFiles/ETH.dir/Drivers/STM32H7xx_HAL_Driver/Src/stm32h7xx_hal_cortex.c.obj
 .debug_macro   0x000366d0      0x2d7 CMakeFiles/ETH.dir/Drivers/STM32H7xx_HAL_Driver/Src/stm32h7xx_hal_rcc.c.obj
 .debug_macro   0x000369a7      0x2d1 CMakeFiles/ETH.dir/Drivers/STM32H7xx_HAL_Driver/Src/stm32h7xx_hal_rcc_ex.c.obj
 .debug_macro   0x00036c78      0x2ba CMakeFiles/ETH.dir/Drivers/STM32H7xx_HAL_Driver/Src/stm32h7xx_hal_gpio.c.obj
 .debug_macro   0x00036f32      0x2ec CMakeFiles/ETH.dir/Drivers/STM32H7xx_HAL_Driver/Src/stm32h7xx_hal_pwr_ex.c.obj
 .debug_macro   0x0003721e      0x2dd CMakeFiles/ETH.dir/Drivers/STM32H7xx_HAL_Driver/Src/stm32h7xx_hal.c.obj
 .debug_macro   0x000374fb      0x37f CMakeFiles/ETH.dir/Drivers/STM32H7xx_HAL_Driver/Src/stm32h7xx_hal_i2c.c.obj
 .debug_macro   0x0003787a      0x2b3 CMakeFiles/ETH.dir/Drivers/STM32H7xx_HAL_Driver/Src/stm32h7xx_hal_i2c_ex.c.obj
 .debug_macro   0x00037b2d      0x347 CMakeFiles/ETH.dir/Drivers/STM32H7xx_HAL_Driver/Src/stm32h7xx_hal_eth.c.obj
 .debug_macro   0x00037e74      0x2bb CMakeFiles/ETH.dir/Drivers/STM32H7xx_HAL_Driver/Src/stm32h7xx_hal_spi.c.obj
 .debug_macro   0x0003812f      0x2de CMakeFiles/ETH.dir/Drivers/STM32H7xx_HAL_Driver/Src/stm32h7xx_hal_uart.c.obj
 .debug_macro   0x0003840d      0x2bf CMakeFiles/ETH.dir/Drivers/STM32H7xx_HAL_Driver/Src/stm32h7xx_hal_uart_ex.c.obj
 .debug_macro   0x000386cc      0x2b3 CMakeFiles/ETH.dir/Core/Src/system_stm32h7xx.c.obj
 .debug_macro   0x0003897f       0xec CMakeFiles/ETH.dir/Core/Src/sysmem.c.obj
 .debug_macro   0x00038a6b       0x10 CMakeFiles/ETH.dir/Core/Src/sysmem.c.obj
 .debug_macro   0x00038a7b       0x6e CMakeFiles/ETH.dir/Core/Src/sysmem.c.obj
 .debug_macro   0x00038ae9       0x94 CMakeFiles/ETH.dir/Core/Src/sysmem.c.obj
 .debug_macro   0x00038b7d       0x57 CMakeFiles/ETH.dir/Core/Src/sysmem.c.obj
 .debug_macro   0x00038bd4      0x23c CMakeFiles/ETH.dir/Core/Src/sysmem.c.obj

.debug_line     0x00000000    0x168a7
 .debug_line    0x00000000      0x6a9 CMakeFiles/ETH.dir/Core/Src/lan8742.c.obj
 .debug_line    0x000006a9      0xc6a CMakeFiles/ETH.dir/Core/Src/main.c.obj
 .debug_line    0x00001313      0x826 CMakeFiles/ETH.dir/Core/Src/stm32h7xx_it.c.obj
 .debug_line    0x00001b39      0x92d CMakeFiles/ETH.dir/Core/Src/stm32h7xx_hal_msp.c.obj
 .debug_line    0x00002466      0xd43 CMakeFiles/ETH.dir/Drivers/STM32H7xx_HAL_Driver/Src/stm32h7xx_hal_cortex.c.obj
 .debug_line    0x000031a9     0x12e4 CMakeFiles/ETH.dir/Drivers/STM32H7xx_HAL_Driver/Src/stm32h7xx_hal_rcc.c.obj
 .debug_line    0x0000448d     0x1c80 CMakeFiles/ETH.dir/Drivers/STM32H7xx_HAL_Driver/Src/stm32h7xx_hal_rcc_ex.c.obj
 .debug_line    0x0000610d      0xbec CMakeFiles/ETH.dir/Drivers/STM32H7xx_HAL_Driver/Src/stm32h7xx_hal_gpio.c.obj
 .debug_line    0x00006cf9      0xe37 CMakeFiles/ETH.dir/Drivers/STM32H7xx_HAL_Driver/Src/stm32h7xx_hal_pwr_ex.c.obj
 .debug_line    0x00007b30      0xd14 CMakeFiles/ETH.dir/Drivers/STM32H7xx_HAL_Driver/Src/stm32h7xx_hal.c.obj
 .debug_line    0x00008844     0x3dbb CMakeFiles/ETH.dir/Drivers/STM32H7xx_HAL_Driver/Src/stm32h7xx_hal_i2c.c.obj
 .debug_line    0x0000c5ff      0x981 CMakeFiles/ETH.dir/Drivers/STM32H7xx_HAL_Driver/Src/stm32h7xx_hal_i2c_ex.c.obj
 .debug_line    0x0000cf80     0x1ac5 CMakeFiles/ETH.dir/Drivers/STM32H7xx_HAL_Driver/Src/stm32h7xx_hal_eth.c.obj
 .debug_line    0x0000ea45     0x2247 CMakeFiles/ETH.dir/Drivers/STM32H7xx_HAL_Driver/Src/stm32h7xx_hal_spi.c.obj
 .debug_line    0x00010c8c     0x3de1 CMakeFiles/ETH.dir/Drivers/STM32H7xx_HAL_Driver/Src/stm32h7xx_hal_uart.c.obj
 .debug_line    0x00014a6d      0xdb2 CMakeFiles/ETH.dir/Drivers/STM32H7xx_HAL_Driver/Src/stm32h7xx_hal_uart_ex.c.obj
 .debug_line    0x0001581f      0x960 CMakeFiles/ETH.dir/Core/Src/system_stm32h7xx.c.obj
 .debug_line    0x0001617f      0x327 CMakeFiles/ETH.dir/Core/Src/sysmem.c.obj
 .debug_line    0x000164a6       0x7b CMakeFiles/ETH.dir/startup_stm32h750xx.s.obj
 .debug_line    0x00016521      0x201 C:/ST/STM32CubeCLT_1.17.0/GNU-tools-for-STM32/bin/../lib/gcc/arm-none-eabi/12.3.1/../../../../arm-none-eabi/lib/thumb/v7e-m+dp/hard\libg_nano.a(libc_a-malloc.o)
 .debug_line    0x00016722      0x185 C:/ST/STM32CubeCLT_1.17.0/GNU-tools-for-STM32/bin/../lib/gcc/arm-none-eabi/12.3.1/../../../../arm-none-eabi/lib/thumb/v7e-m+dp/hard\libg_nano.a(libc_a-errno.o)

.debug_str      0x00000000   0x166645
 .debug_str     0x00000000     0x5aa6 CMakeFiles/ETH.dir/Core/Src/lan8742.c.obj
                               0x5c60 (size before relaxing)
 .debug_str     0x00005aa6   0x15ad22 CMakeFiles/ETH.dir/Core/Src/main.c.obj
                             0x160d67 (size before relaxing)
 .debug_str     0x001607c8       0xd3 CMakeFiles/ETH.dir/Core/Src/stm32h7xx_it.c.obj
                             0x15c3e4 (size before relaxing)
 .debug_str     0x0016089b       0xe0 CMakeFiles/ETH.dir/Core/Src/stm32h7xx_hal_msp.c.obj
                             0x15dd99 (size before relaxing)
 .debug_str     0x0016097b      0xbfc CMakeFiles/ETH.dir/Drivers/STM32H7xx_HAL_Driver/Src/stm32h7xx_hal_cortex.c.obj
                             0x15d1e6 (size before relaxing)
 .debug_str     0x00161577      0x41f CMakeFiles/ETH.dir/Drivers/STM32H7xx_HAL_Driver/Src/stm32h7xx_hal_rcc.c.obj
                             0x15cc21 (size before relaxing)
 .debug_str     0x00161996      0x6fe CMakeFiles/ETH.dir/Drivers/STM32H7xx_HAL_Driver/Src/stm32h7xx_hal_rcc_ex.c.obj
                             0x15d102 (size before relaxing)
 .debug_str     0x00162094      0x108 CMakeFiles/ETH.dir/Drivers/STM32H7xx_HAL_Driver/Src/stm32h7xx_hal_gpio.c.obj
                             0x15c83d (size before relaxing)
 .debug_str     0x0016219c      0x645 CMakeFiles/ETH.dir/Drivers/STM32H7xx_HAL_Driver/Src/stm32h7xx_hal_pwr_ex.c.obj
                             0x15ccfe (size before relaxing)
 .debug_str     0x001627e1      0x704 CMakeFiles/ETH.dir/Drivers/STM32H7xx_HAL_Driver/Src/stm32h7xx_hal.c.obj
                             0x15d7ab (size before relaxing)
 .debug_str     0x00162ee5      0xe50 CMakeFiles/ETH.dir/Drivers/STM32H7xx_HAL_Driver/Src/stm32h7xx_hal_i2c.c.obj
                             0x15d8de (size before relaxing)
 .debug_str     0x00163d35       0xc2 CMakeFiles/ETH.dir/Drivers/STM32H7xx_HAL_Driver/Src/stm32h7xx_hal_i2c_ex.c.obj
                             0x15cc82 (size before relaxing)
 .debug_str     0x00163df7      0xc89 CMakeFiles/ETH.dir/Drivers/STM32H7xx_HAL_Driver/Src/stm32h7xx_hal_eth.c.obj
                             0x15e126 (size before relaxing)
 .debug_str     0x00164a80      0x536 CMakeFiles/ETH.dir/Drivers/STM32H7xx_HAL_Driver/Src/stm32h7xx_hal_spi.c.obj
                             0x15cf45 (size before relaxing)
 .debug_str     0x00164fb6      0x9e0 CMakeFiles/ETH.dir/Drivers/STM32H7xx_HAL_Driver/Src/stm32h7xx_hal_uart.c.obj
                             0x15d762 (size before relaxing)
 .debug_str     0x00165996      0x26b CMakeFiles/ETH.dir/Drivers/STM32H7xx_HAL_Driver/Src/stm32h7xx_hal_uart_ex.c.obj
                             0x15cd22 (size before relaxing)
 .debug_str     0x00165c01       0x57 CMakeFiles/ETH.dir/Core/Src/system_stm32h7xx.c.obj
                             0x15c8c5 (size before relaxing)
 .debug_str     0x00165c58      0x4e6 CMakeFiles/ETH.dir/Core/Src/sysmem.c.obj
                               0x5b2a (size before relaxing)
 .debug_str     0x0016613e       0x3f CMakeFiles/ETH.dir/startup_stm32h750xx.s.obj
                                 0x58 (size before relaxing)
 .debug_str     0x0016617d      0x470 C:/ST/STM32CubeCLT_1.17.0/GNU-tools-for-STM32/bin/../lib/gcc/arm-none-eabi/12.3.1/../../../../arm-none-eabi/lib/thumb/v7e-m+dp/hard\libg_nano.a(libc_a-malloc.o)
                                0x559 (size before relaxing)
 .debug_str     0x001665ed       0x58 C:/ST/STM32CubeCLT_1.17.0/GNU-tools-for-STM32/bin/../lib/gcc/arm-none-eabi/12.3.1/../../../../arm-none-eabi/lib/thumb/v7e-m+dp/hard\libg_nano.a(libc_a-errno.o)
                                0x52e (size before relaxing)

.comment        0x00000000       0x43
 .comment       0x00000000       0x43 CMakeFiles/ETH.dir/Core/Src/lan8742.c.obj
                                 0x44 (size before relaxing)
 .comment       0x00000043       0x44 CMakeFiles/ETH.dir/Core/Src/main.c.obj
 .comment       0x00000043       0x44 CMakeFiles/ETH.dir/Core/Src/stm32h7xx_it.c.obj
 .comment       0x00000043       0x44 CMakeFiles/ETH.dir/Core/Src/stm32h7xx_hal_msp.c.obj
 .comment       0x00000043       0x44 CMakeFiles/ETH.dir/Drivers/STM32H7xx_HAL_Driver/Src/stm32h7xx_hal_cortex.c.obj
 .comment       0x00000043       0x44 CMakeFiles/ETH.dir/Drivers/STM32H7xx_HAL_Driver/Src/stm32h7xx_hal_rcc.c.obj
 .comment       0x00000043       0x44 CMakeFiles/ETH.dir/Drivers/STM32H7xx_HAL_Driver/Src/stm32h7xx_hal_rcc_ex.c.obj
 .comment       0x00000043       0x44 CMakeFiles/ETH.dir/Drivers/STM32H7xx_HAL_Driver/Src/stm32h7xx_hal_gpio.c.obj
 .comment       0x00000043       0x44 CMakeFiles/ETH.dir/Drivers/STM32H7xx_HAL_Driver/Src/stm32h7xx_hal_pwr_ex.c.obj
 .comment       0x00000043       0x44 CMakeFiles/ETH.dir/Drivers/STM32H7xx_HAL_Driver/Src/stm32h7xx_hal.c.obj
 .comment       0x00000043       0x44 CMakeFiles/ETH.dir/Drivers/STM32H7xx_HAL_Driver/Src/stm32h7xx_hal_i2c.c.obj
 .comment       0x00000043       0x44 CMakeFiles/ETH.dir/Drivers/STM32H7xx_HAL_Driver/Src/stm32h7xx_hal_i2c_ex.c.obj
 .comment       0x00000043       0x44 CMakeFiles/ETH.dir/Drivers/STM32H7xx_HAL_Driver/Src/stm32h7xx_hal_eth.c.obj
 .comment       0x00000043       0x44 CMakeFiles/ETH.dir/Drivers/STM32H7xx_HAL_Driver/Src/stm32h7xx_hal_spi.c.obj
 .comment       0x00000043       0x44 CMakeFiles/ETH.dir/Drivers/STM32H7xx_HAL_Driver/Src/stm32h7xx_hal_uart.c.obj
 .comment       0x00000043       0x44 CMakeFiles/ETH.dir/Drivers/STM32H7xx_HAL_Driver/Src/stm32h7xx_hal_uart_ex.c.obj
 .comment       0x00000043       0x44 CMakeFiles/ETH.dir/Core/Src/system_stm32h7xx.c.obj
 .comment       0x00000043       0x44 CMakeFiles/ETH.dir/Core/Src/sysmem.c.obj
 .comment       0x00000043       0x44 C:/ST/STM32CubeCLT_1.17.0/GNU-tools-for-STM32/bin/../lib/gcc/arm-none-eabi/12.3.1/../../../../arm-none-eabi/lib/thumb/v7e-m+dp/hard\libg_nano.a(libc_a-malloc.o)
 .comment       0x00000043       0x44 C:/ST/STM32CubeCLT_1.17.0/GNU-tools-for-STM32/bin/../lib/gcc/arm-none-eabi/12.3.1/../../../../arm-none-eabi/lib/thumb/v7e-m+dp/hard\libg_nano.a(libc_a-errno.o)

.debug_line_str
                0x00000000       0x3c
 .debug_line_str
                0x00000000       0x3c CMakeFiles/ETH.dir/startup_stm32h750xx.s.obj

.debug_loclists
                0x00000000       0x48
 .debug_loclists
                0x00000000       0x48 C:/ST/STM32CubeCLT_1.17.0/GNU-tools-for-STM32/bin/../lib/gcc/arm-none-eabi/12.3.1/../../../../arm-none-eabi/lib/thumb/v7e-m+dp/hard\libg_nano.a(libc_a-malloc.o)
